Product: MDK-ARM Professional 5.10
Component: ARM Compiler 5.04 update 1 (build 49)
Tool: armlink [5040049]

==============================================================================

Section Cross References

    main.o(.text) refers to tool.o(.text) for Tool_LoopSub
    main.o(.text) refers to module.o(.text) for Module_Process
    main.o(.text) refers to sys.o(.text) for MSG_Receive
    main.o(.text) refers to os_time.o(.text) for OSTimeDly
    main.o(.text) refers to os_core.o(.text) for OSStatInit
    main.o(.text) refers to os_cpu_a.o(.text) for OS_CPU_SR_Save
    main.o(.text) refers to os_task.o(.text) for OSTaskCreate
    main.o(.text) refers to os_core.o(.data) for OSTime
    main.o(.text) refers to main.o(.bss) for TaskOne_Stk
    system_stm32f10x.o(.text) refers to system_stm32f10x.o(.data) for SystemCoreClock
    tool.o(.text) refers to toupper.o(.text) for toupper
    module.o(.text) refers to module.o(.data) for s_modules
    module.o(.data) refers to iwdg_module.o(.text) for IWDG_ModuleInit
    module.o(.data) refers to usart_module.o(.text) for Usart_ModuleInit
    module.o(.data) refers to led_module.o(.text) for LED_ModuleInit
    module.o(.data) refers to usart_loop_module.o(.text) for UsartLoop_ModuleInit
    module.o(.data) refers to input_module.o(.text) for Input_ModuleInit
    module.o(.data) refers to msg_test_module.o(.text) for MsgTest_ModuleInit
    iwdg_module.o(.text) refers to stm32f10x_iwdg.o(.text) for IWDG_WriteAccessCmd
    led_module.o(.text) refers to led.o(.text) for LED_Init
    led_module.o(.text) refers to led_module.o(.data) for s_state
    usart_loop_module.o(.text) refers to usart_module.o(.text) for Usart_ModuleGetData
    usart_loop_module.o(.text) refers to sys.o(.text) for MSG_Send
    usart_loop_module.o(.text) refers to usart_loop_module.o(.data) for usartLen
    usart_loop_module.o(.text) refers to usart_loop_module.o(.bss) for usartBuf
    at_module.o(.text) refers to usart_module.o(.text) for Usart_ModuleGetData
    at_module.o(.text) refers to at_port.o(.text) for at_recvTask
    usart_module.o(.text) refers to usart.o(.text) for Usart_Init
    usart_module.o(.text) refers to usart_module.o(.bss) for USART1_BUF
    input_module.o(.text) refers to input.o(.text) for input_Init
    input_module.o(.text) refers to tool.o(.text) for Tool_GetBitFor
    input_module.o(.text) refers to led_module.o(.text) for LED_ModuleOnOff
    input_module.o(.text) refers to input_module.o(.constdata) for INPUT_RANGE
    input_module.o(.text) refers to input_module.o(.bss) for Inputs
    msg_test_module.o(.text) refers to _printf_percent.o(.ARM.Collect$$_printf_percent$$00000000) for _printf_percent
    msg_test_module.o(.text) refers to _printf_d.o(.ARM.Collect$$_printf_percent$$00000009) for _printf_d
    msg_test_module.o(.text) refers to _printf_dec.o(.text) for _printf_int_dec
    msg_test_module.o(.text) refers to sys.o(.text) for MSG_Send
    msg_test_module.o(.text) refers to noretval__2sprintf.o(.text) for __2sprintf
    msg_test_module.o(.text) refers to strlen.o(.text) for strlen
    msg_test_module.o(.text) refers to usart_module.o(.text) for Usart_ModuleSetData
    msg_test_module.o(.text) refers to os_q.o(.text) for OSQQuery
    msg_test_module.o(.text) refers to os_mem.o(.text) for OSMemQuery
    msg_test_module.o(.text) refers to msg_test_module.o(.data) for s_period
    msg_test_module.o(.text) refers to os_core.o(.data) for OSTime
    msg_test_module.o(.text) refers to sys.o(.bss) for QMessage
    msg_test_module.o(.text) refers to sys.o(.data) for Mem
    gui_module.o(.text) refers to guicore.o(.text) for GUI_Init
    gui_module.o(.text) refers to ili93xx.o(.text) for LCD_Init_ILI93
    gui_module.o(.text) refers to gui_setcolor.o(.text) for GUI_SetBkColor
    gui_module.o(.text) refers to gui_exec.o(.text) for GUI_Exec
    led.o(.text) refers to stm32f10x_rcc.o(.text) for RCC_APB2PeriphClockCmd
    led.o(.text) refers to stm32f10x_gpio.o(.text) for GPIO_PinRemapConfig
    input.o(.text) refers to stm32f10x_rcc.o(.text) for RCC_APB2PeriphClockCmd
    input.o(.text) refers to stm32f10x_gpio.o(.text) for GPIO_Init
    input.o(.text) refers to input.o(.constdata) for INPUT_PIN
    input.o(.text) refers to input.o(.data) for INPUT_GPIO
    ili93xx.o(.text) refers to delay.o(.text) for Delay_Us
    ili93xx.o(.text) refers to ili93xx.o(.bss) for lcddev
    ili93xx.o(.text) refers to stm32f10x_rcc.o(.text) for RCC_AHBPeriphClockCmd
    ili93xx.o(.text) refers to stm32f10x_gpio.o(.text) for GPIO_Init
    ili93xx.o(.text) refers to stm32f10x_fsmc.o(.text) for FSMC_NORSRAMInit
    ili93xx.o(.text) refers to ili93xx.o(.data) for POINT_COLOR
    ili93xx.o(.text) refers to ili93xx.o(.constdata) for asc2_1206
    touch.o(.text) refers to delay.o(.text) for Delay_Us
    touch.o(.text) refers to fflt_clz.o(x$fpl$fflt) for __aeabi_i2f
[...]
    ..\..\UCGUI\Widget\LISTVIEW_GetNumColumns.c 0x00000000   Number         0  listview_getnumcolumns.o ABSOLUTE
    ..\..\UCGUI\Widget\LISTVIEW_GetNumRows.c 0x00000000   Number         0  listview_getnumrows.o ABSOLUTE
    ..\..\UCGUI\Widget\LISTVIEW_GetSel.c     0x00000000   Number         0  listview_getsel.o ABSOLUTE
    ..\..\UCGUI\Widget\LISTVIEW_GetTextColor.c 0x00000000   Number         0  listview_gettextcolor.o ABSOLUTE
    ..\..\UCGUI\Widget\LISTVIEW_SetBkColor.c 0x00000000   Number         0  listview_setbkcolor.o ABSOLUTE
    ..\..\UCGUI\Widget\LISTVIEW_SetColumnWidth.c 0x00000000   Number         0  listview_setcolumnwidth.o ABSOLUTE
    ..\..\UCGUI\Widget\LISTVIEW_SetFont.c    0x00000000   Number         0  listview_setfont.o ABSOLUTE
    ..\..\UCGUI\Widget\LISTVIEW_SetGridVis.c 0x00000000   Number         0  listview_setgridvis.o ABSOLUTE
    ..\..\UCGUI\Widget\LISTVIEW_SetItemColor.c 0x00000000   Number         0  listview_setitemcolor.o ABSOLUTE
    ..\..\UCGUI\Widget\LISTVIEW_SetItemText.c 0x00000000   Number         0  listview_setitemtext.o ABSOLUTE
    ..\..\UCGUI\Widget\LISTVIEW_SetLBorder.c 0x00000000   Number         0  listview_setlborder.o ABSOLUTE
    ..\..\UCGUI\Widget\LISTVIEW_SetRBorder.c 0x00000000   Number         0  listview_setrborder.o ABSOLUTE
    ..\..\UCGUI\Widget\LISTVIEW_SetRowHeight.c 0x00000000   Number         0  listview_setrowheight.o ABSOLUTE
    ..\..\UCGUI\Widget\LISTVIEW_SetSel.c     0x00000000   Number         0  listview_setsel.o ABSOLUTE
    ..\..\UCGUI\Widget\LISTVIEW_SetTextAlign.c 0x00000000   Number         0  listview_settextalign.o ABSOLUTE
    ..\..\UCGUI\Widget\LISTVIEW_SetTextColor.c 0x00000000   Number         0  listview_settextcolor.o ABSOLUTE
    ..\..\UCGUI\Widget\MENU.c                0x00000000   Number         0  menu.o ABSOLUTE
    ..\..\UCGUI\Widget\MENU_Attach.c         0x00000000   Number         0  menu_attach.o ABSOLUTE
    ..\..\UCGUI\Widget\MENU_CreateIndirect.c 0x00000000   Number         0  menu_createindirect.o ABSOLUTE
    ..\..\UCGUI\Widget\MENU_Default.c        0x00000000   Number         0  menu_default.o ABSOLUTE
    ..\..\UCGUI\Widget\MENU_DeleteItem.c     0x00000000   Number         0  menu_deleteitem.o ABSOLUTE
    ..\..\UCGUI\Widget\MENU_DisableItem.c    0x00000000   Number         0  menu_disableitem.o ABSOLUTE
    ..\..\UCGUI\Widget\MENU_EnableItem.c     0x00000000   Number         0  menu_enableitem.o ABSOLUTE
    ..\..\UCGUI\Widget\MENU_GetItem.c        0x00000000   Number         0  menu_getitem.o ABSOLUTE
    ..\..\UCGUI\Widget\MENU_GetItemText.c    0x00000000   Number         0  menu_getitemtext.o ABSOLUTE
    ..\..\UCGUI\Widget\MENU_GetNumItems.c    0x00000000   Number         0  menu_getnumitems.o ABSOLUTE
    ..\..\UCGUI\Widget\MENU_InsertItem.c     0x00000000   Number         0  menu_insertitem.o ABSOLUTE
    ..\..\UCGUI\Widget\MENU_Popup.c          0x00000000   Number         0  menu_popup.o ABSOLUTE
    ..\..\UCGUI\Widget\MENU_SetBkColor.c     0x00000000   Number         0  menu_setbkcolor.o ABSOLUTE
    ..\..\UCGUI\Widget\MENU_SetBorderSize.c  0x00000000   Number         0  menu_setbordersize.o ABSOLUTE
    ..\..\UCGUI\Widget\MENU_SetFont.c        0x00000000   Number         0  menu_setfont.o ABSOLUTE
    ..\..\UCGUI\Widget\MENU_SetItem.c        0x00000000   Number         0  menu_setitem.o ABSOLUTE
    ..\..\UCGUI\Widget\MENU_SetTextColor.c   0x00000000   Number         0  menu_settextcolor.o ABSOLUTE
    ..\..\UCGUI\Widget\MENU__FindItem.c      0x00000000   Number         0  menu__finditem.o ABSOLUTE
    ..\..\UCGUI\Widget\MESSAGEBOX.c          0x00000000   Number         0  messagebox.o ABSOLUTE
    ..\..\UCGUI\Widget\MULTIEDIT.c           0x00000000   Number         0  multiedit.o ABSOLUTE
    ..\..\UCGUI\Widget\MULTIEDIT_Create.c    0x00000000   Number         0  multiedit_create.o ABSOLUTE
    ..\..\UCGUI\Widget\MULTIEDIT_CreateIndirect.c 0x00000000   Number         0  multiedit_createindirect.o ABSOLUTE
    ..\..\UCGUI\Widget\MULTIPAGE.c           0x00000000   Number         0  multipage.o ABSOLUTE
    ..\..\UCGUI\Widget\MULTIPAGE_Create.c    0x00000000   Number         0  multipage_create.o ABSOLUTE
    ..\..\UCGUI\Widget\MULTIPAGE_CreateIndirect.c 0x00000000   Number         0  multipage_createindirect.o ABSOLUTE
    ..\..\UCGUI\Widget\MULTIPAGE_Default.c   0x00000000   Number         0  multipage_default.o ABSOLUTE
    ..\..\UCGUI\Widget\PROGBAR.c             0x00000000   Number         0  progbar.o ABSOLUTE
    ..\..\UCGUI\Widget\PROGBAR_Create.c      0x00000000   Number         0  progbar_create.o ABSOLUTE
    ..\..\UCGUI\Widget\PROGBAR_CreateIndirect.c 0x00000000   Number         0  progbar_createindirect.o ABSOLUTE
    ..\..\UCGUI\Widget\RADIO.c               0x00000000   Number         0  radio.o ABSOLUTE
    ..\..\UCGUI\Widget\RADIO_Create.c        0x00000000   Number         0  radio_create.o ABSOLUTE
    ..\..\UCGUI\Widget\RADIO_CreateIndirect.c 0x00000000   Number         0  radio_createindirect.o ABSOLUTE
    ..\..\UCGUI\Widget\RADIO_Default.c       0x00000000   Number         0  radio_default.o ABSOLUTE
    ..\..\UCGUI\Widget\RADIO_Image.c         0x00000000   Number         0  radio_image.o ABSOLUTE
    ..\..\UCGUI\Widget\RADIO_SetBkColor.c    0x00000000   Number         0  radio_setbkcolor.o ABSOLUTE
    ..\..\UCGUI\Widget\RADIO_SetDefaultImage.c 0x00000000   Number         0  radio_setdefaultimage.o ABSOLUTE
    ..\..\UCGUI\Widget\RADIO_SetFont.c       0x00000000   Number         0  radio_setfont.o ABSOLUTE
    ..\..\UCGUI\Widget\RADIO_SetGroupId.c    0x00000000   Number         0  radio_setgroupid.o ABSOLUTE
    ..\..\UCGUI\Widget\RADIO_SetImage.c      0x00000000   Number         0  radio_setimage.o ABSOLUTE
    ..\..\UCGUI\Widget\RADIO_SetText.c       0x00000000   Number         0  radio_settext.o ABSOLUTE
    ..\..\UCGUI\Widget\RADIO_SetTextColor.c  0x00000000   Number         0  radio_settextcolor.o ABSOLUTE
    ..\..\UCGUI\Widget\SCROLLBAR.c           0x00000000   Number         0  scrollbar.o ABSOLUTE
    ..\..\UCGUI\Widget\SCROLLBAR_Create.c    0x00000000   Number         0  scrollbar_create.o ABSOLUTE
    ..\..\UCGUI\Widget\SCROLLBAR_CreateIndirect.c 0x00000000   Number         0  scrollbar_createindirect.o ABSOLUTE
    ..\..\UCGUI\Widget\SCROLLBAR_Defaults.c  0x00000000   Number         0  scrollbar_defaults.o ABSOLUTE
    ..\..\UCGUI\Widget\SCROLLBAR_GetValue.c  0x00000000   Number         0  scrollbar_getvalue.o ABSOLUTE
    ..\..\UCGUI\Widget\SCROLLBAR_SetWidth.c  0x00000000   Number         0  scrollbar_setwidth.o ABSOLUTE
    ..\..\UCGUI\Widget\SLIDER.c              0x00000000   Number         0  slider.o ABSOLUTE
    ..\..\UCGUI\Widget\SLIDER_Create.c       0x00000000   Number         0  slider_create.o ABSOLUTE
    ..\..\UCGUI\Widget\SLIDER_CreateIndirect.c 0x00000000   Number         0  slider_createindirect.o ABSOLUTE
    ..\..\UCGUI\Widget\TEXT.c                0x00000000   Number         0  text.o ABSOLUTE
    ..\..\UCGUI\Widget\TEXT_Create.c         0x00000000   Number         0  text_create.o ABSOLUTE
    ..\..\UCGUI\Widget\TEXT_CreateIndirect.c 0x00000000   Number         0  text_createindirect.o ABSOLUTE
    ..\..\UCGUI\Widget\TEXT_SetBkColor.c     0x00000000   Number         0  text_setbkcolor.o ABSOLUTE
    ..\..\UCGUI\Widget\TEXT_SetFont.c        0x00000000   Number         0  text_setfont.o ABSOLUTE
    ..\..\UCGUI\Widget\TEXT_SetText.c        0x00000000   Number         0  text_settext.o ABSOLUTE
    ..\..\UCGUI\Widget\TEXT_SetTextAlign.c   0x00000000   Number         0  text_settextalign.o ABSOLUTE
    ..\..\UCGUI\Widget\TEXT_SetTextColor.c   0x00000000   Number         0  text_settextcolor.o ABSOLUTE
    ..\..\UCGUI\Widget\WIDGET.c              0x00000000   Number         0  widget.o ABSOLUTE
    ..\..\UCGUI\Widget\WIDGET_Effect_3D.c    0x00000000   Number         0  widget_effect_3d.o ABSOLUTE
    ..\..\UCGUI\Widget\WIDGET_Effect_3D1L.c  0x00000000   Number         0  widget_effect_3d1l.o ABSOLUTE
    ..\..\UCGUI\Widget\WIDGET_Effect_3D2L.c  0x00000000   Number         0  widget_effect_3d2l.o ABSOLUTE
    ..\..\UCGUI\Widget\WIDGET_Effect_None.c  0x00000000   Number         0  widget_effect_none.o ABSOLUTE
    ..\..\UCGUI\Widget\WIDGET_Effect_Simple.c 0x00000000   Number         0  widget_effect_simple.o ABSOLUTE
    ..\..\UCGUI\Widget\WIDGET_FillStringInRect.c 0x00000000   Number         0  widget_fillstringinrect.o ABSOLUTE
    ..\..\UCGUI\Widget\WIDGET_SetEffect.c    0x00000000   Number         0  widget_seteffect.o ABSOLUTE
    ..\..\UCGUI\Widget\WIDGET_SetWidth.c     0x00000000   Number         0  widget_setwidth.o ABSOLUTE
    ..\..\UCGUI\Widget\WINDOW.c              0x00000000   Number         0  window.o ABSOLUTE
    ..\..\UCGUI\Widget\WINDOW_Default.c      0x00000000   Number         0  window_default.o ABSOLUTE
    ..\..\UCOSII\CORE\OS_CORE.C              0x00000000   Number         0  os_core.o ABSOLUTE
    ..\..\UCOSII\CORE\OS_FLAG.C              0x00000000   Number         0  os_flag.o ABSOLUTE
    ..\..\UCOSII\CORE\OS_MBOX.C              0x00000000   Number         0  os_mbox.o ABSOLUTE
    ..\..\UCOSII\CORE\OS_MEM.C               0x00000000   Number         0  os_mem.o ABSOLUTE
    ..\..\UCOSII\CORE\OS_MUTEX.C             0x00000000   Number         0  os_mutex.o ABSOLUTE
    ..\..\UCOSII\CORE\OS_Q.C                 0x00000000   Number         0  os_q.o ABSOLUTE
    ..\..\UCOSII\CORE\OS_SEM.C               0x00000000   Number         0  os_sem.o ABSOLUTE
    ..\..\UCOSII\CORE\OS_TASK.C              0x00000000   Number         0  os_task.o ABSOLUTE
    ..\..\UCOSII\CORE\OS_TIME.C              0x00000000   Number         0  os_time.o ABSOLUTE
    ..\..\UCOSII\PORT\os_cpu_a.asm           0x00000000   Number         0  os_cpu_a.o ABSOLUTE
    ..\..\UCOSII\PORT\os_cpu_c.c             0x00000000   Number         0  os_cpu_c.o ABSOLUTE
    ..\..\User\src\main.c                    0x00000000   Number         0  main.o ABSOLUTE
    ..\..\User\src\module.c                  0x00000000   Number         0  module.o ABSOLUTE
    ..\..\User\src\stm32f10x_it.c            0x00000000   Number         0  stm32f10x_it.o ABSOLUTE
    ..\..\User\src\system_stm32f10x.c        0x00000000   Number         0  system_stm32f10x.o ABSOLUTE
    ..\..\User\src\tool.c                    0x00000000   Number         0  tool.o ABSOLUTE
    ..\\..\\Librarise\\CORE\\core_cm3.c      0x00000000   Number         0  core_cm3.o ABSOLUTE
    dc.s                                     0x00000000   Number         0  dc.o ABSOLUTE
    RESET                                    0x08000000   Section      304  startup_stm32f10x_hd.o(RESET)
    !!!main                                  0x08000130   Section        8  __main.o(!!!main)
    !!!scatter                               0x08000138   Section       52  __scatter.o(!!!scatter)
    !!dczerorl2                              0x0800016c   Section       90  __dczerorl2.o(!!dczerorl2)
    !!handler_zi                             0x080001c8   Section       28  __scatter_zi.o(!!handler_zi)
    .ARM.Collect$$_printf_percent$$00000000  0x080001e4   Section        0  _printf_percent.o(.ARM.Collect$$_printf_percent$$00000000)
    .ARM.Collect$$_printf_percent$$00000009  0x080001e4   Section        6  _printf_d.o(.ARM.Collect$$_printf_percent$$00000009)
    .ARM.Collect$$_printf_percent$$00000017  0x080001ea   Section        4  _printf_percent_end.o(.ARM.Collect$$_printf_percent$$00000017)
    .ARM.Collect$$libinit$$00000000          0x080001ee   Section        2  libinit.o(.ARM.Collect$$libinit$$00000000)
    .ARM.Collect$$libinit$$00000002          0x080001f0   Section        0  libinit2.o(.ARM.Collect$$libinit$$00000002)
    .ARM.Collect$$libinit$$00000008          0x080001f0   Section        0  libinit2.o(.ARM.Collect$$libinit$$00000008)
    .ARM.Collect$$libinit$$0000000A          0x080001f0   Section        0  libinit2.o(.ARM.Collect$$libinit$$0000000A)
    .ARM.Collect$$libinit$$0000000C          0x080001f0   Section        0  libinit2.o(.ARM.Collect$$libinit$$0000000C)
    .ARM.Collect$$libinit$$0000000D          0x080001f0   Section        6  libinit2.o(.ARM.Collect$$libinit$$0000000D)
    .ARM.Collect$$libinit$$0000000F          0x080001f6   Section        0  libinit2.o(.ARM.Collect$$libinit$$0000000F)
    .ARM.Collect$$libinit$$00000010          0x080001f6   Section       12  libinit2.o(.ARM.Collect$$libinit$$00000010)
    .ARM.Collect$$libinit$$00000011          0x08000202   Section        0  libinit2.o(.ARM.Collect$$libinit$$00000011)
    .ARM.Collect$$libinit$$00000013          0x08000202   Section        0  libinit2.o(.ARM.Collect$$libinit$$00000013)
    .ARM.Collect$$libinit$$00000015          0x08000202   Section        0  libinit2.o(.ARM.Collect$$libinit$$00000015)
    .ARM.Collect$$libinit$$00000017          0x08000202   Section        0  libinit2.o(.ARM.Collect$$libinit$$00000017)
    .ARM.Collect$$libinit$$00000019          0x08000202   Section        0  libinit2.o(.ARM.Collect$$libinit$$00000019)
    .ARM.Collect$$libinit$$0000001B          0x08000202   Section        0  libinit2.o(.ARM.Collect$$libinit$$0000001B)
    .ARM.Collect$$libinit$$0000001D          0x08000202   Section        0  libinit2.o(.ARM.Collect$$libinit$$0000001D)
    .ARM.Collect$$libinit$$0000001F          0x08000202   Section        0  libinit2.o(.ARM.Collect$$libinit$$0000001F)
    .ARM.Collect$$libinit$$00000021          0x08000202   Section        0  libinit2.o(.ARM.Collect$$libinit$$00000021)
    .ARM.Collect$$libinit$$00000023          0x08000202   Section        0  libinit2.o(.ARM.Collect$$libinit$$00000023)
    .ARM.Collect$$libinit$$0000002A          0x08000202   Section        0  libinit2.o(.ARM.Collect$$libinit$$0000002A)
    .ARM.Collect$$libinit$$0000002C          0x08000202   Section        0  libinit2.o(.ARM.Collect$$libinit$$0000002C)
    .ARM.Collect$$libinit$$0000002E          0x08000202   Section        0  libinit2.o(.ARM.Collect$$libinit$$0000002E)
    .ARM.Collect$$libinit$$00000030          0x08000202   Section        0  libinit2.o(.ARM.Collect$$libinit$$00000030)
    .ARM.Collect$$libinit$$00000031          0x08000202   Section        2  libinit2.o(.ARM.Collect$$libinit$$00000031)
    .ARM.Collect$$libshutdown$$00000000      0x08000204   Section        2  libshutdown.o(.ARM.Collect$$libshutdown$$00000000)
    .ARM.Collect$$libshutdown$$00000003      0x08000206   Section        0  libshutdown2.o(.ARM.Collect$$libshutdown$$00000003)
    .ARM.Collect$$libshutdown$$00000006      0x08000206   Section        0  libshutdown2.o(.ARM.Collect$$libshutdown$$00000006)
    .ARM.Collect$$libshutdown$$00000009      0x08000206   Section        0  libshutdown2.o(.ARM.Collect$$libshutdown$$00000009)
    .ARM.Collect$$libshutdown$$0000000B      0x08000206   Section        0  libshutdown2.o(.ARM.Collect$$libshutdown$$0000000B)
    .ARM.Collect$$libshutdown$$0000000E      0x08000206   Section        0  libshutdown2.o(.ARM.Collect$$libshutdown$$0000000E)
    .ARM.Collect$$libshutdown$$0000000F      0x08000206   Section        2  libshutdown2.o(.ARM.Collect$$libshutdown$$0000000F)
    .ARM.Collect$$rtentry$$00000000          0x08000208   Section        0  rtentry.o(.ARM.Collect$$rtentry$$00000000)
    .ARM.Collect$$rtentry$$00000002          0x08000208   Section        0  rtentry2.o(.ARM.Collect$$rtentry$$00000002)
    .ARM.Collect$$rtentry$$00000004          0x08000208   Section        6  rtentry4.o(.ARM.Collect$$rtentry$$00000004)
    .ARM.Collect$$rtentry$$00000009          0x0800020e   Section        0  rtentry2.o(.ARM.Collect$$rtentry$$00000009)
    .ARM.Collect$$rtentry$$0000000A          0x0800020e   Section        4  rtentry2.o(.ARM.Collect$$rtentry$$0000000A)
    .ARM.Collect$$rtentry$$0000000C          0x08000212   Section        0  rtentry2.o(.ARM.Collect$$rtentry$$0000000C)
    .ARM.Collect$$rtentry$$0000000D          0x08000212   Section        8  rtentry2.o(.ARM.Collect$$rtentry$$0000000D)
    .ARM.Collect$$rtexit$$00000000           0x0800021a   Section        2  rtexit.o(.ARM.Collect$$rtexit$$00000000)
    .ARM.Collect$$rtexit$$00000002           0x0800021c   Section        0  rtexit2.o(.ARM.Collect$$rtexit$$00000002)
    .ARM.Collect$$rtexit$$00000003           0x0800021c   Section        4  rtexit2.o(.ARM.Collect$$rtexit$$00000003)
    .ARM.Collect$$rtexit$$00000004           0x08000220   Section        6  rtexit2.o(.ARM.Collect$$rtexit$$00000004)
    .text                                    0x08000228   Section        0  main.o(.text)
    .text                                    0x08000384   Section        0  stm32f10x_it.o(.text)
    .text                                    0x0800039c   Section        0  system_stm32f10x.o(.text)
    SetSysClockTo72                          0x0800039d   Thumb Code   214  system_stm32f10x.o(.text)
    SetSysClock                              0x08000473   Thumb Code     8  system_stm32f10x.o(.text)
    .text                                    0x0800057c   Section        0  tool.o(.text)
    .text                                    0x080006b4   Section        0  module.o(.text)
    .text                                    0x0800076c   Section        0  iwdg_module.o(.text)
    .text                                    0x08000794   Section        0  led_module.o(.text)
    .text                                    0x080007f0   Section        0  usart_loop_module.o(.text)
    .text                                    0x08000864   Section        0  usart_module.o(.text)
    .text                                    0x080008ac   Section        0  input_module.o(.text)
    .text                                    0x08000a64   Section        0  msg_test_module.o(.text)
    .text                                    0x08000c3c   Section        0  led.o(.text)
    .text                                    0x08000c84   Section        0  input.o(.text)
    .text                                    0x08000d04   Section       64  startup_stm32f10x_hd.o(.text)
    .text                                    0x08000d44   Section        0  delay.o(.text)
    .text                                    0x08000e48   Section        0  sys.o(.text)
    NVIC_Configuration                       0x08000e71   Thumb Code    12  sys.o(.text)
    .text                                    0x080010e0   Section        0  usart.o(.text)
    .text                                    0x080015f4   Section        0  misc.o(.text)
    .text                                    0x080016d0   Section        0  stm32f10x_gpio.o(.text)
    .text                                    0x08001a2c   Section        0  stm32f10x_rcc.o(.text)
    .text                                    0x08001dd0   Section        0  stm32f10x_usart.o(.text)
    .text                                    0x080021d8   Section        0  stm32f10x_iwdg.o(.text)
    .text                                    0x08002218   Section        0  os_core.o(.text)
    OS_InitTaskStat                          0x080022c3   Thumb Code    52  os_core.o(.text)
    OS_InitTaskIdle                          0x08002319   Thumb Code    52  os_core.o(.text)
    OS_InitEventList                         0x0800235f   Thumb Code    74  os_core.o(.text)
    OS_InitTCBList                           0x080023a9   Thumb Code   106  os_core.o(.text)
    OS_InitRdyList                           0x08002413   Thumb Code    44  os_core.o(.text)
    OS_InitMisc                              0x0800243f   Thumb Code    44  os_core.o(.text)
    OS_SchedNew                              0x080024b3   Thumb Code    26  os_core.o(.text)
    .text                                    0x08002aa4   Section        0  os_mem.o(.text)
    .text                                    0x08002c88   Section        0  os_q.o(.text)
    .text                                    0x08003270   Section        0  os_task.o(.text)
    .text                                    0x08003a24   Section        0  os_time.o(.text)
    .text                                    0x08003bd4   Section        0  os_cpu_c.o(.text)
    .text                                    0x08003c84   Section      180  os_cpu_a.o(.text)
    .text                                    0x08003d38   Section        0  toupper.o(.text)
    .text                                    0x08003d58   Section        0  noretval__2sprintf.o(.text)
    .text                                    0x08003d80   Section        0  __printf.o(.text)
    .text                                    0x08003de8   Section        0  _printf_dec.o(.text)
    .text                                    0x08003e5c   Section        0  strlen.o(.text)
    .text                                    0x08003e9a   Section      138  rt_memcpy_v6.o(.text)
    .text                                    0x08003f24   Section      100  rt_memcpy_w.o(.text)
    .text                                    0x08003f88   Section        0  heapauxi.o(.text)
    .text                                    0x08003f90   Section       16  rt_ctype_table.o(.text)
    .text                                    0x08003fa0   Section        0  _printf_intcommon.o(.text)
    .text                                    0x08004054   Section        0  _printf_char_common.o(.text)
    _printf_input_char                       0x08004055   Thumb Code    10  _printf_char_common.o(.text)
    .text                                    0x08004084   Section        0  _sputc.o(.text)
    .text                                    0x08004090   Section        8  libspace.o(.text)
    .text                                    0x08004098   Section        8  rt_locale_intlibspace.o(.text)
    .text                                    0x080040a0   Section       74  sys_stackheap_outer.o(.text)
    .text                                    0x080040ea   Section        0  exit.o(.text)
    .text                                    0x080040f8   Section      128  strcmpv7m.o(.text)
    .text                                    0x08004178   Section        0  sys_exit.o(.text)
    .text                                    0x08004184   Section        2  use_no_semi.o(.text)
    .text                                    0x08004186   Section        0  indicate_semi.o(.text)
    locale$$code                             0x08004188   Section       44  lc_ctype_c.o(locale$$code)
    .constdata                               0x080041b4   Section       12  input_module.o(.constdata)
    .constdata                               0x080041c0   Section        8  input.o(.constdata)
    .constdata                               0x080041c8   Section      256  os_core.o(.constdata)
    locale$$data                             0x080042e8   Section      272  lc_ctype_c.o(locale$$data)
    __lcctype_c_name                         0x080042ec   Data           2  lc_ctype_c.o(locale$$data)
    __lcctype_c_start                        0x080042f4   Data           0  lc_ctype_c.o(locale$$data)
    __lcctype_c_end                          0x080043f8   Data           0  lc_ctype_c.o(locale$$data)
    .data                                    0x20000000   Section       20  system_stm32f10x.o(.data)
    .data                                    0x20000014   Section      192  module.o(.data)
    s_modules                                0x20000014   Data         192  module.o(.data)
    .data                                    0x200000d4   Section        3  led_module.o(.data)
    s_period                                 0x200000d4   Data           2  led_module.o(.data)
    s_state                                  0x200000d6   Data           1  led_module.o(.data)
    .data                                    0x200000d8   Section        2  usart_loop_module.o(.data)
    usartLen                                 0x200000d8   Data           2  usart_loop_module.o(.data)
    .data                                    0x200000da   Section        2  msg_test_module.o(.data)
    s_period                                 0x200000da   Data           2  msg_test_module.o(.data)
    .data                                    0x200000dc   Section       16  input.o(.data)
    .data                                    0x200000ec   Section        8  delay.o(.data)
    fac_us                                   0x200000ec   Data           4  delay.o(.data)
    fac_ms                                   0x200000f0   Data           4  delay.o(.data)
    .data                                    0x200000f4   Section       12  sys.o(.data)
    .data                                    0x20000100   Section       20  usart.o(.data)
    .data                                    0x20000114   Section       20  stm32f10x_rcc.o(.data)
    APBAHBPrescTable                         0x20000114   Data          16  stm32f10x_rcc.o(.data)
    ADCPrescTable                            0x20000124   Data           4  stm32f10x_rcc.o(.data)
    .data                                    0x20000128   Section       72  os_core.o(.data)
    .bss                                     0x20000170   Section    15360  main.o(.bss)
    TaskStart_Stk                            0x20000170   Data        5120  main.o(.bss)
    TaskOne_Stk                              0x20001570   Data        5120  main.o(.bss)
    TaskTwo_Stk                              0x20002970   Data        5120  main.o(.bss)
    .bss                                     0x20003d70   Section       64  usart_loop_module.o(.bss)
    usartBuf                                 0x20003d70   Data          64  usart_loop_module.o(.bss)
    .bss                                     0x20003db0   Section      512  usart_module.o(.bss)
    USART1_BUF                               0x20003db0   Data         512  usart_module.o(.bss)
    .bss                                     0x20003fb0   Section       40  input_module.o(.bss)
    .bss                                     0x20003fd8   Section     5684  sys.o(.bss)
    pBuf                                     0x20003fd8   Data         256  sys.o(.bss)
    _OSQ_MSG                                 0x200054a4   Data         360  sys.o(.bss)
    .bss                                     0x2000560c   Section      140  usart.o(.bss)
    g_Usarts                                 0x2000560c   Data         140  usart.o(.bss)
    .bss                                     0x20005698   Section     2532  os_core.o(.bss)
    .bss                                     0x2000607c   Section       96  libspace.o(.bss)
    HEAP                                     0x200060e0   Section      512  startup_stm32f10x_hd.o(HEAP)
    Heap_Mem                                 0x200060e0   Data         512  startup_stm32f10x_hd.o(HEAP)
    STACK                                    0x200062e0   Section     1024  startup_stm32f10x_hd.o(STACK)
    Stack_Mem                                0x200062e0   Data        1024  startup_stm32f10x_hd.o(STACK)
    __initial_sp                             0x200066e0   Data           0  startup_stm32f10x_hd.o(STACK)

    Global Symbols

    Symbol Name                              Value     Ov Type        Size  Object(Section)

    BuildAttributes$$THM_ISAv4$P$D$K$B$S$PE$A:L22UL41UL21$X:L11$S22US41US21$IEEE1$IW$USESV6$~STKCKD$USESV7$~SHL$OTIME$ROPI$IEEEX$EBA8$UX$STANDARDLIB$REQ8$PRES8$EABIv2 0x00000000   Number         0  anon$$obj.o ABSOLUTE
    __ARM_use_no_argv                        0x00000000   Number         0  main.o ABSOLUTE
    __ARM_exceptions_init                     - Undefined Weak Reference
    __alloca_initialize                       - Undefined Weak Reference
    __cpp_initialize__aeabi_                  - Undefined Weak Reference
    __cxa_finalize                            - Undefined Weak Reference
    __sigvec_lookup                           - Undefined Weak Reference
    _atexit_init                              - Undefined Weak Reference
    _call_atexit_fns                          - Undefined Weak Reference
    _clock_init                               - Undefined Weak Reference
    _fp_trap_init                             - Undefined Weak Reference
    _fp_trap_shutdown                         - Undefined Weak Reference
    _get_lc_collate                           - Undefined Weak Reference
    _get_lc_monetary                          - Undefined Weak Reference
    _get_lc_numeric                           - Undefined Weak Reference
    _get_lc_time                              - Undefined Weak Reference
    _getenv_init                              - Undefined Weak Reference
    _handle_redirection                       - Undefined Weak Reference
    _init_alloc                               - Undefined Weak Reference
    _init_user_alloc                          - Undefined Weak Reference
    _initio                                   - Undefined Weak Reference
    _printf_mbtowc                            - Undefined Weak Reference
    _printf_post_padding                      - Undefined Weak Reference
    _printf_pre_padding                       - Undefined Weak Reference
    _printf_truncate_signed                   - Undefined Weak Reference
    _printf_truncate_unsigned                 - Undefined Weak Reference
    _rand_init                                - Undefined Weak Reference
    _scanf_longlong                           - Undefined Weak Reference
    _scanf_mbtowc                             - Undefined Weak Reference
    _scanf_real                               - Undefined Weak Reference
    _scanf_string                             - Undefined Weak Reference
    _scanf_wctomb                             - Undefined Weak Reference
    _scanf_wstring                            - Undefined Weak Reference
    _signal_finish                            - Undefined Weak Reference
    _signal_init                              - Undefined Weak Reference
    _terminate_alloc                          - Undefined Weak Reference
    _terminate_user_alloc                     - Undefined Weak Reference
    _terminateio                              - Undefined Weak Reference
    __Vectors_Size                           0x00000130   Number         0  startup_stm32f10x_hd.o ABSOLUTE
    __Vectors                                0x08000000   Data           4  startup_stm32f10x_hd.o(RESET)
    __Vectors_End                            0x08000130   Data           0  startup_stm32f10x_hd.o(RESET)
    __main                                   0x08000131   Thumb Code     8  __main.o(!!!main)
    __scatterload                            0x08000139   Thumb Code     0  __scatter.o(!!!scatter)
    __scatterload_rt2                        0x08000139   Thumb Code    44  __scatter.o(!!!scatter)
    __scatterload_rt2_thumb_only             0x08000139   Thumb Code     0  __scatter.o(!!!scatter)
    __scatterload_null                       0x08000147   Thumb Code     0  __scatter.o(!!!scatter)
    __decompress                             0x0800016d   Thumb Code    90  __dczerorl2.o(!!dczerorl2)
    __decompress1                            0x0800016d   Thumb Code     0  __dczerorl2.o(!!dczerorl2)
    __scatterload_zeroinit                   0x080001c9   Thumb Code    28  __scatter_zi.o(!!handler_zi)
    _printf_d                                0x080001e5   Thumb Code     0  _printf_d.o(.ARM.Collect$$_printf_percent$$00000009)
    _printf_percent                          0x080001e5   Thumb Code     0  _printf_percent.o(.ARM.Collect$$_printf_percent$$00000000)
    _printf_percent_end                      0x080001eb   Thumb Code     0  _printf_percent_end.o(.ARM.Collect$$_printf_percent$$00000017)
    __rt_lib_init                            0x080001ef   Thumb Code     0  libinit.o(.ARM.Collect$$libinit$$00000000)
    __rt_lib_init_fp_1                       0x080001f1   Thumb Code     0  libinit2.o(.ARM.Collect$$libinit$$00000002)
    __rt_lib_init_heap_1                     0x080001f1   Thumb Code     0  libinit2.o(.ARM.Collect$$libinit$$00000008)
    __rt_lib_init_lc_common                  0x080001f1   Thumb Code     0  libinit2.o(.ARM.Collect$$libinit$$0000000D)
    __rt_lib_init_rand_1                     0x080001f1   Thumb Code     0  libinit2.o(.ARM.Collect$$libinit$$0000000C)
    __rt_lib_init_user_alloc_1               0x080001f1   Thumb Code     0  libinit2.o(.ARM.Collect$$libinit$$0000000A)
    __rt_lib_init_lc_collate_1               0x080001f7   Thumb Code     0  libinit2.o(.ARM.Collect$$libinit$$0000000F)
    __rt_lib_init_lc_ctype_2                 0x080001f7   Thumb Code     0  libinit2.o(.ARM.Collect$$libinit$$00000010)
    __rt_lib_init_alloca_1                   0x08000203   Thumb Code     0  libinit2.o(.ARM.Collect$$libinit$$0000002C)
    __rt_lib_init_argv_1                     0x08000203   Thumb Code     0  libinit2.o(.ARM.Collect$$libinit$$0000002A)
    __rt_lib_init_atexit_1                   0x08000203   Thumb Code     0  libinit2.o(.ARM.Collect$$libinit$$00000019)
    __rt_lib_init_clock_1                    0x08000203   Thumb Code     0  libinit2.o(.ARM.Collect$$libinit$$0000001F)
    __rt_lib_init_cpp_1                      0x08000203   Thumb Code     0  libinit2.o(.ARM.Collect$$libinit$$00000030)
    __rt_lib_init_exceptions_1               0x08000203   Thumb Code     0  libinit2.o(.ARM.Collect$$libinit$$0000002E)
    __rt_lib_init_fp_trap_1                  0x08000203   Thumb Code     0  libinit2.o(.ARM.Collect$$libinit$$0000001D)
    __rt_lib_init_getenv_1                   0x08000203   Thumb Code     0  libinit2.o(.ARM.Collect$$libinit$$00000021)
    __rt_lib_init_lc_ctype_1                 0x08000203   Thumb Code     0  libinit2.o(.ARM.Collect$$libinit$$00000011)
    __rt_lib_init_lc_monetary_1              0x08000203   Thumb Code     0  libinit2.o(.ARM.Collect$$libinit$$00000013)
    __rt_lib_init_lc_numeric_1               0x08000203   Thumb Code     0  libinit2.o(.ARM.Collect$$libinit$$00000015)
    __rt_lib_init_lc_time_1                  0x08000203   Thumb Code     0  libinit2.o(.ARM.Collect$$libinit$$00000017)
    __rt_lib_init_return                     0x08000203   Thumb Code     0  libinit2.o(.ARM.Collect$$libinit$$00000031)
    __rt_lib_init_signal_1                   0x08000203   Thumb Code     0  libinit2.o(.ARM.Collect$$libinit$$0000001B)
    __rt_lib_init_stdio_1                    0x08000203   Thumb Code     0  libinit2.o(.ARM.Collect$$libinit$$00000023)
    __rt_lib_shutdown                        0x08000205   Thumb Code     0  libshutdown.o(.ARM.Collect$$libshutdown$$00000000)
    __rt_lib_shutdown_fp_trap_1              0x08000207   Thumb Code     0  libshutdown2.o(.ARM.Collect$$libshutdown$$00000006)
    __rt_lib_shutdown_heap_1                 0x08000207   Thumb Code     0  libshutdown2.o(.ARM.Collect$$libshutdown$$0000000E)
    __rt_lib_shutdown_return                 0x08000207   Thumb Code     0  libshutdown2.o(.ARM.Collect$$libshutdown$$0000000F)
    __rt_lib_shutdown_signal_1               0x08000207   Thumb Code     0  libshutdown2.o(.ARM.Collect$$libshutdown$$00000009)
    __rt_lib_shutdown_stdio_1                0x08000207   Thumb Code     0  libshutdown2.o(.ARM.Collect$$libshutdown$$00000003)
    __rt_lib_shutdown_user_alloc_1           0x08000207   Thumb Code     0  libshutdown2.o(.ARM.Collect$$libshutdown$$0000000B)
    __rt_entry                               0x08000209   Thumb Code     0  rtentry.o(.ARM.Collect$$rtentry$$00000000)
    __rt_entry_presh_1                       0x08000209   Thumb Code     0  rtentry2.o(.ARM.Collect$$rtentry$$00000002)
    __rt_entry_sh                            0x08000209   Thumb Code     0  rtentry4.o(.ARM.Collect$$rtentry$$00000004)
    __rt_entry_li                            0x0800020f   Thumb Code     0  rtentry2.o(.ARM.Collect$$rtentry$$0000000A)
    __rt_entry_postsh_1                      0x0800020f   Thumb Code     0  rtentry2.o(.ARM.Collect$$rtentry$$00000009)
    __rt_entry_main                          0x08000213   Thumb Code     0  rtentry2.o(.ARM.Collect$$rtentry$$0000000D)
    __rt_entry_postli_1                      0x08000213   Thumb Code     0  rtentry2.o(.ARM.Collect$$rtentry$$0000000C)
    __rt_exit                                0x0800021b   Thumb Code     0  rtexit.o(.ARM.Collect$$rtexit$$00000000)
    __rt_exit_ls                             0x0800021d   Thumb Code     0  rtexit2.o(.ARM.Collect$$rtexit$$00000003)
    __rt_exit_prels_1                        0x0800021d   Thumb Code     0  rtexit2.o(.ARM.Collect$$rtexit$$00000002)
    __rt_exit_exit                           0x08000221   Thumb Code     0  rtexit2.o(.ARM.Collect$$rtexit$$00000004)
    TaskTwo                                  0x08000229   Thumb Code    76  main.o(.text)
    TaskOne                                  0x08000275   Thumb Code    76  main.o(.text)
    TaskStart                                0x080002c1   Thumb Code   148  main.o(.text)
    main                                     0x08000355   Thumb Code    32  main.o(.text)
    NMI_Handler                              0x08000385   Thumb Code     2  stm32f10x_it.o(.text)
    HardFault_Handler                        0x08000387   Thumb Code     4  stm32f10x_it.o(.text)
    MemManage_Handler                        0x0800038b   Thumb Code     4  stm32f10x_it.o(.text)
    BusFault_Handler                         0x0800038f   Thumb Code     4  stm32f10x_it.o(.text)
    UsageFault_Handler                       0x08000393   Thumb Code     4  stm32f10x_it.o(.text)
    SVC_Handler                              0x08000397   Thumb Code     2  stm32f10x_it.o(.text)
    DebugMon_Handler                         0x08000399   Thumb Code     2  stm32f10x_it.o(.text)
    USB_LP_CAN1_RX0_IRQHandler               0x0800039b   Thumb Code     2  stm32f10x_it.o(.text)
    SystemInit                               0x0800047b   Thumb Code    78  system_stm32f10x.o(.text)
    SystemCoreClockUpdate                    0x080004c9   Thumb Code   142  system_stm32f10x.o(.text)
    Tool_GetBitFor                           0x0800057d   Thumb Code    12  tool.o(.text)
    Tool_SetBitFor                           0x08000589   Thumb Code    18  tool.o(.text)
    Tool_StrToHex                            0x0800059b   Thumb Code    80  tool.o(.text)
    Tool_HexToStr                            0x080005eb   Thumb Code    82  tool.o(.text)
    Tool_BubbleSort                          0x0800063d   Thumb Code    72  tool.o(.text)
    Tool_GetByteIndex                        0x08000685   Thumb Code    28  tool.o(.text)
    Tool_LoopSub                             0x080006a1   Thumb Code    20  tool.o(.text)
    Module_Init                              0x080006b5   Thumb Code    36  module.o(.text)
    Module_AfterInit                         0x080006d9   Thumb Code    36  module.o(.text)
    Module_Process                           0x080006fd   Thumb Code    50  module.o(.text)
    Module_MsgHandle                         0x0800072f   Thumb Code    56  module.o(.text)
    IWDG_ModuleInit                          0x0800076d   Thumb Code    30  iwdg_module.o(.text)
    IWDG_ModuleProcess0                      0x0800078b   Thumb Code    10  iwdg_module.o(.text)
    LED_ModuleInit                           0x08000795   Thumb Code     8  led_module.o(.text)
    LED_ModuleProcess0                       0x0800079d   Thumb Code    48  led_module.o(.text)
    LED_ModuleOnOff                          0x080007cd   Thumb Code    22  led_module.o(.text)
    UsartLoop_ModuleInit                     0x080007f1   Thumb Code     2  usart_loop_module.o(.text)
    UsartLoop_ModuleProcess0                 0x080007f3   Thumb Code    56  usart_loop_module.o(.text)
    UsartLoop_ModuleHandle0                  0x0800082b   Thumb Code    48  usart_loop_module.o(.text)
    Usart_ModuleInit                         0x08000865   Thumb Code    26  usart_module.o(.text)
    Usart_ModuleGetData                      0x0800087f   Thumb Code    20  usart_module.o(.text)
    Usart_ModuleSetData                      0x08000893   Thumb Code    20  usart_module.o(.text)
    Input_Handle                             0x080008ad   Thumb Code   230  input_module.o(.text)
    Input_ModuleInit                         0x08000993   Thumb Code    96  input_module.o(.text)
    Input_ModuleProcess0                     0x080009f3   Thumb Code   100  input_module.o(.text)
    MsgTest_ModuleInit                       0x08000a65   Thumb Code     2  msg_test_module.o(.text)
    MsgTest_ModuleProcess1                   0x08000a67   Thumb Code    62  msg_test_module.o(.text)
    MsgTest_ModuleHandle0                    0x08000aa5   Thumb Code   296  msg_test_module.o(.text)
    LED_Init                                 0x08000c3d   Thumb Code    62  led.o(.text)
    input_Init                               0x08000c85   Thumb Code    52  input.o(.text)
    input_Data                               0x08000cb9   Thumb Code    60  input.o(.text)
    Reset_Handler                            0x08000d05   Thumb Code     8  startup_stm32f10x_hd.o(.text)
    ADC1_2_IRQHandler                        0x08000d1f   Thumb Code     0  startup_stm32f10x_hd.o(.text)
    ADC3_IRQHandler                          0x08000d1f   Thumb Code     0  startup_stm32f10x_hd.o(.text)
    CAN1_RX1_IRQHandler                      0x08000d1f   Thumb Code     0  startup_stm32f10x_hd.o(.text)
    CAN1_SCE_IRQHandler                      0x08000d1f   Thumb Code     0  startup_stm32f10x_hd.o(.text)
    DMA1_Channel1_IRQHandler                 0x08000d1f   Thumb Code     0  startup_stm32f10x_hd.o(.text)
    DMA1_Channel2_IRQHandler                 0x08000d1f   Thumb Code     0  startup_stm32f10x_hd.o(.text)
    DMA1_Channel3_IRQHandler                 0x08000d1f   Thumb Code     0  startup_stm32f10x_hd.o(.text)
    DMA1_Channel4_IRQHandler                 0x08000d1f   Thumb Code     0  startup_stm32f10x_hd.o(.text)
    DMA1_Channel5_IRQHandler                 0x08000d1f   Thumb Code     0  startup_stm32f10x_hd.o(.text)
    DMA1_Channel6_IRQHandler                 0x08000d1f   Thumb Code     0  startup_stm32f10x_hd.o(.text)
    DMA1_Channel7_IRQHandler                 0x08000d1f   Thumb Code     0  startup_stm32f10x_hd.o(.text)
    DMA2_Channel1_IRQHandler                 0x08000d1f   Thumb Code     0  startup_stm32f10x_hd.o(.text)
    DMA2_Channel2_IRQHandler                 0x08000d1f   Thumb Code     0  startup_stm32f10x_hd.o(.text)
    DMA2_Channel3_IRQHandler                 0x08000d1f   Thumb Code     0  startup_stm32f10x_hd.o(.text)
    DMA2_Channel4_5_IRQHandler               0x08000d1f   Thumb Code     0  startup_stm32f10x_hd.o(.text)
    EXTI0_IRQHandler                         0x08000d1f   Thumb Code     0  startup_stm32f10x_hd.o(.text)
    EXTI15_10_IRQHandler                     0x08000d1f   Thumb Code     0  startup_stm32f10x_hd.o(.text)
    EXTI1_IRQHandler                         0x08000d1f   Thumb Code     0  startup_stm32f10x_hd.o(.text)
    EXTI2_IRQHandler                         0x08000d1f   Thumb Code     0  startup_stm32f10x_hd.o(.text)
    EXTI3_IRQHandler                         0x08000d1f   Thumb Code     0  startup_stm32f10x_hd.o(.text)
    EXTI4_IRQHandler                         0x08000d1f   Thumb Code     0  startup_stm32f10x_hd.o(.text)
    EXTI9_5_IRQHandler                       0x08000d1f   Thumb Code     0  startup_stm32f10x_hd.o(.text)
    FLASH_IRQHandler                         0x08000d1f   Thumb Code     0  startup_stm32f10x_hd.o(.text)
    FSMC_IRQHandler                          0x08000d1f   Thumb Code     0  startup_stm32f10x_hd.o(.text)
    I2C1_ER_IRQHandler                       0x08000d1f   Thumb Code     0  startup_stm32f10x_hd.o(.text)
    I2C1_EV_IRQHandler                       0x08000d1f   Thumb Code     0  startup_stm32f10x_hd.o(.text)
    I2C2_ER_IRQHandler                       0x08000d1f   Thumb Code     0  startup_stm32f10x_hd.o(.text)
    I2C2_EV_IRQHandler                       0x08000d1f   Thumb Code     0  startup_stm32f10x_hd.o(.text)
    PVD_IRQHandler                           0x08000d1f   Thumb Code     0  startup_stm32f10x_hd.o(.text)
    RCC_IRQHandler                           0x08000d1f   Thumb Code     0  startup_stm32f10x_hd.o(.text)
    RTCAlarm_IRQHandler                      0x08000d1f   Thumb Code     0  startup_stm32f10x_hd.o(.text)
    RTC_IRQHandler                           0x08000d1f   Thumb Code     0  startup_stm32f10x_hd.o(.text)
    SDIO_IRQHandler                          0x08000d1f   Thumb Code     0  startup_stm32f10x_hd.o(.text)
    SPI1_IRQHandler                          0x08000d1f   Thumb Code     0  startup_stm32f10x_hd.o(.text)
    SPI2_IRQHandler                          0x08000d1f   Thumb Code     0  startup_stm32f10x_hd.o(.text)
    SPI3_IRQHandler                          0x08000d1f   Thumb Code     0  startup_stm32f10x_hd.o(.text)
    TAMPER_IRQHandler                        0x08000d1f   Thumb Code     0  startup_stm32f10x_hd.o(.text)
    TIM1_BRK_IRQHandler                      0x08000d1f   Thumb Code     0  startup_stm32f10x_hd.o(.text)
    TIM1_CC_IRQHandler                       0x08000d1f   Thumb Code     0  startup_stm32f10x_hd.o(.text)
    TIM1_TRG_COM_IRQHandler                  0x08000d1f   Thumb Code     0  startup_stm32f10x_hd.o(.text)
    TIM1_UP_IRQHandler                       0x08000d1f   Thumb Code     0  startup_stm32f10x_hd.o(.text)
    TIM2_IRQHandler                          0x08000d1f   Thumb Code     0  startup_stm32f10x_hd.o(.text)
    TIM3_IRQHandler                          0x08000d1f   Thumb Code     0  startup_stm32f10x_hd.o(.text)
    TIM4_IRQHandler                          0x08000d1f   Thumb Code     0  startup_stm32f10x_hd.o(.text)
    TIM5_IRQHandler                          0x08000d1f   Thumb Code     0  startup_stm32f10x_hd.o(.text)
    TIM6_IRQHandler                          0x08000d1f   Thumb Code     0  startup_stm32f10x_hd.o(.text)
    TIM7_IRQHandler                          0x08000d1f   Thumb Code     0  startup_stm32f10x_hd.o(.text)
    TIM8_BRK_IRQHandler                      0x08000d1f   Thumb Code     0  startup_stm32f10x_hd.o(.text)
    TIM8_CC_IRQHandler                       0x08000d1f   Thumb Code     0  startup_stm32f10x_hd.o(.text)
    TIM8_TRG_COM_IRQHandler                  0x08000d1f   Thumb Code     0  startup_stm32f10x_hd.o(.text)
    TIM8_UP_IRQHandler                       0x08000d1f   Thumb Code     0  startup_stm32f10x_hd.o(.text)
    UART5_IRQHandler                         0x08000d1f   Thumb Code     0  startup_stm32f10x_hd.o(.text)
    USBWakeUp_IRQHandler                     0x08000d1f   Thumb Code     0  startup_stm32f10x_hd.o(.text)
    USB_HP_CAN1_TX_IRQHandler                0x08000d1f   Thumb Code     0  startup_stm32f10x_hd.o(.text)
    WWDG_IRQHandler                          0x08000d1f   Thumb Code     0  startup_stm32f10x_hd.o(.text)
    __user_initial_stackheap                 0x08000d21   Thumb Code     0  startup_stm32f10x_hd.o(.text)
    SysTick_Handler                          0x08000d45   Thumb Code    16  delay.o(.text)
    Delay_Init                               0x08000d55   Thumb Code    76  delay.o(.text)
    Delay_Us                                 0x08000da1   Thumb Code    86  delay.o(.text)
    Delay_Ms                                 0x08000df7   Thumb Code    62  delay.o(.text)
    NVIC_SETPRIMASK                          0x08000e49   Thumb Code    10  sys.o(.text)
    NVIC_RESETPRIMASK                        0x08000e53   Thumb Code    10  sys.o(.text)
    NVIC_SETBASEMASK                         0x08000e5d   Thumb Code    12  sys.o(.text)
    NVIC_GETBASEMASK                         0x08000e69   Thumb Code     8  sys.o(.text)
    Debug_Printf                             0x08000e7d   Thumb Code     2  sys.o(.text)
    SYS_Init                                 0x08000e7f   Thumb Code    14  sys.o(.text)
    SYS_Start                                0x08000e8d   Thumb Code    72  sys.o(.text)
    MEM_Get                                  0x08000ed5   Thumb Code    66  sys.o(.text)
    MEM_Put                                  0x08000f17   Thumb Code    76  sys.o(.text)
    MSG_Free                                 0x08000f63   Thumb Code    42  sys.o(.text)
    MSG_Send                                 0x08000f8d   Thumb Code   176  sys.o(.text)
    MSG_Receive                              0x0800103d   Thumb Code    38  sys.o(.text)
    usart_Init                               0x080010e1   Thumb Code   152  usart.o(.text)
    usart_SetData                            0x08001179   Thumb Code    94  usart.o(.text)
    usart_GetData                            0x080011d7   Thumb Code   158  usart.o(.text)
    Usart_Init                               0x08001275   Thumb Code   252  usart.o(.text)
    Usart_BufInit                            0x08001371   Thumb Code   122  usart.o(.text)
    Usart_SetData                            0x080013eb   Thumb Code    66  usart.o(.text)
    Usart_GetData                            0x0800142d   Thumb Code    38  usart.o(.text)
    _USART_IRQHandler                        0x08001453   Thumb Code   316  usart.o(.text)
    USART1_IRQHandler                        0x0800158f   Thumb Code    18  usart.o(.text)
    USART2_IRQHandler                        0x080015a1   Thumb Code    18  usart.o(.text)
    USART3_IRQHandler                        0x080015b3   Thumb Code    18  usart.o(.text)
    UART4_IRQHandler                         0x080015c5   Thumb Code    18  usart.o(.text)
    NVIC_PriorityGroupConfig                 0x080015f5   Thumb Code    10  misc.o(.text)
    NVIC_Init                                0x080015ff   Thumb Code   100  misc.o(.text)
    NVIC_SetVectorTable                      0x08001663   Thumb Code    14  misc.o(.text)
    NVIC_SystemLPConfig                      0x08001671   Thumb Code    34  misc.o(.text)
    SysTick_CLKSourceConfig                  0x08001693   Thumb Code    40  misc.o(.text)
    GPIO_DeInit                              0x080016d1   Thumb Code   172  stm32f10x_gpio.o(.text)
    GPIO_AFIODeInit                          0x0800177d   Thumb Code    20  stm32f10x_gpio.o(.text)
    GPIO_Init                                0x08001791   Thumb Code   278  stm32f10x_gpio.o(.text)
    GPIO_StructInit                          0x080018a7   Thumb Code    16  stm32f10x_gpio.o(.text)
    GPIO_ReadInputDataBit                    0x080018b7   Thumb Code    18  stm32f10x_gpio.o(.text)
    GPIO_ReadInputData                       0x080018c9   Thumb Code     8  stm32f10x_gpio.o(.text)
    GPIO_ReadOutputDataBit                   0x080018d1   Thumb Code    18  stm32f10x_gpio.o(.text)
    GPIO_ReadOutputData                      0x080018e3   Thumb Code     8  stm32f10x_gpio.o(.text)
    GPIO_SetBits                             0x080018eb   Thumb Code     4  stm32f10x_gpio.o(.text)
    GPIO_ResetBits                           0x080018ef   Thumb Code     4  stm32f10x_gpio.o(.text)
    GPIO_WriteBit                            0x080018f3   Thumb Code    10  stm32f10x_gpio.o(.text)
    GPIO_Write                               0x080018fd   Thumb Code     4  stm32f10x_gpio.o(.text)
    GPIO_PinLockConfig                       0x08001901   Thumb Code    18  stm32f10x_gpio.o(.text)
    GPIO_EventOutputConfig                   0x08001913   Thumb Code    26  stm32f10x_gpio.o(.text)
    GPIO_EventOutputCmd                      0x0800192d   Thumb Code     6  stm32f10x_gpio.o(.text)
    GPIO_PinRemapConfig                      0x08001933   Thumb Code   138  stm32f10x_gpio.o(.text)
    GPIO_EXTILineConfig                      0x080019bd   Thumb Code    66  stm32f10x_gpio.o(.text)
    GPIO_ETH_MediaInterfaceConfig            0x080019ff   Thumb Code     8  stm32f10x_gpio.o(.text)
    RCC_DeInit                               0x08001a2d   Thumb Code    64  stm32f10x_rcc.o(.text)
    RCC_HSEConfig                            0x08001a6d   Thumb Code    70  stm32f10x_rcc.o(.text)
    RCC_GetFlagStatus                        0x08001ab3   Thumb Code    56  stm32f10x_rcc.o(.text)
    RCC_WaitForHSEStartUp                    0x08001aeb   Thumb Code    56  stm32f10x_rcc.o(.text)
    RCC_AdjustHSICalibrationValue            0x08001b23   Thumb Code    20  stm32f10x_rcc.o(.text)
    RCC_HSICmd                               0x08001b37   Thumb Code     6  stm32f10x_rcc.o(.text)
    RCC_PLLConfig                            0x08001b3d   Thumb Code    24  stm32f10x_rcc.o(.text)
    RCC_PLLCmd                               0x08001b55   Thumb Code     6  stm32f10x_rcc.o(.text)
    RCC_SYSCLKConfig                         0x08001b5b   Thumb Code    18  stm32f10x_rcc.o(.text)
    RCC_GetSYSCLKSource                      0x08001b6d   Thumb Code    10  stm32f10x_rcc.o(.text)
    RCC_HCLKConfig                           0x08001b77   Thumb Code    18  stm32f10x_rcc.o(.text)
    RCC_PCLK1Config                          0x08001b89   Thumb Code    18  stm32f10x_rcc.o(.text)
    RCC_PCLK2Config                          0x08001b9b   Thumb Code    20  stm32f10x_rcc.o(.text)
    RCC_ITConfig                             0x08001baf   Thumb Code    26  stm32f10x_rcc.o(.text)
    RCC_USBCLKConfig                         0x08001bc9   Thumb Code     8  stm32f10x_rcc.o(.text)
    RCC_ADCCLKConfig                         0x08001bd1   Thumb Code    18  stm32f10x_rcc.o(.text)
    RCC_LSEConfig                            0x08001be3   Thumb Code    50  stm32f10x_rcc.o(.text)
    RCC_LSICmd                               0x08001c15   Thumb Code     6  stm32f10x_rcc.o(.text)
    RCC_RTCCLKConfig                         0x08001c1b   Thumb Code    12  stm32f10x_rcc.o(.text)
    RCC_RTCCLKCmd                            0x08001c27   Thumb Code     8  stm32f10x_rcc.o(.text)
    RCC_GetClocksFreq                        0x08001c2f   Thumb Code   192  stm32f10x_rcc.o(.text)
    RCC_AHBPeriphClockCmd                    0x08001cef   Thumb Code    26  stm32f10x_rcc.o(.text)
    RCC_APB2PeriphClockCmd                   0x08001d09   Thumb Code    26  stm32f10x_rcc.o(.text)
    RCC_APB1PeriphClockCmd                   0x08001d23   Thumb Code    26  stm32f10x_rcc.o(.text)
    RCC_APB2PeriphResetCmd                   0x08001d3d   Thumb Code    26  stm32f10x_rcc.o(.text)
    RCC_APB1PeriphResetCmd                   0x08001d57   Thumb Code    26  stm32f10x_rcc.o(.text)
    RCC_BackupResetCmd                       0x08001d71   Thumb Code     8  stm32f10x_rcc.o(.text)
    RCC_ClockSecuritySystemCmd               0x08001d79   Thumb Code     6  stm32f10x_rcc.o(.text)
    RCC_MCOConfig                            0x08001d7f   Thumb Code     6  stm32f10x_rcc.o(.text)
    RCC_ClearFlag                            0x08001d85   Thumb Code    14  stm32f10x_rcc.o(.text)
    RCC_GetITStatus                          0x08001d93   Thumb Code    20  stm32f10x_rcc.o(.text)
    RCC_ClearITPendingBit                    0x08001da7   Thumb Code     6  stm32f10x_rcc.o(.text)
    USART_DeInit                             0x08001dd1   Thumb Code   134  stm32f10x_usart.o(.text)
    USART_Init                               0x08001e57   Thumb Code   210  stm32f10x_usart.o(.text)
    USART_StructInit                         0x08001f29   Thumb Code    24  stm32f10x_usart.o(.text)
    USART_ClockInit                          0x08001f41   Thumb Code    34  stm32f10x_usart.o(.text)
    USART_ClockStructInit                    0x08001f63   Thumb Code    12  stm32f10x_usart.o(.text)
    USART_Cmd                                0x08001f6f   Thumb Code    24  stm32f10x_usart.o(.text)
    USART_ITConfig                           0x08001f87   Thumb Code    74  stm32f10x_usart.o(.text)
    USART_DMACmd                             0x08001fd1   Thumb Code    18  stm32f10x_usart.o(.text)
    USART_SetAddress                         0x08001fe3   Thumb Code    18  stm32f10x_usart.o(.text)
    USART_WakeUpConfig                       0x08001ff5   Thumb Code    18  stm32f10x_usart.o(.text)
    USART_ReceiverWakeUpCmd                  0x08002007   Thumb Code    24  stm32f10x_usart.o(.text)
    USART_LINBreakDetectLengthConfig         0x0800201f   Thumb Code    18  stm32f10x_usart.o(.text)
    USART_LINCmd                             0x08002031   Thumb Code    24  stm32f10x_usart.o(.text)
    USART_SendData                           0x08002049   Thumb Code     8  stm32f10x_usart.o(.text)
    USART_ReceiveData                        0x08002051   Thumb Code    10  stm32f10x_usart.o(.text)
    USART_SendBreak                          0x0800205b   Thumb Code    10  stm32f10x_usart.o(.text)
    USART_SetGuardTime                       0x08002065   Thumb Code    16  stm32f10x_usart.o(.text)
    USART_SetPrescaler                       0x08002075   Thumb Code    16  stm32f10x_usart.o(.text)
    USART_SmartCardCmd                       0x08002085   Thumb Code    24  stm32f10x_usart.o(.text)
    USART_SmartCardNACKCmd                   0x0800209d   Thumb Code    24  stm32f10x_usart.o(.text)
    USART_HalfDuplexCmd                      0x080020b5   Thumb Code    24  stm32f10x_usart.o(.text)
    USART_OverSampling8Cmd                   0x080020cd   Thumb Code    22  stm32f10x_usart.o(.text)
    USART_OneBitMethodCmd                    0x080020e3   Thumb Code    24  stm32f10x_usart.o(.text)
    USART_IrDAConfig                         0x080020fb   Thumb Code    18  stm32f10x_usart.o(.text)
    USART_IrDACmd                            0x0800210d   Thumb Code    24  stm32f10x_usart.o(.text)
    USART_GetFlagStatus                      0x08002125   Thumb Code    26  stm32f10x_usart.o(.text)
    USART_ClearFlag                          0x0800213f   Thumb Code    18  stm32f10x_usart.o(.text)
    USART_GetITStatus                        0x08002151   Thumb Code    84  stm32f10x_usart.o(.text)
    USART_ClearITPendingBit                  0x080021a5   Thumb Code    52  stm32f10x_usart.o(.text)
    IWDG_WriteAccessCmd                      0x080021d9   Thumb Code     6  stm32f10x_iwdg.o(.text)
    IWDG_SetPrescaler                        0x080021df   Thumb Code     6  stm32f10x_iwdg.o(.text)
    IWDG_SetReload                           0x080021e5   Thumb Code     6  stm32f10x_iwdg.o(.text)
    IWDG_ReloadCounter                       0x080021eb   Thumb Code    10  stm32f10x_iwdg.o(.text)
    IWDG_Enable                              0x080021f5   Thumb Code    10  stm32f10x_iwdg.o(.text)
    IWDG_GetFlagStatus                       0x080021ff   Thumb Code    20  stm32f10x_iwdg.o(.text)
    OS_TaskStatStkChk                        0x08002219   Thumb Code    54  os_core.o(.text)
    OS_TaskStat                              0x0800224f   Thumb Code   116  os_core.o(.text)
    OS_TaskIdle                              0x080022f7   Thumb Code    34  os_core.o(.text)
    OS_MemClr                                0x0800234d   Thumb Code    18  os_core.o(.text)
    OSInit                                   0x0800246b   Thumb Code    44  os_core.o(.text)
    OSIntEnter                               0x08002497   Thumb Code    28  os_core.o(.text)
    OSIntExit                                0x080024cd   Thumb Code   112  os_core.o(.text)
    OSSchedLock                              0x0800253d   Thumb Code    50  os_core.o(.text)
    OS_Sched                                 0x0800256f   Thumb Code    88  os_core.o(.text)
    OSSchedUnlock                            0x080025c7   Thumb Code   238  os_core.o(.text)
    OSStart                                  0x080026b5   Thumb Code    48  os_core.o(.text)
    OSStatInit                               0x080026e5   Thumb Code    62  os_core.o(.text)
    OSTimeTick                               0x08002723   Thumb Code   210  os_core.o(.text)
    OSVersion                                0x080027f5   Thumb Code     6  os_core.o(.text)
    OS_Dummy                                 0x080027fb   Thumb Code     2  os_core.o(.text)
    OS_EventTaskRemove                       0x080027fd   Thumb Code    42  os_core.o(.text)
    OS_EventTaskRdy                          0x08002827   Thumb Code   114  os_core.o(.text)
    OS_EventTaskWait                         0x08002899   Thumb Code   112  os_core.o(.text)
    OS_EventWaitListInit                     0x08002909   Thumb Code    28  os_core.o(.text)
    OS_MemCopy                               0x08002925   Thumb Code    20  os_core.o(.text)
    OS_StrLen                                0x08002939   Thumb Code    20  os_core.o(.text)
    OS_TCBInit                               0x0800294d   Thumb Code   274  os_core.o(.text)
    OSMemCreate                              0x08002aa5   Thumb Code   118  os_mem.o(.text)
    OSMemGet                                 0x08002b1b   Thumb Code    62  os_mem.o(.text)
    OSMemNameGet                             0x08002b59   Thumb Code    60  os_mem.o(.text)
    OSMemNameSet                             0x08002b95   Thumb Code    48  os_mem.o(.text)
    OSMemPut                                 0x08002bc5   Thumb Code    54  os_mem.o(.text)
    OSMemQuery                               0x08002bfb   Thumb Code    52  os_mem.o(.text)
    OS_MemInit                               0x08002c2f   Thumb Code    74  os_mem.o(.text)
    OSQAccept                                0x08002c89   Thumb Code    88  os_q.o(.text)
    OSQCreate                                0x08002ce1   Thumb Code   140  os_q.o(.text)
    OSQDel                                   0x08002d6d   Thumb Code   236  os_q.o(.text)
    OSQFlush                                 0x08002e59   Thumb Code    36  os_q.o(.text)
    OSQPend                                  0x08002e7d   Thumb Code   272  os_q.o(.text)
    OSQPendAbort                             0x08002f8d   Thumb Code   128  os_q.o(.text)
    OSQPost                                  0x0800300d   Thumb Code   114  os_q.o(.text)
    OSQPostFront                             0x0800307f   Thumb Code   136  os_q.o(.text)
    OSQPostOpt                               0x08003107   Thumb Code   182  os_q.o(.text)
    OSQQuery                                 0x080031bd   Thumb Code    98  os_q.o(.text)
    OS_QInit                                 0x0800321f   Thumb Code    72  os_q.o(.text)
    OSTaskChangePrio                         0x08003271   Thumb Code   308  os_task.o(.text)
    OSTaskCreate                             0x080033a5   Thumb Code   148  os_task.o(.text)
    OS_TaskStkClr                            0x08003439   Thumb Code    26  os_task.o(.text)
    OSTaskCreateExt                          0x08003453   Thumb Code   170  os_task.o(.text)
    OSTaskDel                                0x080034fd   Thumb Code   280  os_task.o(.text)
    OSTaskDelReq                             0x08003615   Thumb Code   144  os_task.o(.text)
    OSTaskNameGet                            0x080036a5   Thumb Code   114  os_task.o(.text)
    OSTaskNameSet                            0x08003717   Thumb Code    98  os_task.o(.text)
    OSTaskResume                             0x08003779   Thumb Code   154  os_task.o(.text)
    OSTaskStkChk                             0x08003813   Thumb Code   132  os_task.o(.text)
    OSTaskSuspend                            0x08003897   Thumb Code   152  os_task.o(.text)
    OSTaskQuery                              0x0800392f   Thumb Code    82  os_task.o(.text)
    OSTaskRegGet                             0x08003981   Thumb Code    60  os_task.o(.text)
    OSTaskRegSet                             0x080039bd   Thumb Code    62  os_task.o(.text)
    OS_TaskReturn                            0x080039fb   Thumb Code    18  os_task.o(.text)
    OSTimeDly                                0x08003a25   Thumb Code   100  os_time.o(.text)
    OSTimeDlyHMSM                            0x08003a89   Thumb Code    86  os_time.o(.text)
    OSTimeDlyResume                          0x08003adf   Thumb Code   168  os_time.o(.text)
    OSTimeGet                                0x08003b87   Thumb Code    24  os_time.o(.text)
    OSTimeSet                                0x08003b9f   Thumb Code    24  os_time.o(.text)
    OSInitHookBegin                          0x08003bd5   Thumb Code     2  os_cpu_c.o(.text)
    OSInitHookEnd                            0x08003bd7   Thumb Code     2  os_cpu_c.o(.text)
    OSTaskCreateHook                         0x08003bd9   Thumb Code     2  os_cpu_c.o(.text)
    OSTaskDelHook                            0x08003bdb   Thumb Code     2  os_cpu_c.o(.text)
    OSTaskIdleHook                           0x08003bdd   Thumb Code     2  os_cpu_c.o(.text)
    OSTaskStatHook                           0x08003bdf   Thumb Code     2  os_cpu_c.o(.text)
    OSTaskStkInit                            0x08003be1   Thumb Code   154  os_cpu_c.o(.text)
    OSTaskSwHook                             0x08003c7b   Thumb Code     2  os_cpu_c.o(.text)
    OSTCBInitHook                            0x08003c7d   Thumb Code     2  os_cpu_c.o(.text)
    OSTimeTickHook                           0x08003c7f   Thumb Code     2  os_cpu_c.o(.text)
    OSTaskReturnHook                         0x08003c81   Thumb Code     2  os_cpu_c.o(.text)
    OS_CPU_SR_Save                           0x08003c85   Thumb Code     0  os_cpu_a.o(.text)
    OS_CPU_SR_Restore                        0x08003c8d   Thumb Code     0  os_cpu_a.o(.text)
    OSStartHighRdy                           0x08003c93   Thumb Code     0  os_cpu_a.o(.text)
    OSCtxSw                                  0x08003cb5   Thumb Code     0  os_cpu_a.o(.text)
    OSIntCtxSw                               0x08003cc3   Thumb Code     0  os_cpu_a.o(.text)
    PendSV_Handler                           0x08003cd3   Thumb Code     0  os_cpu_a.o(.text)
    toupper                                  0x08003d39   Thumb Code    30  toupper.o(.text)
    __2sprintf                               0x08003d59   Thumb Code    34  noretval__2sprintf.o(.text)
    __printf                                 0x08003d81   Thumb Code   104  __printf.o(.text)
    _printf_int_dec                          0x08003de9   Thumb Code   100  _printf_dec.o(.text)
    strlen                                   0x08003e5d   Thumb Code    62  strlen.o(.text)
    __aeabi_memcpy                           0x08003e9b   Thumb Code     0  rt_memcpy_v6.o(.text)
    __rt_memcpy                              0x08003e9b   Thumb Code   138  rt_memcpy_v6.o(.text)
    _memcpy_lastbytes                        0x08003f01   Thumb Code     0  rt_memcpy_v6.o(.text)
    __aeabi_memcpy4                          0x08003f25   Thumb Code     0  rt_memcpy_w.o(.text)
    __aeabi_memcpy8                          0x08003f25   Thumb Code     0  rt_memcpy_w.o(.text)
    __rt_memcpy_w                            0x08003f25   Thumb Code   100  rt_memcpy_w.o(.text)
    _memcpy_lastbytes_aligned                0x08003f6d   Thumb Code     0  rt_memcpy_w.o(.text)
    __use_two_region_memory                  0x08003f89   Thumb Code     2  heapauxi.o(.text)
    __rt_heap_escrow$2region                 0x08003f8b   Thumb Code     2  heapauxi.o(.text)
    __rt_heap_expand$2region                 0x08003f8d   Thumb Code     2  heapauxi.o(.text)
    __rt_ctype_table                         0x08003f91   Thumb Code    16  rt_ctype_table.o(.text)
    _printf_int_common                       0x08003fa1   Thumb Code   178  _printf_intcommon.o(.text)
    _printf_char_common                      0x0800405f   Thumb Code    32  _printf_char_common.o(.text)
    _sputc                                   0x08004085   Thumb Code    10  _sputc.o(.text)
    __user_libspace                          0x08004091   Thumb Code     8  libspace.o(.text)
    __user_perproc_libspace                  0x08004091   Thumb Code     0  libspace.o(.text)
    __user_perthread_libspace                0x08004091   Thumb Code     0  libspace.o(.text)
    __rt_locale                              0x08004099   Thumb Code     8  rt_locale_intlibspace.o(.text)
    __user_setup_stackheap                   0x080040a1   Thumb Code    74  sys_stackheap_outer.o(.text)
    exit                                     0x080040eb   Thumb Code    12  exit.o(.text)
    strcmp                                   0x080040f9   Thumb Code   128  strcmpv7m.o(.text)
    _sys_exit                                0x08004179   Thumb Code     8  sys_exit.o(.text)
    __I$use$semihosting                      0x08004185   Thumb Code     0  use_no_semi.o(.text)
    __use_no_semihosting_swi                 0x08004185   Thumb Code     2  use_no_semi.o(.text)
    __semihosting_library_function           0x08004187   Thumb Code     0  indicate_semi.o(.text)
    _get_lc_ctype                            0x08004189   Thumb Code    44  lc_ctype_c.o(locale$$code)
    INPUT_RANGE                              0x080041b4   Data           8  input_module.o(.constdata)
    KEY_CODE                                 0x080041bc   Data           4  input_module.o(.constdata)
    INPUT_PIN                                0x080041c0   Data           8  input.o(.constdata)
    OSUnMapTbl                               0x080041c8   Data         256  os_core.o(.constdata)
    Region$$Table$$Base                      0x080042c8   Number         0  anon$$obj.o(Region$$Table)
    Region$$Table$$Limit                     0x080042e8   Number         0  anon$$obj.o(Region$$Table)
    __ctype                                  0x080042f5   Data           0  lc_ctype_c.o(locale$$data)
    SystemCoreClock                          0x20000000   Data           4  system_stm32f10x.o(.data)
    AHBPrescTable                            0x20000004   Data          16  system_stm32f10x.o(.data)
    INPUT_GPIO                               0x200000dc   Data          16  input.o(.data)
    DebugLevel                               0x200000f4   Data           2  sys.o(.data)
    Mem                                      0x200000f8   Data           4  sys.o(.data)
    MemBig                                   0x200000fc   Data           4  sys.o(.data)
    USARTS                                   0x20000100   Data          20  usart.o(.data)
    OSCtxSwCtr                               0x20000128   Data           4  os_core.o(.data)
    OSEventFreeList                          0x2000012c   Data           4  os_core.o(.data)
    OSCPUUsage                               0x20000130   Data           1  os_core.o(.data)
    OSIdleCtrMax                             0x20000134   Data           4  os_core.o(.data)
    OSIdleCtrRun                             0x20000138   Data           4  os_core.o(.data)
    OSStatRdy                                0x2000013c   Data           1  os_core.o(.data)
    OSIntNesting                             0x2000013d   Data           1  os_core.o(.data)
    OSLockNesting                            0x2000013e   Data           1  os_core.o(.data)
    OSPrioCur                                0x2000013f   Data           1  os_core.o(.data)
    OSPrioHighRdy                            0x20000140   Data           1  os_core.o(.data)
    OSRdyGrp                                 0x20000141   Data           1  os_core.o(.data)
    OSRdyTbl                                 0x20000142   Data           8  os_core.o(.data)
    OSRunning                                0x2000014a   Data           1  os_core.o(.data)
    OSTaskCtr                                0x2000014b   Data           1  os_core.o(.data)
    OSIdleCtr                                0x2000014c   Data           4  os_core.o(.data)
    OSTCBCur                                 0x20000150   Data           4  os_core.o(.data)
    OSTCBFreeList                            0x20000154   Data           4  os_core.o(.data)
    OSTCBHighRdy                             0x20000158   Data           4  os_core.o(.data)
    OSTCBList                                0x2000015c   Data           4  os_core.o(.data)
    OSTickStepState                          0x20000160   Data           1  os_core.o(.data)
    OSMemFreeList                            0x20000164   Data           4  os_core.o(.data)
    OSQFreeList                              0x20000168   Data           4  os_core.o(.data)
    OSTime                                   0x2000016c   Data           4  os_core.o(.data)
    Inputs                                   0x20003fb0   Data          40  input_module.o(.bss)
    _OSMEM_Mem                               0x200040d8   Data         960  sys.o(.bss)
    _OSMEM_MemBig                            0x20004498   Data        4096  sys.o(.bss)
    QMessage                                 0x20005498   Data          12  sys.o(.bss)
    OSEventTbl                               0x20005698   Data         100  os_core.o(.bss)
    OSTaskStatStk                            0x200056fc   Data         512  os_core.o(.bss)
    OSTaskIdleStk                            0x200058fc   Data         512  os_core.o(.bss)
    OSTCBPrioTbl                             0x20005afc   Data         256  os_core.o(.bss)
    OSTCBTbl                                 0x20005bfc   Data         912  os_core.o(.bss)
    OSMemTbl                                 0x20005f8c   Data         120  os_core.o(.bss)
    OSQTbl                                   0x20006004   Data         120  os_core.o(.bss)
    __libspace_start                         0x2000607c   Data          96  libspace.o(.bss)
    __temporary_stack_top$libspace           0x200060dc   Data           0  libspace.o(.bss)



==============================================================================

Memory Map of the image

  Image Entry point : 0x08000131

  Load Region LR_IROM1 (Base: 0x08000000, Size: 0x00004568, Max: 0x00080000, ABSOLUTE, COMPRESSED[0x00004468])

    Execution Region ER_IROM1 (Base: 0x08000000, Size: 0x000043f8, Max: 0x00080000, ABSOLUTE)

    Base Addr    Size         Type   Attr      Idx    E Section Name        Object

    0x08000000   0x00000130   Data   RO          431    RESET               startup_stm32f10x_hd.o
    0x08000130   0x00000008   Code   RO         9127  * !!!main             c_w.l(__main.o)
    0x08000138   0x00000034   Code   RO         9468    !!!scatter          c_w.l(__scatter.o)
    0x0800016c   0x0000005a   Code   RO         9466    !!dczerorl2         c_w.l(__dczerorl2.o)
    0x080001c6   0x00000002   PAD
    0x080001c8   0x0000001c   Code   RO         9470    !!handler_zi        c_w.l(__scatter_zi.o)
    0x080001e4   0x00000000   Code   RO         9102    .ARM.Collect$$_printf_percent$$00000000  c_w.l(_printf_percent.o)
    0x080001e4   0x00000006   Code   RO         9101    .ARM.Collect$$_printf_percent$$00000009  c_w.l(_printf_d.o)
    0x080001ea   0x00000004   Code   RO         9237    .ARM.Collect$$_printf_percent$$00000017  c_w.l(_printf_percent_end.o)
    0x080001ee   0x00000002   Code   RO         9338    .ARM.Collect$$libinit$$00000000  c_w.l(libinit.o)
    0x080001f0   0x00000000   Code   RO         9340    .ARM.Collect$$libinit$$00000002  c_w.l(libinit2.o)
    0x080001f0   0x00000000   Code   RO         9343    .ARM.Collect$$libinit$$00000008  c_w.l(libinit2.o)
    0x080001f0   0x00000000   Code   RO         9345    .ARM.Collect$$libinit$$0000000A  c_w.l(libinit2.o)
    0x080001f0   0x00000000   Code   RO         9347    .ARM.Collect$$libinit$$0000000C  c_w.l(libinit2.o)
    0x080001f0   0x00000006   Code   RO         9348    .ARM.Collect$$libinit$$0000000D  c_w.l(libinit2.o)
    0x080001f6   0x00000000   Code   RO         9350    .ARM.Collect$$libinit$$0000000F  c_w.l(libinit2.o)
    0x080001f6   0x0000000c   Code   RO         9351    .ARM.Collect$$libinit$$00000010  c_w.l(libinit2.o)
    0x08000202   0x00000000   Code   RO         9352    .ARM.Collect$$libinit$$00000011  c_w.l(libinit2.o)
    0x08000202   0x00000000   Code   RO         9354    .ARM.Collect$$libinit$$00000013  c_w.l(libinit2.o)
    0x08000202   0x00000000   Code   RO         9356    .ARM.Collect$$libinit$$00000015  c_w.l(libinit2.o)
    0x08000202   0x00000000   Code   RO         9358    .ARM.Collect$$libinit$$00000017  c_w.l(libinit2.o)
    0x08000202   0x00000000   Code   RO         9360    .ARM.Collect$$libinit$$00000019  c_w.l(libinit2.o)
    0x08000202   0x00000000   Code   RO         9362    .ARM.Collect$$libinit$$0000001B  c_w.l(libinit2.o)
    0x08000202   0x00000000   Code   RO         9364    .ARM.Collect$$libinit$$0000001D  c_w.l(libinit2.o)
    0x08000202   0x00000000   Code   RO         9366    .ARM.Collect$$libinit$$0000001F  c_w.l(libinit2.o)
    0x08000202   0x00000000   Code   RO         9368    .ARM.Collect$$libinit$$00000021  c_w.l(libinit2.o)
    0x08000202   0x00000000   Code   RO         9370    .ARM.Collect$$libinit$$00000023  c_w.l(libinit2.o)
    0x08000202   0x00000000   Code   RO         9374    .ARM.Collect$$libinit$$0000002A  c_w.l(libinit2.o)
    0x08000202   0x00000000   Code   RO         9376    .ARM.Collect$$libinit$$0000002C  c_w.l(libinit2.o)
    0x08000202   0x00000000   Code   RO         9378    .ARM.Collect$$libinit$$0000002E  c_w.l(libinit2.o)
    0x08000202   0x00000000   Code   RO         9380    .ARM.Collect$$libinit$$00000030  c_w.l(libinit2.o)
    0x08000202   0x00000002   Code   RO         9381    .ARM.Collect$$libinit$$00000031  c_w.l(libinit2.o)
    0x08000204   0x00000002   Code   RO         9415    .ARM.Collect$$libshutdown$$00000000  c_w.l(libshutdown.o)
    0x08000206   0x00000000   Code   RO         9427    .ARM.Collect$$libshutdown$$00000003  c_w.l(libshutdown2.o)
    0x08000206   0x00000000   Code   RO         9430    .ARM.Collect$$libshutdown$$00000006  c_w.l(libshutdown2.o)
    0x08000206   0x00000000   Code   RO         9433    .ARM.Collect$$libshutdown$$00000009  c_w.l(libshutdown2.o)
    0x08000206   0x00000000   Code   RO         9435    .ARM.Collect$$libshutdown$$0000000B  c_w.l(libshutdown2.o)
    0x08000206   0x00000000   Code   RO         9438    .ARM.Collect$$libshutdown$$0000000E  c_w.l(libshutdown2.o)
    0x08000206   0x00000002   Code   RO         9439    .ARM.Collect$$libshutdown$$0000000F  c_w.l(libshutdown2.o)
    0x08000208   0x00000000   Code   RO         9219    .ARM.Collect$$rtentry$$00000000  c_w.l(rtentry.o)
    0x08000208   0x00000000   Code   RO         9287    .ARM.Collect$$rtentry$$00000002  c_w.l(rtentry2.o)
    0x08000208   0x00000006   Code   RO         9299    .ARM.Collect$$rtentry$$00000004  c_w.l(rtentry4.o)
    0x0800020e   0x00000000   Code   RO         9289    .ARM.Collect$$rtentry$$00000009  c_w.l(rtentry2.o)
    0x0800020e   0x00000004   Code   RO         9290    .ARM.Collect$$rtentry$$0000000A  c_w.l(rtentry2.o)
    0x08000212   0x00000000   Code   RO         9292    .ARM.Collect$$rtentry$$0000000C  c_w.l(rtentry2.o)
    0x08000212   0x00000008   Code   RO         9293    .ARM.Collect$$rtentry$$0000000D  c_w.l(rtentry2.o)
    0x0800021a   0x00000002   Code   RO         9384    .ARM.Collect$$rtexit$$00000000  c_w.l(rtexit.o)
    0x0800021c   0x00000000   Code   RO         9393    .ARM.Collect$$rtexit$$00000002  c_w.l(rtexit2.o)
    0x0800021c   0x00000004   Code   RO         9394    .ARM.Collect$$rtexit$$00000003  c_w.l(rtexit2.o)
    0x08000220   0x00000006   Code   RO         9395    .ARM.Collect$$rtexit$$00000004  c_w.l(rtexit2.o)
    0x08000226   0x00000002   PAD
    0x08000228   0x0000015c   Code   RO            1    .text               main.o
    0x08000384   0x00000018   Code   RO          113    .text               stm32f10x_it.o
    0x0800039c   0x000001e0   Code   RO          128    .text               system_stm32f10x.o
    0x0800057c   0x00000138   Code   RO          146    .text               tool.o
    0x080006b4   0x000000b8   Code   RO          158    .text               module.o
    0x0800076c   0x00000028   Code   RO          196    .text               iwdg_module.o
    0x08000794   0x0000005c   Code   RO          208    .text               led_module.o
    0x080007f0   0x00000074   Code   RO          225    .text               usart_loop_module.o
    0x08000864   0x00000048   Code   RO          258    .text               usart_module.o
    0x080008ac   0x000001b8   Code   RO          272    .text               input_module.o
    0x08000a64   0x000001d8   Code   RO          291    .text               msg_test_module.o
    0x08000c3c   0x00000048   Code   RO          349    .text               led.o
    0x08000c84   0x00000080   Code   RO          361    .text               input.o
    0x08000d04   0x00000040   Code   RO          432    .text               startup_stm32f10x_hd.o
    0x08000d44   0x00000104   Code   RO          436    .text               delay.o
    0x08000e48   0x00000298   Code   RO          450    .text               sys.o
    0x080010e0   0x00000514   Code   RO          470    .text               usart.o
    0x080015f4   0x000000dc   Code   RO          486    .text               misc.o
    0x080016d0   0x0000035c   Code   RO          510    .text               stm32f10x_gpio.o
    0x08001a2c   0x000003a4   Code   RO          522    .text               stm32f10x_rcc.o
    0x08001dd0   0x00000408   Code   RO          536    .text               stm32f10x_usart.o
    0x080021d8   0x00000040   Code   RO          587    .text               stm32f10x_iwdg.o
    0x08002218   0x0000088c   Code   RO          623    .text               os_core.o
    0x08002aa4   0x000001e4   Code   RO          671    .text               os_mem.o
    0x08002c88   0x000005e8   Code   RO          695    .text               os_q.o
    0x08003270   0x000007b4   Code   RO          719    .text               os_task.o
    0x08003a24   0x000001b0   Code   RO          731    .text               os_time.o
    0x08003bd4   0x000000ae   Code   RO          743    .text               os_cpu_c.o
    0x08003c82   0x00000002   PAD
    0x08003c84   0x000000b4   Code   RO          768    .text               os_cpu_a.o
    0x08003d38   0x0000001e   Code   RO         9068    .text               c_w.l(toupper.o)
    0x08003d56   0x00000002   PAD
    0x08003d58   0x00000028   Code   RO         9072    .text               c_w.l(noretval__2sprintf.o)
    0x08003d80   0x00000068   Code   RO         9074    .text               c_w.l(__printf.o)
    0x08003de8   0x00000074   Code   RO         9078    .text               c_w.l(_printf_dec.o)
    0x08003e5c   0x0000003e   Code   RO         9113    .text               c_w.l(strlen.o)
    0x08003e9a   0x0000008a   Code   RO         9115    .text               c_w.l(rt_memcpy_v6.o)
    0x08003f24   0x00000064   Code   RO         9119    .text               c_w.l(rt_memcpy_w.o)
    0x08003f88   0x00000006   Code   RO         9125    .text               c_w.l(heapauxi.o)
    0x08003f8e   0x00000002   PAD
    0x08003f90   0x00000010   Code   RO         9220    .text               c_w.l(rt_ctype_table.o)
    0x08003fa0   0x000000b2   Code   RO         9229    .text               c_w.l(_printf_intcommon.o)
    0x08004052   0x00000002   PAD
    0x08004054   0x00000030   Code   RO         9231    .text               c_w.l(_printf_char_common.o)
    0x08004084   0x0000000a   Code   RO         9233    .text               c_w.l(_sputc.o)
    0x0800408e   0x00000002   PAD
    0x08004090   0x00000008   Code   RO         9283    .text               c_w.l(libspace.o)
    0x08004098   0x00000008   Code   RO         9304    .text               c_w.l(rt_locale_intlibspace.o)
    0x080040a0   0x0000004a   Code   RO         9327    .text               c_w.l(sys_stackheap_outer.o)
    0x080040ea   0x0000000c   Code   RO         9329    .text               c_w.l(exit.o)
    0x080040f6   0x00000002   PAD
    0x080040f8   0x00000080   Code   RO         9331    .text               c_w.l(strcmpv7m.o)
    0x08004178   0x0000000c   Code   RO         9405    .text               c_w.l(sys_exit.o)
    0x08004184   0x00000002   Code   RO         9416    .text               c_w.l(use_no_semi.o)
    0x08004186   0x00000000   Code   RO         9418    .text               c_w.l(indicate_semi.o)
    0x08004186   0x00000002   PAD
    0x08004188   0x0000002c   Code   RO         9315    locale$$code        c_w.l(lc_ctype_c.o)
    0x080041b4   0x0000000c   Data   RO          274    .constdata          input_module.o
    0x080041c0   0x00000008   Data   RO          362    .constdata          input.o
    0x080041c8   0x00000100   Data   RO          625    .constdata          os_core.o
    0x080042c8   0x00000020   Data   RO         9464    Region$$Table       anon$$obj.o
    0x080042e8   0x00000110   Data   RO         9314    locale$$data        c_w.l(lc_ctype_c.o)


    Execution Region RW_IRAM1 (Base: 0x20000000, Size: 0x000066e0, Max: 0x00010000, ABSOLUTE, COMPRESSED[0x00000070])

    Base Addr    Size         Type   Attr      Idx    E Section Name        Object

    0x20000000   0x00000014   Data   RW          129    .data               system_stm32f10x.o
    0x20000014   0x000000c0   Data   RW          159    .data               module.o
    0x200000d4   0x00000003   Data   RW          209    .data               led_module.o
    0x200000d7   0x00000001   PAD
    0x200000d8   0x00000002   Data   RW          227    .data               usart_loop_module.o
    0x200000da   0x00000002   Data   RW          292    .data               msg_test_module.o
    0x200000dc   0x00000010   Data   RW          363    .data               input.o
    0x200000ec   0x00000008   Data   RW          437    .data               delay.o
    0x200000f4   0x0000000c   Data   RW          452    .data               sys.o
    0x20000100   0x00000014   Data   RW          472    .data               usart.o
    0x20000114   0x00000014   Data   RW          523    .data               stm32f10x_rcc.o
    0x20000128   0x00000048   Data   RW          626    .data               os_core.o
    0x20000170   0x00003c00   Zero   RW            2    .bss                main.o
    0x20003d70   0x00000040   Zero   RW          226    .bss                usart_loop_module.o
    0x20003db0   0x00000200   Zero   RW          259    .bss                usart_module.o
    0x20003fb0   0x00000028   Zero   RW          273    .bss                input_module.o
    0x20003fd8   0x00001634   Zero   RW          451    .bss                sys.o
    0x2000560c   0x0000008c   Zero   RW          471    .bss                usart.o
    0x20005698   0x000009e4   Zero   RW          624    .bss                os_core.o
    0x2000607c   0x00000060   Zero   RW         9284    .bss                c_w.l(libspace.o)
    0x200060dc   0x00000004   PAD
    0x200060e0   0x00000200   Zero   RW          430    HEAP                startup_stm32f10x_hd.o
    0x200062e0   0x00000400   Zero   RW          429    STACK               startup_stm32f10x_hd.o


==============================================================================

Image component sizes


      Code (inc. data)   RO Data    RW Data    ZI Data      Debug   Object Name

         0          0          0          0          0         32   core_cm3.o
       260         20          0          8          0       1283   delay.o
       128         16          8         16          0       1279   input.o
       440         14         12          0         40       2375   input_module.o
        40          0          0          0          0        642   iwdg_module.o
        72         10          0          0          0        479   led.o
        92         14          0          3          0       1072   led_module.o
       348         16          0          0      15360     245040   main.o
       220         22          0          0          0       1825   misc.o
       184          6          0        192          0       1819   module.o
       472        112          0          2          0       1912   msg_test_module.o
      2188        220        256         72       2532      14689   os_core.o
       180         36          0          0          0        320   os_cpu_a.o
       174          0          0          0          0      10284   os_cpu_c.o
       484         16          0          0          0       3084   os_mem.o
      1512         30          0          0          0       5485   os_q.o
      1972         68          0          0          0       7361   os_task.o
       432         30          0          0          0       1758   os_time.o
        64         26        304          0       1536        804   startup_stm32f10x_hd.o
       860         38          0          0          0       5669   stm32f10x_gpio.o
        24          0          0          0          0       1126   stm32f10x_it.o
        64          6          0          0          0       1269   stm32f10x_iwdg.o
       932         36          0         20          0       8828   stm32f10x_rcc.o
      1032         22          0          0          0       8392   stm32f10x_usart.o
       664        126          0         12       5684      19097   sys.o
       480         38          0         20          0       1763   system_stm32f10x.o
       312          0          0          0          0       2623   tool.o
      1300         30          0         20        140       4516   usart.o
       116         10          0          2         64       1576   usart_loop_module.o
        72          6          0          0        512       1491   usart_module.o

    ----------------------------------------------------------------------
     15120        968        612        368      25868     357893   Object Totals
         0          0         32          0          0          0   (incl. Generated)
         2          0          0          1          0          0   (incl. Padding)

    ----------------------------------------------------------------------

      Code (inc. data)   RO Data    RW Data    ZI Data      Debug   Library Member Name

        90          0          0          0          0          0   __dczerorl2.o
         8          0          0          0          0         68   __main.o
       104          0          0          0          0         84   __printf.o
        52          8          0          0          0          0   __scatter.o
        28          0          0          0          0          0   __scatter_zi.o
        48          6          0          0          0         96   _printf_char_common.o
         6          0          0          0          0          0   _printf_d.o
       116         16          0          0          0         92   _printf_dec.o
       178          0          0          0          0         88   _printf_intcommon.o
         0          0          0          0          0          0   _printf_percent.o
         4          0          0          0          0          0   _printf_percent_end.o
        10          0          0          0          0         68   _sputc.o
        12          0          0          0          0         72   exit.o
         6          0          0          0          0        152   heapauxi.o
         0          0          0          0          0          0   indicate_semi.o
        44         10        272          0          0         76   lc_ctype_c.o
         2          0          0          0          0          0   libinit.o
        20          0          0          0          0          0   libinit2.o
         2          0          0          0          0          0   libshutdown.o
         2          0          0          0          0          0   libshutdown2.o
         8          4          0          0         96         68   libspace.o
        40          6          0          0          0         84   noretval__2sprintf.o
        16          4          0          0          0         76   rt_ctype_table.o
         8          4          0          0          0         68   rt_locale_intlibspace.o
       138          0          0          0          0         68   rt_memcpy_v6.o
       100          0          0          0          0         80   rt_memcpy_w.o
         0          0          0          0          0          0   rtentry.o
        12          0          0          0          0          0   rtentry2.o
         6          0          0          0          0          0   rtentry4.o
         2          0          0          0          0          0   rtexit.o
        10          0          0          0          0          0   rtexit2.o
       128          0          0          0          0         68   strcmpv7m.o
        62          0          0          0          0         76   strlen.o
        12          4          0          0          0         68   sys_exit.o
        74          0          0          0          0         80   sys_stackheap_outer.o
        30          0          0          0          0         76   toupper.o
         2          0          0          0          0         68   use_no_semi.o

    ----------------------------------------------------------------------
      1396         62        272          0        100       1676   Library Totals
        16          0          0          0          4          0   (incl. Padding)

    ----------------------------------------------------------------------

      Code (inc. data)   RO Data    RW Data    ZI Data      Debug   Library Name

      1380         62        272          0         96       1676   c_w.l

    ----------------------------------------------------------------------
      1396         62        272          0        100       1676   Library Totals

    ----------------------------------------------------------------------

==============================================================================


      Code (inc. data)   RO Data    RW Data    ZI Data      Debug   

     16516       1030        884        368      25968     356393   Grand Totals
     16516       1030        884        112      25968     356393   ELF Image Totals (compressed)
     16516       1030        884        112          0          0   ROM Totals

==============================================================================

    Total RO  Size (Code + RO Data)                17400 (  16.99kB)
    Total RW  Size (RW Data + ZI Data)             26336 (  25.72kB)
    Total ROM Size (Code + RO Data + RW Data)      17512 (  17.10kB)

==============================================================================

