Product: MDK-ARM Basic 5.10
Component: ARM Compiler 5.04 update 1 (build 49)
Tool: armlink [5040049]

==============================================================================

Section Cross References

    main.o(.text) refers to sys.o(.text) for receive_Message
    main.o(.text) refers to os_time.o(.text) for OSTimeDlyHMSM
    main.o(.text) refers to os_core.o(.text) for OSStatInit
    main.o(.text) refers to os_cpu_a.o(.text) for OS_CPU_SR_Save
    main.o(.text) refers to os_task.o(.text) for OSTaskCreate
    main.o(.text) refers to at_port.o(.text) for at_recvTask
    main.o(.text) refers to main.o(.bss) for TaskOne_Stk
    system_stm32f10x.o(.text) refers to system_stm32f10x.o(.data) for SystemCoreClock
    des.o(.text) refers to des.o(.constdata) for bit_msk
    des.o(.text) refers to des.o(.data) for main_key
    des.o(.text) refers to des.o(.bss) for sub_keys
    tool.o(.text) refers to toupper.o(.text) for toupper
    flashencode.o(.text) refers to des.o(.text) for des
    flashencode.o(.text) refers to stm32f10x_flash.o(.text) for FLASH_ErasePage
    flashencode.o(.text) refers to flashencode.o(.constdata) for DES_KEY_TO_STM
    startup_stm32f10x_md.o(STACK) refers (Special) to heapauxi.o(.text) for __use_two_region_memory
    startup_stm32f10x_md.o(HEAP) refers (Special) to heapauxi.o(.text) for __use_two_region_memory
    startup_stm32f10x_md.o(RESET) refers (Special) to heapauxi.o(.text) for __use_two_region_memory
    startup_stm32f10x_md.o(RESET) refers to startup_stm32f10x_md.o(STACK) for __initial_sp
    startup_stm32f10x_md.o(RESET) refers to startup_stm32f10x_md.o(.text) for Reset_Handler
    startup_stm32f10x_md.o(RESET) refers to stm32f10x_it.o(.text) for NMI_Handler
    startup_stm32f10x_md.o(RESET) refers to os_cpu_a.o(.text) for PendSV_Handler
    startup_stm32f10x_md.o(RESET) refers to delay.o(.text) for SysTick_Handler
    startup_stm32f10x_md.o(RESET) refers to touch.o(.text) for EXTI1_IRQHandler
    startup_stm32f10x_md.o(RESET) refers to usart.o(.text) for USART1_IRQHandler
    startup_stm32f10x_md.o(.text) refers (Special) to heapauxi.o(.text) for __use_two_region_memory
    startup_stm32f10x_md.o(.text) refers to system_stm32f10x.o(.text) for SystemInit
    startup_stm32f10x_md.o(.text) refers to __main.o(!!!main) for __main
    startup_stm32f10x_md.o(.text) refers to startup_stm32f10x_md.o(HEAP) for Heap_Mem
    startup_stm32f10x_md.o(.text) refers to startup_stm32f10x_md.o(STACK) for Stack_Mem
    delay.o(.text) refers to os_core.o(.text) for OSIntEnter
    delay.o(.text) refers to misc.o(.text) for SysTick_CLKSourceConfig
    delay.o(.text) refers to os_time.o(.text) for OSTimeDly
    delay.o(.text) refers to system_stm32f10x.o(.data) for SystemCoreClock
    delay.o(.text) refers to delay.o(.data) for fac_us
    delay.o(.text) refers to os_core.o(.data) for OSRunning
    sys.o(.text) refers to misc.o(.text) for NVIC_PriorityGroupConfig
    sys.o(.text) refers to os_cpu_a.o(.text) for OS_CPU_SR_Save
    sys.o(.text) refers to c89vsprintf.o(.text) for __c89vsprintf
    sys.o(.text) refers to strlen.o(.text) for strlen
    sys.o(.text) refers to usart.o(.text) for Usart_SetData
    sys.o(.text) refers to delay.o(.text) for delay_init
    sys.o(.text) refers to stm32f10x_flash.o(.text) for FLASH_Unlock
    sys.o(.text) refers to flashencode.o(.text) for Flash_Encode
    sys.o(.text) refers to des.o(.text) for des
    sys.o(.text) refers to os_q.o(.text) for OSQCreate
    sys.o(.text) refers to os_mem.o(.text) for OSMemCreate
    sys.o(.text) refers to rt_memcpy_v6.o(.text) for __aeabi_memcpy
    sys.o(.text) refers to sys.o(.data) for DebugLevel
    sys.o(.text) refers to sys.o(.bss) for _OSQ_MSG
    usart.o(.text) refers to stm32f10x_gpio.o(.text) for GPIO_Init
    usart.o(.text) refers to misc.o(.text) for NVIC_Init
    usart.o(.text) refers to stm32f10x_usart.o(.text) for USART_Init
    usart.o(.text) refers to os_cpu_a.o(.text) for OS_CPU_SR_Save
    usart.o(.text) refers to stm32f10x_rcc.o(.text) for RCC_APB2PeriphClockCmd
    usart.o(.text) refers to os_core.o(.text) for OSIntEnter
    usart.o(.text) refers to usart.o(.bss) for g_Usarts
    stm32f10x_gpio.o(.text) refers to stm32f10x_rcc.o(.text) for RCC_APB2PeriphResetCmd
    stm32f10x_rcc.o(.text) refers to stm32f10x_rcc.o(.data) for APBAHBPrescTable
    stm32f10x_usart.o(.text) refers to stm32f10x_rcc.o(.text) for RCC_APB2PeriphResetCmd
    led.o(.text) refers to stm32f10x_rcc.o(.text) for RCC_APB2PeriphClockCmd
    led.o(.text) refers to stm32f10x_gpio.o(.text) for GPIO_Init
    ili93xx.o(.text) refers to delay.o(.text) for delay_us
    ili93xx.o(.text) refers to ili93xx.o(i.LCD_SetCursor) for LCD_SetCursor
    ili93xx.o(.text) refers to ili93xx.o(.data) for DeviceCode
    ili93xx.o(.text) refers to ili93xx.o(.constdata) for asc2_1206
    touch.o(.text) refers to delay.o(.text) for delay_us
[...]
    .constdata                               0x08006c34   Section        8  flashencode.o(.constdata)
    .constdata                               0x08006c3c   Section      256  os_core.o(.constdata)
    .constdata                               0x08006d3c   Section       17  __printf_flags_ss_wp.o(.constdata)
    maptable                                 0x08006d3c   Data          17  __printf_flags_ss_wp.o(.constdata)
    .constdata                               0x08006d50   Section        8  _printf_wctomb.o(.constdata)
    initial_mbstate                          0x08006d50   Data           8  _printf_wctomb.o(.constdata)
    .constdata                               0x08006d58   Section       40  _printf_hex_int_ll_ptr.o(.constdata)
    uc_hextab                                0x08006d58   Data          20  _printf_hex_int_ll_ptr.o(.constdata)
    lc_hextab                                0x08006d6c   Data          20  _printf_hex_int_ll_ptr.o(.constdata)
    .constdata                               0x08006d80   Section      148  bigflt0.o(.constdata)
    tenpwrs_x                                0x08006d80   Data          60  bigflt0.o(.constdata)
    tenpwrs_i                                0x08006dbc   Data          64  bigflt0.o(.constdata)
    .conststring                             0x08006e14   Section       41  at_cmd.o(.conststring)
    locale$$data                             0x08006e60   Section      272  lc_ctype_c.o(locale$$data)
    __lcctype_c_name                         0x08006e64   Data           2  lc_ctype_c.o(locale$$data)
    __lcctype_c_start                        0x08006e6c   Data           0  lc_ctype_c.o(locale$$data)
    locale$$data                             0x08006f70   Section       28  lc_numeric_c.o(locale$$data)
    __lcctype_c_end                          0x08006f70   Data           0  lc_ctype_c.o(locale$$data)
    __lcnum_c_name                           0x08006f74   Data           2  lc_numeric_c.o(locale$$data)
    __lcnum_c_start                          0x08006f7c   Data           0  lc_numeric_c.o(locale$$data)
    __lcnum_c_point                          0x08006f88   Data           0  lc_numeric_c.o(locale$$data)
    __lcnum_c_thousands                      0x08006f8a   Data           0  lc_numeric_c.o(locale$$data)
    __lcnum_c_grouping                       0x08006f8b   Data           0  lc_numeric_c.o(locale$$data)
    __lcnum_c_end                            0x08006f8c   Data           0  lc_numeric_c.o(locale$$data)
    .data                                    0x20000000   Section       20  system_stm32f10x.o(.data)
    .data                                    0x20000014   Section       24  des.o(.data)
    .data                                    0x2000002c   Section        8  delay.o(.data)
    fac_us                                   0x2000002c   Data           4  delay.o(.data)
    fac_ms                                   0x20000030   Data           4  delay.o(.data)
    .data                                    0x20000034   Section       12  sys.o(.data)
    .data                                    0x20000040   Section       20  stm32f10x_rcc.o(.data)
    APBAHBPrescTable                         0x20000040   Data          16  stm32f10x_rcc.o(.data)
    ADCPrescTable                            0x20000050   Data           4  stm32f10x_rcc.o(.data)
    .data                                    0x20000054   Section        2  touch.o(.data)
    .data                                    0x20000058   Section       72  os_core.o(.data)
    .data                                    0x200000a0   Section      408  at_cmd.o(.data)
    .data                                    0x20000238   Section       16  at_port.o(.data)
    atHead                                   0x20000241   Data           2  at_port.o(.data)
    pCmdLine                                 0x20000244   Data           4  at_port.o(.data)
    .bss                                     0x20000248   Section     6144  main.o(.bss)
    TaskStart_Stk                            0x20000248   Data        3072  main.o(.bss)
    TaskOne_Stk                              0x20000e48   Data        2048  main.o(.bss)
    TaskTwo_Stk                              0x20001648   Data        1024  main.o(.bss)
    .bss                                     0x20001a48   Section      128  des.o(.bss)
    .bss                                     0x20001ac8   Section     2692  sys.o(.bss)
    _OSQ_MSG                                 0x200024d4   Data         120  sys.o(.bss)
    .bss                                     0x2000254c   Section      816  usart.o(.bss)
    g_Usarts                                 0x2000254c   Data         816  usart.o(.bss)
    .bss                                     0x2000287c   Section       32  touch.o(.bss)
    .bss                                     0x2000289c   Section     2536  os_core.o(.bss)
    .bss                                     0x20003284   Section      128  at_port.o(.bss)
    at_cmdLine                               0x20003284   Data         128  at_port.o(.bss)
    .bss                                     0x20003304   Section       96  libspace.o(.bss)
    HEAP                                     0x20003368   Section      512  startup_stm32f10x_md.o(HEAP)
    Heap_Mem                                 0x20003368   Data         512  startup_stm32f10x_md.o(HEAP)
    STACK                                    0x20003568   Section     1024  startup_stm32f10x_md.o(STACK)
    Stack_Mem                                0x20003568   Data        1024  startup_stm32f10x_md.o(STACK)
    __initial_sp                             0x20003968   Data           0  startup_stm32f10x_md.o(STACK)

    Global Symbols

    Symbol Name                              Value     Ov Type        Size  Object(Section)

    BuildAttributes$$THM_ISAv4$P$D$K$B$S$PE$A:L22UL41UL21$X:L11$S22US41US21$IEEE1$IW$USESV6$~STKCKD$USESV7$~SHL$OTIME$ROPI$IEEEX$EBA8$UX$STANDARDLIB$REQ8$PRES8$EABIv2 0x00000000   Number         0  anon$$obj.o ABSOLUTE
    __ARM_use_no_argv                        0x00000000   Number         0  main.o ABSOLUTE
    _printf_flags                            0x00000000   Number         0  printf_stubs.o ABSOLUTE
    _printf_return_value                     0x00000000   Number         0  printf_stubs.o ABSOLUTE
    _printf_sizespec                         0x00000000   Number         0  printf_stubs.o ABSOLUTE
    _printf_widthprec                        0x00000000   Number         0  printf_stubs.o ABSOLUTE
    __ARM_exceptions_init                     - Undefined Weak Reference
    __alloca_initialize                       - Undefined Weak Reference
    __cpp_initialize__aeabi_                  - Undefined Weak Reference
    __cxa_finalize                            - Undefined Weak Reference
    __sigvec_lookup                           - Undefined Weak Reference
    _atexit_init                              - Undefined Weak Reference
    _call_atexit_fns                          - Undefined Weak Reference
    _clock_init                               - Undefined Weak Reference
    _fp_trap_init                             - Undefined Weak Reference
    _fp_trap_shutdown                         - Undefined Weak Reference
    _get_lc_collate                           - Undefined Weak Reference
    _get_lc_monetary                          - Undefined Weak Reference
    _get_lc_time                              - Undefined Weak Reference
    _getenv_init                              - Undefined Weak Reference
    _handle_redirection                       - Undefined Weak Reference
    _init_alloc                               - Undefined Weak Reference
    _init_user_alloc                          - Undefined Weak Reference
    _initio                                   - Undefined Weak Reference
    _printf_fp_hex                            - Undefined Weak Reference
    _printf_mbtowc                            - Undefined Weak Reference
    _printf_wc                                - Undefined Weak Reference
    _rand_init                                - Undefined Weak Reference
    _scanf_longlong                           - Undefined Weak Reference
    _scanf_mbtowc                             - Undefined Weak Reference
    _scanf_real                               - Undefined Weak Reference
    _scanf_string                             - Undefined Weak Reference
    _scanf_wctomb                             - Undefined Weak Reference
    _scanf_wstring                            - Undefined Weak Reference
    _signal_finish                            - Undefined Weak Reference
    _signal_init                              - Undefined Weak Reference
    _terminate_alloc                          - Undefined Weak Reference
    _terminate_user_alloc                     - Undefined Weak Reference
    _terminateio                              - Undefined Weak Reference
    __Vectors_Size                           0x000000ec   Number         0  startup_stm32f10x_md.o ABSOLUTE
    __Vectors                                0x08000000   Data           4  startup_stm32f10x_md.o(RESET)
    __Vectors_End                            0x080000ec   Data           0  startup_stm32f10x_md.o(RESET)
    __main                                   0x080000ed   Thumb Code     8  __main.o(!!!main)
    __scatterload                            0x080000f5   Thumb Code     0  __scatter.o(!!!scatter)
    __scatterload_rt2                        0x080000f5   Thumb Code    44  __scatter.o(!!!scatter)
    __scatterload_rt2_thumb_only             0x080000f5   Thumb Code     0  __scatter.o(!!!scatter)
    __scatterload_null                       0x08000103   Thumb Code     0  __scatter.o(!!!scatter)
    __decompress                             0x08000129   Thumb Code    90  __dczerorl2.o(!!dczerorl2)
    __decompress1                            0x08000129   Thumb Code     0  __dczerorl2.o(!!dczerorl2)
    __scatterload_zeroinit                   0x08000185   Thumb Code    28  __scatter_zi.o(!!handler_zi)
    _printf_n                                0x080001a1   Thumb Code     0  _printf_n.o(.ARM.Collect$$_printf_percent$$00000001)
    _printf_percent                          0x080001a1   Thumb Code     0  _printf_percent.o(.ARM.Collect$$_printf_percent$$00000000)
    _printf_p                                0x080001a7   Thumb Code     0  _printf_p.o(.ARM.Collect$$_printf_percent$$00000002)
    _printf_f                                0x080001ad   Thumb Code     0  _printf_f.o(.ARM.Collect$$_printf_percent$$00000003)
    _printf_e                                0x080001b3   Thumb Code     0  _printf_e.o(.ARM.Collect$$_printf_percent$$00000004)
    _printf_g                                0x080001b9   Thumb Code     0  _printf_g.o(.ARM.Collect$$_printf_percent$$00000005)
    _printf_a                                0x080001bf   Thumb Code     0  _printf_a.o(.ARM.Collect$$_printf_percent$$00000006)
    _printf_ll                               0x080001c5   Thumb Code     0  _printf_ll.o(.ARM.Collect$$_printf_percent$$00000007)
    _printf_i                                0x080001cf   Thumb Code     0  _printf_i.o(.ARM.Collect$$_printf_percent$$00000008)
    _printf_d                                0x080001d5   Thumb Code     0  _printf_d.o(.ARM.Collect$$_printf_percent$$00000009)
    _printf_u                                0x080001db   Thumb Code     0  _printf_u.o(.ARM.Collect$$_printf_percent$$0000000A)
    _printf_o                                0x080001e1   Thumb Code     0  _printf_o.o(.ARM.Collect$$_printf_percent$$0000000B)
    _printf_x                                0x080001e7   Thumb Code     0  _printf_x.o(.ARM.Collect$$_printf_percent$$0000000C)
    _printf_lli                              0x080001ed   Thumb Code     0  _printf_lli.o(.ARM.Collect$$_printf_percent$$0000000D)
    _printf_lld                              0x080001f3   Thumb Code     0  _printf_lld.o(.ARM.Collect$$_printf_percent$$0000000E)
    _printf_llu                              0x080001f9   Thumb Code     0  _printf_llu.o(.ARM.Collect$$_printf_percent$$0000000F)
    _printf_llo                              0x080001ff   Thumb Code     0  _printf_llo.o(.ARM.Collect$$_printf_percent$$00000010)
    _printf_llx                              0x08000205   Thumb Code     0  _printf_llx.o(.ARM.Collect$$_printf_percent$$00000011)
    _printf_l                                0x0800020b   Thumb Code     0  _printf_l.o(.ARM.Collect$$_printf_percent$$00000012)
    _printf_c                                0x08000215   Thumb Code     0  _printf_c.o(.ARM.Collect$$_printf_percent$$00000013)
    _printf_s                                0x0800021b   Thumb Code     0  _printf_s.o(.ARM.Collect$$_printf_percent$$00000014)
    _printf_lc                               0x08000221   Thumb Code     0  _printf_lc.o(.ARM.Collect$$_printf_percent$$00000015)
    _printf_ls                               0x08000227   Thumb Code     0  _printf_ls.o(.ARM.Collect$$_printf_percent$$00000016)
    _printf_percent_end                      0x0800022d   Thumb Code     0  _printf_percent_end.o(.ARM.Collect$$_printf_percent$$00000017)
    __rt_lib_init                            0x08000231   Thumb Code     0  libinit.o(.ARM.Collect$$libinit$$00000000)
    __rt_lib_init_fp_1                       0x08000233   Thumb Code     0  libinit2.o(.ARM.Collect$$libinit$$00000002)
    __rt_lib_init_heap_1                     0x08000233   Thumb Code     0  libinit2.o(.ARM.Collect$$libinit$$00000008)
    __rt_lib_init_lc_common                  0x08000233   Thumb Code     0  libinit2.o(.ARM.Collect$$libinit$$0000000D)
    __rt_lib_init_rand_1                     0x08000233   Thumb Code     0  libinit2.o(.ARM.Collect$$libinit$$0000000C)
    __rt_lib_init_user_alloc_1               0x08000233   Thumb Code     0  libinit2.o(.ARM.Collect$$libinit$$0000000A)
    __rt_lib_init_lc_collate_1               0x08000239   Thumb Code     0  libinit2.o(.ARM.Collect$$libinit$$0000000F)
    __rt_lib_init_lc_ctype_2                 0x08000239   Thumb Code     0  libinit2.o(.ARM.Collect$$libinit$$00000010)
    __rt_lib_init_lc_ctype_1                 0x08000245   Thumb Code     0  libinit2.o(.ARM.Collect$$libinit$$00000011)
    __rt_lib_init_lc_monetary_1              0x08000245   Thumb Code     0  libinit2.o(.ARM.Collect$$libinit$$00000013)
    __rt_lib_init_lc_numeric_2               0x08000245   Thumb Code     0  libinit2.o(.ARM.Collect$$libinit$$00000014)
    __rt_lib_init_alloca_1                   0x0800024f   Thumb Code     0  libinit2.o(.ARM.Collect$$libinit$$0000002C)
    __rt_lib_init_argv_1                     0x0800024f   Thumb Code     0  libinit2.o(.ARM.Collect$$libinit$$0000002A)
    __rt_lib_init_atexit_1                   0x0800024f   Thumb Code     0  libinit2.o(.ARM.Collect$$libinit$$00000019)
    __rt_lib_init_clock_1                    0x0800024f   Thumb Code     0  libinit2.o(.ARM.Collect$$libinit$$0000001F)
    __rt_lib_init_cpp_1                      0x0800024f   Thumb Code     0  libinit2.o(.ARM.Collect$$libinit$$00000030)
    __rt_lib_init_exceptions_1               0x0800024f   Thumb Code     0  libinit2.o(.ARM.Collect$$libinit$$0000002E)
    __rt_lib_init_fp_trap_1                  0x0800024f   Thumb Code     0  libinit2.o(.ARM.Collect$$libinit$$0000001D)
    __rt_lib_init_getenv_1                   0x0800024f   Thumb Code     0  libinit2.o(.ARM.Collect$$libinit$$00000021)
    __rt_lib_init_lc_numeric_1               0x0800024f   Thumb Code     0  libinit2.o(.ARM.Collect$$libinit$$00000015)
    __rt_lib_init_lc_time_1                  0x0800024f   Thumb Code     0  libinit2.o(.ARM.Collect$$libinit$$00000017)
    __rt_lib_init_return                     0x0800024f   Thumb Code     0  libinit2.o(.ARM.Collect$$libinit$$00000031)
    __rt_lib_init_signal_1                   0x0800024f   Thumb Code     0  libinit2.o(.ARM.Collect$$libinit$$0000001B)
    __rt_lib_init_stdio_1                    0x0800024f   Thumb Code     0  libinit2.o(.ARM.Collect$$libinit$$00000023)
    __rt_lib_shutdown                        0x08000251   Thumb Code     0  libshutdown.o(.ARM.Collect$$libshutdown$$00000000)
    __rt_lib_shutdown_fp_trap_1              0x08000253   Thumb Code     0  libshutdown2.o(.ARM.Collect$$libshutdown$$00000006)
    __rt_lib_shutdown_heap_1                 0x08000253   Thumb Code     0  libshutdown2.o(.ARM.Collect$$libshutdown$$0000000E)
    __rt_lib_shutdown_return                 0x08000253   Thumb Code     0  libshutdown2.o(.ARM.Collect$$libshutdown$$0000000F)
    __rt_lib_shutdown_signal_1               0x08000253   Thumb Code     0  libshutdown2.o(.ARM.Collect$$libshutdown$$00000009)
    __rt_lib_shutdown_stdio_1                0x08000253   Thumb Code     0  libshutdown2.o(.ARM.Collect$$libshutdown$$00000003)
    __rt_lib_shutdown_user_alloc_1           0x08000253   Thumb Code     0  libshutdown2.o(.ARM.Collect$$libshutdown$$0000000B)
    __rt_entry                               0x08000255   Thumb Code     0  rtentry.o(.ARM.Collect$$rtentry$$00000000)
    __rt_entry_presh_1                       0x08000255   Thumb Code     0  rtentry2.o(.ARM.Collect$$rtentry$$00000002)
    __rt_entry_sh                            0x08000255   Thumb Code     0  rtentry4.o(.ARM.Collect$$rtentry$$00000004)
    __rt_entry_li                            0x0800025b   Thumb Code     0  rtentry2.o(.ARM.Collect$$rtentry$$0000000A)
    __rt_entry_postsh_1                      0x0800025b   Thumb Code     0  rtentry2.o(.ARM.Collect$$rtentry$$00000009)
    __rt_entry_main                          0x0800025f   Thumb Code     0  rtentry2.o(.ARM.Collect$$rtentry$$0000000D)
    __rt_entry_postli_1                      0x0800025f   Thumb Code     0  rtentry2.o(.ARM.Collect$$rtentry$$0000000C)
    __rt_exit                                0x08000267   Thumb Code     0  rtexit.o(.ARM.Collect$$rtexit$$00000000)
    __rt_exit_ls                             0x08000269   Thumb Code     0  rtexit2.o(.ARM.Collect$$rtexit$$00000003)
    __rt_exit_prels_1                        0x08000269   Thumb Code     0  rtexit2.o(.ARM.Collect$$rtexit$$00000002)
    __rt_exit_exit                           0x0800026d   Thumb Code     0  rtexit2.o(.ARM.Collect$$rtexit$$00000004)
    TaskTwo                                  0x08000275   Thumb Code    64  main.o(.text)
    TaskOne                                  0x080002b5   Thumb Code    66  main.o(.text)
    TaskStart                                0x080002f7   Thumb Code   116  main.o(.text)
    main                                     0x0800036b   Thumb Code    32  main.o(.text)
    NMI_Handler                              0x080003a1   Thumb Code     2  stm32f10x_it.o(.text)
    HardFault_Handler                        0x080003a3   Thumb Code     4  stm32f10x_it.o(.text)
    MemManage_Handler                        0x080003a7   Thumb Code     4  stm32f10x_it.o(.text)
    BusFault_Handler                         0x080003ab   Thumb Code     4  stm32f10x_it.o(.text)
    UsageFault_Handler                       0x080003af   Thumb Code     4  stm32f10x_it.o(.text)
    SVC_Handler                              0x080003b3   Thumb Code     2  stm32f10x_it.o(.text)
    DebugMon_Handler                         0x080003b5   Thumb Code     2  stm32f10x_it.o(.text)
    SystemInit                               0x08000497   Thumb Code    78  system_stm32f10x.o(.text)
    SystemCoreClockUpdate                    0x080004e5   Thumb Code   142  system_stm32f10x.o(.text)
    des                                      0x0800072f   Thumb Code   256  des.o(.text)
    Flash_Encode                             0x0800085d   Thumb Code    80  flashencode.o(.text)
    Reset_Handler                            0x080008b9   Thumb Code     8  startup_stm32f10x_md.o(.text)
    ADC1_2_IRQHandler                        0x080008d3   Thumb Code     0  startup_stm32f10x_md.o(.text)
    CAN1_RX1_IRQHandler                      0x080008d3   Thumb Code     0  startup_stm32f10x_md.o(.text)
    CAN1_SCE_IRQHandler                      0x080008d3   Thumb Code     0  startup_stm32f10x_md.o(.text)
    DMA1_Channel1_IRQHandler                 0x080008d3   Thumb Code     0  startup_stm32f10x_md.o(.text)
    DMA1_Channel2_IRQHandler                 0x080008d3   Thumb Code     0  startup_stm32f10x_md.o(.text)
    DMA1_Channel3_IRQHandler                 0x080008d3   Thumb Code     0  startup_stm32f10x_md.o(.text)
    DMA1_Channel4_IRQHandler                 0x080008d3   Thumb Code     0  startup_stm32f10x_md.o(.text)
    DMA1_Channel5_IRQHandler                 0x080008d3   Thumb Code     0  startup_stm32f10x_md.o(.text)
    DMA1_Channel6_IRQHandler                 0x080008d3   Thumb Code     0  startup_stm32f10x_md.o(.text)
    DMA1_Channel7_IRQHandler                 0x080008d3   Thumb Code     0  startup_stm32f10x_md.o(.text)
    EXTI0_IRQHandler                         0x080008d3   Thumb Code     0  startup_stm32f10x_md.o(.text)
    EXTI15_10_IRQHandler                     0x080008d3   Thumb Code     0  startup_stm32f10x_md.o(.text)
    EXTI2_IRQHandler                         0x080008d3   Thumb Code     0  startup_stm32f10x_md.o(.text)
    EXTI3_IRQHandler                         0x080008d3   Thumb Code     0  startup_stm32f10x_md.o(.text)
    EXTI4_IRQHandler                         0x080008d3   Thumb Code     0  startup_stm32f10x_md.o(.text)
    EXTI9_5_IRQHandler                       0x080008d3   Thumb Code     0  startup_stm32f10x_md.o(.text)
    FLASH_IRQHandler                         0x080008d3   Thumb Code     0  startup_stm32f10x_md.o(.text)
    I2C1_ER_IRQHandler                       0x080008d3   Thumb Code     0  startup_stm32f10x_md.o(.text)
    I2C1_EV_IRQHandler                       0x080008d3   Thumb Code     0  startup_stm32f10x_md.o(.text)
    I2C2_ER_IRQHandler                       0x080008d3   Thumb Code     0  startup_stm32f10x_md.o(.text)
    I2C2_EV_IRQHandler                       0x080008d3   Thumb Code     0  startup_stm32f10x_md.o(.text)
    PVD_IRQHandler                           0x080008d3   Thumb Code     0  startup_stm32f10x_md.o(.text)
    RCC_IRQHandler                           0x080008d3   Thumb Code     0  startup_stm32f10x_md.o(.text)
    RTCAlarm_IRQHandler                      0x080008d3   Thumb Code     0  startup_stm32f10x_md.o(.text)
    RTC_IRQHandler                           0x080008d3   Thumb Code     0  startup_stm32f10x_md.o(.text)
    SPI1_IRQHandler                          0x080008d3   Thumb Code     0  startup_stm32f10x_md.o(.text)
    SPI2_IRQHandler                          0x080008d3   Thumb Code     0  startup_stm32f10x_md.o(.text)
    TAMPER_IRQHandler                        0x080008d3   Thumb Code     0  startup_stm32f10x_md.o(.text)
    TIM1_BRK_IRQHandler                      0x080008d3   Thumb Code     0  startup_stm32f10x_md.o(.text)
    TIM1_CC_IRQHandler                       0x080008d3   Thumb Code     0  startup_stm32f10x_md.o(.text)
    TIM1_TRG_COM_IRQHandler                  0x080008d3   Thumb Code     0  startup_stm32f10x_md.o(.text)
    TIM1_UP_IRQHandler                       0x080008d3   Thumb Code     0  startup_stm32f10x_md.o(.text)
    TIM2_IRQHandler                          0x080008d3   Thumb Code     0  startup_stm32f10x_md.o(.text)
    TIM3_IRQHandler                          0x080008d3   Thumb Code     0  startup_stm32f10x_md.o(.text)
    TIM4_IRQHandler                          0x080008d3   Thumb Code     0  startup_stm32f10x_md.o(.text)
    USBWakeUp_IRQHandler                     0x080008d3   Thumb Code     0  startup_stm32f10x_md.o(.text)
    USB_HP_CAN1_TX_IRQHandler                0x080008d3   Thumb Code     0  startup_stm32f10x_md.o(.text)
    USB_LP_CAN1_RX0_IRQHandler               0x080008d3   Thumb Code     0  startup_stm32f10x_md.o(.text)
    WWDG_IRQHandler                          0x080008d3   Thumb Code     0  startup_stm32f10x_md.o(.text)
    __user_initial_stackheap                 0x080008d5   Thumb Code     0  startup_stm32f10x_md.o(.text)
    SysTick_Handler                          0x080008f9   Thumb Code    16  delay.o(.text)
    delay_init                               0x08000909   Thumb Code    76  delay.o(.text)
    delay_us                                 0x08000955   Thumb Code    86  delay.o(.text)
    delay_ms                                 0x080009ab   Thumb Code    62  delay.o(.text)
    NVIC_SETPRIMASK                          0x080009fd   Thumb Code    10  sys.o(.text)
    NVIC_RESETPRIMASK                        0x08000a07   Thumb Code    10  sys.o(.text)
    NVIC_SETBASEMASK                         0x08000a11   Thumb Code    12  sys.o(.text)
    NVIC_GETBASEMASK                         0x08000a1d   Thumb Code     8  sys.o(.text)
    NVIC_Configuration                       0x08000a25   Thumb Code    12  sys.o(.text)
    Debug_Printf                             0x08000a31   Thumb Code    74  sys.o(.text)
    Sys_Init                                 0x08000a7b   Thumb Code    82  sys.o(.text)
    Sys_Discryption                          0x08000acd   Thumb Code    60  sys.o(.text)
    Sys_Start                                0x08000b09   Thumb Code    70  sys.o(.text)
    MemGet                                   0x08000b4f   Thumb Code    64  sys.o(.text)
    MemPut                                   0x08000b8f   Thumb Code    76  sys.o(.text)
    send_Message                             0x08000bdb   Thumb Code   138  sys.o(.text)
    receive_Message                          0x08000c65   Thumb Code    38  sys.o(.text)
    free_Message                             0x08000c8b   Thumb Code    42  sys.o(.text)
    usart_Init                               0x08000d3d   Thumb Code   152  usart.o(.text)
    usart_SetData                            0x08000dd5   Thumb Code    96  usart.o(.text)
    usart_GetData                            0x08000e35   Thumb Code   160  usart.o(.text)
    Usart_Init                               0x08000ed5   Thumb Code   210  usart.o(.text)
    Usart_BufInit                            0x08000fa7   Thumb Code    92  usart.o(.text)
    Usart_SetData                            0x08001003   Thumb Code    76  usart.o(.text)
    Usart_GetData                            0x0800104f   Thumb Code    38  usart.o(.text)
    USART1_IRQHandler                        0x08001075   Thumb Code   168  usart.o(.text)
    USART2_IRQHandler                        0x0800111d   Thumb Code   192  usart.o(.text)
    USART3_IRQHandler                        0x080011dd   Thumb Code   192  usart.o(.text)
    NVIC_PriorityGroupConfig                 0x080012bd   Thumb Code    10  misc.o(.text)
    NVIC_Init                                0x080012c7   Thumb Code   100  misc.o(.text)
    NVIC_SetVectorTable                      0x0800132b   Thumb Code    14  misc.o(.text)
    NVIC_SystemLPConfig                      0x08001339   Thumb Code    34  misc.o(.text)
    SysTick_CLKSourceConfig                  0x0800135b   Thumb Code    40  misc.o(.text)
    FLASH_SetLatency                         0x08001399   Thumb Code    18  stm32f10x_flash.o(.text)
    FLASH_HalfCycleAccessCmd                 0x080013ab   Thumb Code    22  stm32f10x_flash.o(.text)
    FLASH_PrefetchBufferCmd                  0x080013c1   Thumb Code    22  stm32f10x_flash.o(.text)
    FLASH_Unlock                             0x080013d7   Thumb Code    12  stm32f10x_flash.o(.text)
    FLASH_UnlockBank1                        0x080013e3   Thumb Code    12  stm32f10x_flash.o(.text)
    FLASH_Lock                               0x080013ef   Thumb Code    14  stm32f10x_flash.o(.text)
    FLASH_LockBank1                          0x080013fd   Thumb Code    14  stm32f10x_flash.o(.text)
    FLASH_GetBank1Status                     0x0800140b   Thumb Code    48  stm32f10x_flash.o(.text)
    FLASH_WaitForLastOperation               0x0800143b   Thumb Code    38  stm32f10x_flash.o(.text)
    FLASH_ErasePage                          0x08001461   Thumb Code    72  stm32f10x_flash.o(.text)
    FLASH_EraseAllPages                      0x080014a9   Thumb Code    68  stm32f10x_flash.o(.text)
    FLASH_WaitForLastBank1Operation          0x080014ed   Thumb Code    38  stm32f10x_flash.o(.text)
    FLASH_EraseAllBank1Pages                 0x08001513   Thumb Code    68  stm32f10x_flash.o(.text)
    FLASH_GetReadOutProtectionStatus         0x08001557   Thumb Code    20  stm32f10x_flash.o(.text)
    FLASH_EraseOptionBytes                   0x0800156b   Thumb Code   150  stm32f10x_flash.o(.text)
    FLASH_ProgramWord                        0x08001601   Thumb Code   102  stm32f10x_flash.o(.text)
    FLASH_ProgramHalfWord                    0x08001667   Thumb Code    60  stm32f10x_flash.o(.text)
    FLASH_ProgramOptionByteData              0x080016a3   Thumb Code    72  stm32f10x_flash.o(.text)
    FLASH_EnableWriteProtection              0x080016eb   Thumb Code   200  stm32f10x_flash.o(.text)
    FLASH_ReadOutProtection                  0x080017b3   Thumb Code   156  stm32f10x_flash.o(.text)
    FLASH_UserOptionByteConfig               0x0800184f   Thumb Code    88  stm32f10x_flash.o(.text)
    FLASH_GetUserOptionByte                  0x080018a7   Thumb Code     8  stm32f10x_flash.o(.text)
    FLASH_GetWriteProtectionOptionByte       0x080018af   Thumb Code     6  stm32f10x_flash.o(.text)
    FLASH_GetPrefetchBufferStatus            0x080018b5   Thumb Code    20  stm32f10x_flash.o(.text)
    FLASH_ITConfig                           0x080018c9   Thumb Code    26  stm32f10x_flash.o(.text)
    FLASH_GetFlagStatus                      0x080018e3   Thumb Code    42  stm32f10x_flash.o(.text)
    FLASH_ClearFlag                          0x0800190d   Thumb Code     6  stm32f10x_flash.o(.text)
    FLASH_GetStatus                          0x08001913   Thumb Code    48  stm32f10x_flash.o(.text)
    GPIO_DeInit                              0x08001955   Thumb Code   172  stm32f10x_gpio.o(.text)
    GPIO_AFIODeInit                          0x08001a01   Thumb Code    20  stm32f10x_gpio.o(.text)
    GPIO_Init                                0x08001a15   Thumb Code   278  stm32f10x_gpio.o(.text)
    GPIO_StructInit                          0x08001b2b   Thumb Code    16  stm32f10x_gpio.o(.text)
    GPIO_ReadInputDataBit                    0x08001b3b   Thumb Code    18  stm32f10x_gpio.o(.text)
    GPIO_ReadInputData                       0x08001b4d   Thumb Code     8  stm32f10x_gpio.o(.text)
    GPIO_ReadOutputDataBit                   0x08001b55   Thumb Code    18  stm32f10x_gpio.o(.text)
    GPIO_ReadOutputData                      0x08001b67   Thumb Code     8  stm32f10x_gpio.o(.text)
    GPIO_SetBits                             0x08001b6f   Thumb Code     4  stm32f10x_gpio.o(.text)
    GPIO_ResetBits                           0x08001b73   Thumb Code     4  stm32f10x_gpio.o(.text)
    GPIO_WriteBit                            0x08001b77   Thumb Code    10  stm32f10x_gpio.o(.text)
    GPIO_Write                               0x08001b81   Thumb Code     4  stm32f10x_gpio.o(.text)
    GPIO_PinLockConfig                       0x08001b85   Thumb Code    18  stm32f10x_gpio.o(.text)
    GPIO_EventOutputConfig                   0x08001b97   Thumb Code    26  stm32f10x_gpio.o(.text)
    GPIO_EventOutputCmd                      0x08001bb1   Thumb Code     6  stm32f10x_gpio.o(.text)
    GPIO_PinRemapConfig                      0x08001bb7   Thumb Code   138  stm32f10x_gpio.o(.text)
    GPIO_EXTILineConfig                      0x08001c41   Thumb Code    66  stm32f10x_gpio.o(.text)
    GPIO_ETH_MediaInterfaceConfig            0x08001c83   Thumb Code     8  stm32f10x_gpio.o(.text)
    RCC_DeInit                               0x08001cb1   Thumb Code    64  stm32f10x_rcc.o(.text)
    RCC_HSEConfig                            0x08001cf1   Thumb Code    70  stm32f10x_rcc.o(.text)
    RCC_GetFlagStatus                        0x08001d37   Thumb Code    56  stm32f10x_rcc.o(.text)
    RCC_WaitForHSEStartUp                    0x08001d6f   Thumb Code    56  stm32f10x_rcc.o(.text)
    RCC_AdjustHSICalibrationValue            0x08001da7   Thumb Code    20  stm32f10x_rcc.o(.text)
    RCC_HSICmd                               0x08001dbb   Thumb Code     6  stm32f10x_rcc.o(.text)
    RCC_PLLConfig                            0x08001dc1   Thumb Code    24  stm32f10x_rcc.o(.text)
    RCC_PLLCmd                               0x08001dd9   Thumb Code     6  stm32f10x_rcc.o(.text)
    RCC_SYSCLKConfig                         0x08001ddf   Thumb Code    18  stm32f10x_rcc.o(.text)
    RCC_GetSYSCLKSource                      0x08001df1   Thumb Code    10  stm32f10x_rcc.o(.text)
    RCC_HCLKConfig                           0x08001dfb   Thumb Code    18  stm32f10x_rcc.o(.text)
    RCC_PCLK1Config                          0x08001e0d   Thumb Code    18  stm32f10x_rcc.o(.text)
    RCC_PCLK2Config                          0x08001e1f   Thumb Code    20  stm32f10x_rcc.o(.text)
    RCC_ITConfig                             0x08001e33   Thumb Code    26  stm32f10x_rcc.o(.text)
    RCC_USBCLKConfig                         0x08001e4d   Thumb Code     8  stm32f10x_rcc.o(.text)
    RCC_ADCCLKConfig                         0x08001e55   Thumb Code    18  stm32f10x_rcc.o(.text)
    RCC_LSEConfig                            0x08001e67   Thumb Code    50  stm32f10x_rcc.o(.text)
    RCC_LSICmd                               0x08001e99   Thumb Code     6  stm32f10x_rcc.o(.text)
    RCC_RTCCLKConfig                         0x08001e9f   Thumb Code    12  stm32f10x_rcc.o(.text)
    RCC_RTCCLKCmd                            0x08001eab   Thumb Code     8  stm32f10x_rcc.o(.text)
    RCC_GetClocksFreq                        0x08001eb3   Thumb Code   192  stm32f10x_rcc.o(.text)
    RCC_AHBPeriphClockCmd                    0x08001f73   Thumb Code    26  stm32f10x_rcc.o(.text)
    RCC_APB2PeriphClockCmd                   0x08001f8d   Thumb Code    26  stm32f10x_rcc.o(.text)
    RCC_APB1PeriphClockCmd                   0x08001fa7   Thumb Code    26  stm32f10x_rcc.o(.text)
    RCC_APB2PeriphResetCmd                   0x08001fc1   Thumb Code    26  stm32f10x_rcc.o(.text)
    RCC_APB1PeriphResetCmd                   0x08001fdb   Thumb Code    26  stm32f10x_rcc.o(.text)
    RCC_BackupResetCmd                       0x08001ff5   Thumb Code     8  stm32f10x_rcc.o(.text)
    RCC_ClockSecuritySystemCmd               0x08001ffd   Thumb Code     6  stm32f10x_rcc.o(.text)
    RCC_MCOConfig                            0x08002003   Thumb Code     6  stm32f10x_rcc.o(.text)
    RCC_ClearFlag                            0x08002009   Thumb Code    14  stm32f10x_rcc.o(.text)
    RCC_GetITStatus                          0x08002017   Thumb Code    20  stm32f10x_rcc.o(.text)
    RCC_ClearITPendingBit                    0x0800202b   Thumb Code     6  stm32f10x_rcc.o(.text)
    USART_DeInit                             0x08002055   Thumb Code   134  stm32f10x_usart.o(.text)
    USART_Init                               0x080020db   Thumb Code   210  stm32f10x_usart.o(.text)
    USART_StructInit                         0x080021ad   Thumb Code    24  stm32f10x_usart.o(.text)
    USART_ClockInit                          0x080021c5   Thumb Code    34  stm32f10x_usart.o(.text)
    USART_ClockStructInit                    0x080021e7   Thumb Code    12  stm32f10x_usart.o(.text)
    USART_Cmd                                0x080021f3   Thumb Code    24  stm32f10x_usart.o(.text)
    USART_ITConfig                           0x0800220b   Thumb Code    74  stm32f10x_usart.o(.text)
    USART_DMACmd                             0x08002255   Thumb Code    18  stm32f10x_usart.o(.text)
    USART_SetAddress                         0x08002267   Thumb Code    18  stm32f10x_usart.o(.text)
    USART_WakeUpConfig                       0x08002279   Thumb Code    18  stm32f10x_usart.o(.text)
    USART_ReceiverWakeUpCmd                  0x0800228b   Thumb Code    24  stm32f10x_usart.o(.text)
    USART_LINBreakDetectLengthConfig         0x080022a3   Thumb Code    18  stm32f10x_usart.o(.text)
    USART_LINCmd                             0x080022b5   Thumb Code    24  stm32f10x_usart.o(.text)
    USART_SendData                           0x080022cd   Thumb Code     8  stm32f10x_usart.o(.text)
    USART_ReceiveData                        0x080022d5   Thumb Code    10  stm32f10x_usart.o(.text)
    USART_SendBreak                          0x080022df   Thumb Code    10  stm32f10x_usart.o(.text)
    USART_SetGuardTime                       0x080022e9   Thumb Code    16  stm32f10x_usart.o(.text)
    USART_SetPrescaler                       0x080022f9   Thumb Code    16  stm32f10x_usart.o(.text)
    USART_SmartCardCmd                       0x08002309   Thumb Code    24  stm32f10x_usart.o(.text)
    USART_SmartCardNACKCmd                   0x08002321   Thumb Code    24  stm32f10x_usart.o(.text)
    USART_HalfDuplexCmd                      0x08002339   Thumb Code    24  stm32f10x_usart.o(.text)
    USART_OverSampling8Cmd                   0x08002351   Thumb Code    22  stm32f10x_usart.o(.text)
    USART_OneBitMethodCmd                    0x08002367   Thumb Code    24  stm32f10x_usart.o(.text)
    USART_IrDAConfig                         0x0800237f   Thumb Code    18  stm32f10x_usart.o(.text)
    USART_IrDACmd                            0x08002391   Thumb Code    24  stm32f10x_usart.o(.text)
    USART_GetFlagStatus                      0x080023a9   Thumb Code    26  stm32f10x_usart.o(.text)
    USART_ClearFlag                          0x080023c3   Thumb Code    18  stm32f10x_usart.o(.text)
    USART_GetITStatus                        0x080023d5   Thumb Code    84  stm32f10x_usart.o(.text)
    USART_ClearITPendingBit                  0x08002429   Thumb Code    52  stm32f10x_usart.o(.text)
    ADS_Write_Byte                           0x0800245d   Thumb Code    56  touch.o(.text)
    ADS_Read_AD                              0x08002495   Thumb Code   112  touch.o(.text)
    ADS_Read_XY                              0x08002505   Thumb Code   114  touch.o(.text)
    Read_ADS                                 0x08002577   Thumb Code    50  touch.o(.text)
    Read_ADS2                                0x080025a9   Thumb Code   192  touch.o(.text)
    Pen_Int_Set                              0x08002669   Thumb Code    30  touch.o(.text)
    Read_TP_Once                             0x08002687   Thumb Code    66  touch.o(.text)
    Drow_Touch_Point                         0x080026c9   Thumb Code     2  touch.o(.text)
    Draw_Big_Point                           0x080026cb   Thumb Code     2  touch.o(.text)
    Convert_Pos                              0x080026cd   Thumb Code   116  touch.o(.text)
    EXTI1_IRQHandler                         0x08002741   Thumb Code    16  touch.o(.text)
    ADJ_INFO_SHOW                            0x08002751   Thumb Code     2  touch.o(.text)
    Touch_Adjust                             0x08002753   Thumb Code     2  touch.o(.text)
    Touch_Init                               0x08002755   Thumb Code    60  touch.o(.text)
    OS_TaskStatStkChk                        0x080027b1   Thumb Code    54  os_core.o(.text)
    OS_TaskStat                              0x080027e7   Thumb Code   116  os_core.o(.text)
    OS_TaskIdle                              0x0800288f   Thumb Code    34  os_core.o(.text)
    OS_MemClr                                0x080028e5   Thumb Code    18  os_core.o(.text)
    OSInit                                   0x08002a03   Thumb Code    44  os_core.o(.text)
    OSIntEnter                               0x08002a2f   Thumb Code    28  os_core.o(.text)
    OSIntExit                                0x08002a65   Thumb Code   112  os_core.o(.text)
    OSSchedLock                              0x08002ad5   Thumb Code    50  os_core.o(.text)
    OS_Sched                                 0x08002b07   Thumb Code    88  os_core.o(.text)
    OSSchedUnlock                            0x08002b5f   Thumb Code   238  os_core.o(.text)
    OSStart                                  0x08002c4d   Thumb Code    48  os_core.o(.text)
    OSStatInit                               0x08002c7d   Thumb Code    62  os_core.o(.text)
    OSTimeTick                               0x08002cbb   Thumb Code   210  os_core.o(.text)
    OSVersion                                0x08002d8d   Thumb Code     6  os_core.o(.text)
    OS_Dummy                                 0x08002d93   Thumb Code     2  os_core.o(.text)
    OS_EventTaskRemove                       0x08002d95   Thumb Code    42  os_core.o(.text)
    OS_EventTaskRdy                          0x08002dbf   Thumb Code   114  os_core.o(.text)
    OS_EventTaskWait                         0x08002e31   Thumb Code   112  os_core.o(.text)
    OS_EventWaitListInit                     0x08002ea1   Thumb Code    28  os_core.o(.text)
    OS_MemCopy                               0x08002ebd   Thumb Code    20  os_core.o(.text)
    OS_StrLen                                0x08002ed1   Thumb Code    20  os_core.o(.text)
    OS_TCBInit                               0x08002ee5   Thumb Code   274  os_core.o(.text)
    OSMemCreate                              0x0800303d   Thumb Code   118  os_mem.o(.text)
    OSMemGet                                 0x080030b3   Thumb Code    62  os_mem.o(.text)
    OSMemNameGet                             0x080030f1   Thumb Code    60  os_mem.o(.text)
    OSMemNameSet                             0x0800312d   Thumb Code    48  os_mem.o(.text)
    OSMemPut                                 0x0800315d   Thumb Code    54  os_mem.o(.text)
    OSMemQuery                               0x08003193   Thumb Code    52  os_mem.o(.text)
    OS_MemInit                               0x080031c7   Thumb Code    24  os_mem.o(.text)
    OSQAccept                                0x080031f1   Thumb Code    88  os_q.o(.text)
    OSQCreate                                0x08003249   Thumb Code   140  os_q.o(.text)
    OSQDel                                   0x080032d5   Thumb Code   236  os_q.o(.text)
    OSQFlush                                 0x080033c1   Thumb Code    36  os_q.o(.text)
    OSQPend                                  0x080033e5   Thumb Code   272  os_q.o(.text)
    OSQPendAbort                             0x080034f5   Thumb Code   128  os_q.o(.text)
    OSQPost                                  0x08003575   Thumb Code   114  os_q.o(.text)
    OSQPostFront                             0x080035e7   Thumb Code   136  os_q.o(.text)
    OSQPostOpt                               0x0800366f   Thumb Code   182  os_q.o(.text)
    OSQQuery                                 0x08003725   Thumb Code    98  os_q.o(.text)
    OS_QInit                                 0x08003787   Thumb Code    72  os_q.o(.text)
    OSTaskChangePrio                         0x080037d9   Thumb Code   308  os_task.o(.text)
    OSTaskCreate                             0x0800390d   Thumb Code   148  os_task.o(.text)
    OS_TaskStkClr                            0x080039a1   Thumb Code    26  os_task.o(.text)
    OSTaskCreateExt                          0x080039bb   Thumb Code   170  os_task.o(.text)
    OSTaskDel                                0x08003a65   Thumb Code   280  os_task.o(.text)
    OSTaskDelReq                             0x08003b7d   Thumb Code   144  os_task.o(.text)
    OSTaskNameGet                            0x08003c0d   Thumb Code   114  os_task.o(.text)
    OSTaskNameSet                            0x08003c7f   Thumb Code    98  os_task.o(.text)
    OSTaskResume                             0x08003ce1   Thumb Code   154  os_task.o(.text)
    OSTaskStkChk                             0x08003d7b   Thumb Code   132  os_task.o(.text)
    OSTaskSuspend                            0x08003dff   Thumb Code   152  os_task.o(.text)
    OSTaskQuery                              0x08003e97   Thumb Code    82  os_task.o(.text)
    OSTaskRegGet                             0x08003ee9   Thumb Code    60  os_task.o(.text)
    OSTaskRegSet                             0x08003f25   Thumb Code    62  os_task.o(.text)
    OS_TaskReturn                            0x08003f63   Thumb Code    18  os_task.o(.text)
    OSTimeDly                                0x08003f8d   Thumb Code   100  os_time.o(.text)
    OSTimeDlyHMSM                            0x08003ff1   Thumb Code    86  os_time.o(.text)
    OSTimeDlyResume                          0x08004047   Thumb Code   168  os_time.o(.text)
    OSTimeGet                                0x080040ef   Thumb Code    24  os_time.o(.text)
    OSTimeSet                                0x08004107   Thumb Code    24  os_time.o(.text)
    OSInitHookBegin                          0x0800413d   Thumb Code     2  os_cpu_c.o(.text)
    OSInitHookEnd                            0x0800413f   Thumb Code     2  os_cpu_c.o(.text)
    OSTaskCreateHook                         0x08004141   Thumb Code     2  os_cpu_c.o(.text)
    OSTaskDelHook                            0x08004143   Thumb Code     2  os_cpu_c.o(.text)
    OSTaskIdleHook                           0x08004145   Thumb Code     2  os_cpu_c.o(.text)
    OSTaskStatHook                           0x08004147   Thumb Code     2  os_cpu_c.o(.text)
    OSTaskStkInit                            0x08004149   Thumb Code   154  os_cpu_c.o(.text)
    OSTaskSwHook                             0x080041e3   Thumb Code     2  os_cpu_c.o(.text)
    OSTCBInitHook                            0x080041e5   Thumb Code     2  os_cpu_c.o(.text)
    OSTimeTickHook                           0x080041e7   Thumb Code     2  os_cpu_c.o(.text)
    OSTaskReturnHook                         0x080041e9   Thumb Code     2  os_cpu_c.o(.text)
    OS_CPU_SR_Save                           0x080041ed   Thumb Code     0  os_cpu_a.o(.text)
    OS_CPU_SR_Restore                        0x080041f5   Thumb Code     0  os_cpu_a.o(.text)
    OSStartHighRdy                           0x080041fb   Thumb Code     0  os_cpu_a.o(.text)
    OSCtxSw                                  0x0800421d   Thumb Code     0  os_cpu_a.o(.text)
    OSIntCtxSw                               0x0800422b   Thumb Code     0  os_cpu_a.o(.text)
    PendSV_Handler                           0x0800423b   Thumb Code     0  os_cpu_a.o(.text)
    at_exeCmdNull                            0x080042a1   Thumb Code    12  at_basecmd.o(.text)
    at_setupCmdE                             0x080042ad   Thumb Code    52  at_basecmd.o(.text)
    at_exeCmdRst                             0x080042e1   Thumb Code    12  at_basecmd.o(.text)
    at_exeCmdGmr                             0x080042ed   Thumb Code    80  at_basecmd.o(.text)
    at_setupCmdIpr                           0x0800433d   Thumb Code    14  at_basecmd.o(.text)
    at_setupCmdGslp                          0x0800434b   Thumb Code    14  at_basecmd.o(.text)
    at_testCmdDebug                          0x08004359   Thumb Code    40  at_basecmd.o(.text)
    at_queryCmdDebug                         0x08004381   Thumb Code    44  at_basecmd.o(.text)
    at_setupCmdDebug                         0x080043ad   Thumb Code    44  at_basecmd.o(.text)
    at_cmdProcess                            0x080044d9   Thumb Code   274  at_cmd.o(.text)
    at_printf                                0x080045fd   Thumb Code    24  at_port.o(.text)
    at_recvTask                              0x0800464d   Thumb Code   252  at_port.o(.text)
    __c89vsprintf                            0x08004789   Thumb Code    32  c89vsprintf.o(.text)
    __2sprintf                               0x080047ad   Thumb Code    38  __2sprintf.o(.text)
    _printf_str                              0x080047d9   Thumb Code    82  _printf_str.o(.text)
    _printf_int_dec                          0x0800482d   Thumb Code   100  _printf_dec.o(.text)
    __printf                                 0x080048a1   Thumb Code   388  __printf_flags_ss_wp.o(.text)
    __0sscanf                                0x08004a29   Thumb Code    52  __0sscanf.o(.text)
    _scanf_int                               0x08004a65   Thumb Code   332  _scanf_int.o(.text)
    memcmp                                   0x08004bb1   Thumb Code    88  memcmp.o(.text)
    strlen                                   0x08004c09   Thumb Code    62  strlen.o(.text)
    __aeabi_memcpy                           0x08004c47   Thumb Code     0  rt_memcpy_v6.o(.text)
    __rt_memcpy                              0x08004c47   Thumb Code   138  rt_memcpy_v6.o(.text)
    _memcpy_lastbytes                        0x08004cad   Thumb Code     0  rt_memcpy_v6.o(.text)
    __aeabi_memcpy4                          0x08004cd1   Thumb Code     0  rt_memcpy_w.o(.text)
    __aeabi_memcpy8                          0x08004cd1   Thumb Code     0  rt_memcpy_w.o(.text)
    __rt_memcpy_w                            0x08004cd1   Thumb Code   100  rt_memcpy_w.o(.text)
    _memcpy_lastbytes_aligned                0x08004d19   Thumb Code     0  rt_memcpy_w.o(.text)
    __use_two_region_memory                  0x08004d35   Thumb Code     2  heapauxi.o(.text)
    __rt_heap_escrow$2region                 0x08004d37   Thumb Code     2  heapauxi.o(.text)
    __rt_heap_expand$2region                 0x08004d39   Thumb Code     2  heapauxi.o(.text)
    __rt_ctype_table                         0x08004d3d   Thumb Code    16  rt_ctype_table.o(.text)
    _printf_pre_padding                      0x08004d4d   Thumb Code    44  _printf_pad.o(.text)
    _printf_post_padding                     0x08004d79   Thumb Code    34  _printf_pad.o(.text)
    _printf_truncate_signed                  0x08004d9b   Thumb Code    18  _printf_truncate.o(.text)
    _printf_truncate_unsigned                0x08004dad   Thumb Code    18  _printf_truncate.o(.text)
    _printf_int_common                       0x08004dbf   Thumb Code   178  _printf_intcommon.o(.text)
    _printf_charcount                        0x08004e71   Thumb Code    40  _printf_charcount.o(.text)
    _printf_char_common                      0x08004ea3   Thumb Code    32  _printf_char_common.o(.text)
    _sputc                                   0x08004ec9   Thumb Code    10  _sputc.o(.text)
    _printf_cs_common                        0x08004ed3   Thumb Code    20  _printf_char.o(.text)
    _printf_char                             0x08004ee7   Thumb Code    16  _printf_char.o(.text)
    _printf_string                           0x08004ef7   Thumb Code     8  _printf_char.o(.text)
    _printf_wctomb                           0x08004f01   Thumb Code   182  _printf_wctomb.o(.text)
    _printf_longlong_dec                     0x08004fbd   Thumb Code   104  _printf_longlong_dec.o(.text)
    _printf_longlong_oct                     0x08005035   Thumb Code    68  _printf_oct_int_ll.o(.text)
    _printf_int_oct                          0x08005079   Thumb Code    24  _printf_oct_int_ll.o(.text)
    _printf_ll_oct                           0x08005091   Thumb Code    12  _printf_oct_int_ll.o(.text)
    _printf_longlong_hex                     0x080050a5   Thumb Code    86  _printf_hex_int_ll_ptr.o(.text)
    _printf_int_hex                          0x080050fb   Thumb Code    28  _printf_hex_int_ll_ptr.o(.text)
    _printf_ll_hex                           0x08005117   Thumb Code    12  _printf_hex_int_ll_ptr.o(.text)
    _printf_hex_ptr                          0x08005123   Thumb Code    18  _printf_hex_int_ll_ptr.o(.text)
    _chval                                   0x08005139   Thumb Code    28  _chval.o(.text)
    __vfscanf_char                           0x08005161   Thumb Code    24  scanf_char.o(.text)
    _sgetc                                   0x08005181   Thumb Code    30  _sgetc.o(.text)
    _sbackspace                              0x0800519f   Thumb Code    34  _sgetc.o(.text)
    __rt_locale                              0x080051c1   Thumb Code     8  rt_locale_intlibspace.o(.text)
    _ll_udiv10                               0x080051c9   Thumb Code   138  lludiv10.o(.text)
    isspace                                  0x08005253   Thumb Code    18  isspace.o(.text)
    __lib_sel_fp_printf                      0x08005265   Thumb Code     2  _printf_fp_dec.o(.text)
    _printf_fp_dec_real                      0x08005413   Thumb Code   616  _printf_fp_dec.o(.text)
    _printf_lcs_common                       0x0800567b   Thumb Code    20  _printf_wchar.o(.text)
    _printf_wchar                            0x0800568f   Thumb Code    16  _printf_wchar.o(.text)
    _printf_wstring                          0x0800569f   Thumb Code     8  _printf_wchar.o(.text)
    __vfscanf                                0x080056a9   Thumb Code   872  _scanf.o(.text)
    _wcrtomb                                 0x08005a15   Thumb Code    64  _wcrtomb.o(.text)
    __user_libspace                          0x08005a55   Thumb Code     8  libspace.o(.text)
    __user_perproc_libspace                  0x08005a55   Thumb Code     0  libspace.o(.text)
    __user_perthread_libspace                0x08005a55   Thumb Code     0  libspace.o(.text)
    __user_setup_stackheap                   0x08005a5d   Thumb Code    74  sys_stackheap_outer.o(.text)
    _printf_fp_infnan                        0x08005aa9   Thumb Code   112  _printf_fp_infnan.o(.text)
    _btod_etento                             0x08005b29   Thumb Code   212  bigflt0.o(.text)
    exit                                     0x08005c01   Thumb Code    12  exit.o(.text)
    strcmp                                   0x08005c0d   Thumb Code   128  strcmpv7m.o(.text)
    _sys_exit                                0x08005c8d   Thumb Code     8  sys_exit.o(.text)
    __I$use$semihosting                      0x08005c99   Thumb Code     0  use_no_semi.o(.text)
    __use_no_semihosting_swi                 0x08005c99   Thumb Code     2  use_no_semi.o(.text)
    __semihosting_library_function           0x08005c9b   Thumb Code     0  indicate_semi.o(.text)
    _btod_d2e                                0x08005c9b   Thumb Code    62  btod.o(CL$$btod_d2e)
    _d2e_denorm_low                          0x08005cd9   Thumb Code    70  btod.o(CL$$btod_d2e_denorm_low)
    _d2e_norm_op1                            0x08005d1f   Thumb Code    96  btod.o(CL$$btod_d2e_norm_op1)
    __btod_div_common                        0x08005d7f   Thumb Code   696  btod.o(CL$$btod_div_common)
    _e2e                                     0x080060b7   Thumb Code   198  btod.o(CL$$btod_e2e)
    _btod_ediv                               0x0800617d   Thumb Code    40  btod.o(CL$$btod_ediv)
    _btod_emul                               0x080061a5   Thumb Code    40  btod.o(CL$$btod_emul)
    __btod_mult_common                       0x080061cd   Thumb Code   580  btod.o(CL$$btod_mult_common)
    __ARM_fpclassify                         0x08006411   Thumb Code    40  fpclassify.o(i.__ARM_fpclassify)
    _is_digit                                0x08006439   Thumb Code    14  __printf_wp.o(i._is_digit)
    _get_lc_ctype                            0x08006449   Thumb Code    44  lc_ctype_c.o(locale$$code)
    _get_lc_numeric                          0x08006475   Thumb Code    44  lc_numeric_c.o(locale$$code)
    __aeabi_ddiv                             0x080064a1   Thumb Code     0  ddiv.o(x$fpl$ddiv)
    _ddiv                                    0x080064a1   Thumb Code   552  ddiv.o(x$fpl$ddiv)
    __aeabi_d2uiz                            0x08006751   Thumb Code     0  dfixu.o(x$fpl$dfixu)
    _dfixu                                   0x08006751   Thumb Code    90  dfixu.o(x$fpl$dfixu)
    __aeabi_i2d                              0x080067ab   Thumb Code     0  dflt_clz.o(x$fpl$dflt)
    _dflt                                    0x080067ab   Thumb Code    46  dflt_clz.o(x$fpl$dflt)
    __fpl_dnaninf                            0x080067d9   Thumb Code   156  dnaninf.o(x$fpl$dnaninf)
    __fpl_dretinf                            0x08006875   Thumb Code    12  dretinf.o(x$fpl$dretinf)
    _printf_fp_dec                           0x08006881   Thumb Code     4  printf1.o(x$fpl$printf1)
    __I$use$fp                               0x08006884   Number         0  usenofp.o(x$fpl$usenofp)
    initial_tr                               0x08006884   Data          64  des.o(.constdata)
    final_tr                                 0x080068c4   Data          64  des.o(.constdata)
    swap                                     0x08006904   Data          64  des.o(.constdata)
    key_tr1                                  0x08006944   Data          56  des.o(.constdata)
    key_tr2                                  0x0800697c   Data          64  des.o(.constdata)
    etr                                      0x080069bc   Data          64  des.o(.constdata)
    ptr                                      0x080069fc   Data          32  des.o(.constdata)
    s                                        0x08006a1c   Data         512  des.o(.constdata)
    rots                                     0x08006c1c   Data          16  des.o(.constdata)
    bit_msk                                  0x08006c2c   Data           8  des.o(.constdata)
    DES_KEY_TO_STM                           0x08006c34   Data           8  flashencode.o(.constdata)
    OSUnMapTbl                               0x08006c3c   Data         256  os_core.o(.constdata)
    Region$$Table$$Base                      0x08006e40   Number         0  anon$$obj.o(Region$$Table)
    Region$$Table$$Limit                     0x08006e60   Number         0  anon$$obj.o(Region$$Table)
    __ctype                                  0x08006e6d   Data           0  lc_ctype_c.o(locale$$data)
    SystemCoreClock                          0x20000000   Data           4  system_stm32f10x.o(.data)
    AHBPrescTable                            0x20000004   Data          16  system_stm32f10x.o(.data)
    DES_Encrypt_key                          0x20000014   Data           8  des.o(.data)
    DES_Decrypt_key                          0x2000001c   Data           8  des.o(.data)
    main_key                                 0x20000024   Data           8  des.o(.data)
    DebugLevel                               0x20000034   Data           2  sys.o(.data)
    Mem                                      0x20000038   Data           4  sys.o(.data)
    MemBig                                   0x2000003c   Data           4  sys.o(.data)
    CMD_RDX                                  0x20000054   Data           1  touch.o(.data)
    CMD_RDY                                  0x20000055   Data           1  touch.o(.data)
    OSCtxSwCtr                               0x20000058   Data           4  os_core.o(.data)
    OSEventFreeList                          0x2000005c   Data           4  os_core.o(.data)
    OSCPUUsage                               0x20000060   Data           1  os_core.o(.data)
    OSIdleCtrMax                             0x20000064   Data           4  os_core.o(.data)
    OSIdleCtrRun                             0x20000068   Data           4  os_core.o(.data)
    OSStatRdy                                0x2000006c   Data           1  os_core.o(.data)
    OSIntNesting                             0x2000006d   Data           1  os_core.o(.data)
    OSLockNesting                            0x2000006e   Data           1  os_core.o(.data)
    OSPrioCur                                0x2000006f   Data           1  os_core.o(.data)
    OSPrioHighRdy                            0x20000070   Data           1  os_core.o(.data)
    OSRdyGrp                                 0x20000071   Data           1  os_core.o(.data)
    OSRdyTbl                                 0x20000072   Data           8  os_core.o(.data)
    OSRunning                                0x2000007a   Data           1  os_core.o(.data)
    OSTaskCtr                                0x2000007b   Data           1  os_core.o(.data)
    OSIdleCtr                                0x2000007c   Data           4  os_core.o(.data)
    OSTCBCur                                 0x20000080   Data           4  os_core.o(.data)
    OSTCBFreeList                            0x20000084   Data           4  os_core.o(.data)
    OSTCBHighRdy                             0x20000088   Data           4  os_core.o(.data)
    OSTCBList                                0x2000008c   Data           4  os_core.o(.data)
    OSTickStepState                          0x20000090   Data           1  os_core.o(.data)
    OSMemFreeList                            0x20000094   Data           4  os_core.o(.data)
    OSQFreeList                              0x20000098   Data           4  os_core.o(.data)
    OSTime                                   0x2000009c   Data           4  os_core.o(.data)
    at_fun                                   0x200000a0   Data         408  at_cmd.o(.data)
    specialAtState                           0x20000238   Data           1  at_port.o(.data)
    at_state                                 0x20000239   Data           1  at_port.o(.data)
    pDataLine                                0x2000023c   Data           4  at_port.o(.data)
    echoFlag                                 0x20000240   Data           1  at_port.o(.data)
    sub_keys                                 0x20001a48   Data         128  des.o(.bss)
    _OSMEM_Mem                               0x20001ac8   Data        1920  sys.o(.bss)
    _OSMEM_MemBig                            0x20002248   Data         640  sys.o(.bss)
    QMessage                                 0x200024c8   Data          12  sys.o(.bss)
    Pen_Point                                0x2000287c   Data          32  touch.o(.bss)
    OSEventTbl                               0x2000289c   Data         200  os_core.o(.bss)
    OSTaskStatStk                            0x20002964   Data         512  os_core.o(.bss)
    OSTaskIdleStk                            0x20002b64   Data         512  os_core.o(.bss)
    OSTCBPrioTbl                             0x20002d64   Data         256  os_core.o(.bss)
    OSTCBTbl                                 0x20002e64   Data         912  os_core.o(.bss)
    OSMemTbl                                 0x200031f4   Data          24  os_core.o(.bss)
    OSQTbl                                   0x2000320c   Data         120  os_core.o(.bss)
    __libspace_start                         0x20003304   Data          96  libspace.o(.bss)
    __temporary_stack_top$libspace           0x20003364   Data           0  libspace.o(.bss)



==============================================================================

Memory Map of the image

  Image Entry point : 0x080000ed

  Load Region LR_IROM1 (Base: 0x08000000, Size: 0x000071d4, Max: 0x00020000, ABSOLUTE, COMPRESSED[0x00006fe8])

    Execution Region ER_IROM1 (Base: 0x08000000, Size: 0x00006f8c, Max: 0x00020000, ABSOLUTE)

    Base Addr    Size         Type   Attr      Idx    E Section Name        Object

    0x08000000   0x000000ec   Data   RO          205    RESET               startup_stm32f10x_md.o
    0x080000ec   0x00000008   Code   RO         9054  * !!!main             c_w.l(__main.o)
    0x080000f4   0x00000034   Code   RO         9495    !!!scatter          c_w.l(__scatter.o)
    0x08000128   0x0000005a   Code   RO         9493    !!dczerorl2         c_w.l(__dczerorl2.o)
    0x08000182   0x00000002   PAD
    0x08000184   0x0000001c   Code   RO         9497    !!handler_zi        c_w.l(__scatter_zi.o)
    0x080001a0   0x00000000   Code   RO         9029    .ARM.Collect$$_printf_percent$$00000000  c_w.l(_printf_percent.o)
    0x080001a0   0x00000006   Code   RO         9202    .ARM.Collect$$_printf_percent$$00000001  c_w.l(_printf_n.o)
    0x080001a6   0x00000006   Code   RO         9204    .ARM.Collect$$_printf_percent$$00000002  c_w.l(_printf_p.o)
    0x080001ac   0x00000006   Code   RO         9208    .ARM.Collect$$_printf_percent$$00000003  c_w.l(_printf_f.o)
    0x080001b2   0x00000006   Code   RO         9209    .ARM.Collect$$_printf_percent$$00000004  c_w.l(_printf_e.o)
    0x080001b8   0x00000006   Code   RO         9210    .ARM.Collect$$_printf_percent$$00000005  c_w.l(_printf_g.o)
    0x080001be   0x00000006   Code   RO         9211    .ARM.Collect$$_printf_percent$$00000006  c_w.l(_printf_a.o)
    0x080001c4   0x0000000a   Code   RO         9216    .ARM.Collect$$_printf_percent$$00000007  c_w.l(_printf_ll.o)
    0x080001ce   0x00000006   Code   RO         9206    .ARM.Collect$$_printf_percent$$00000008  c_w.l(_printf_i.o)
    0x080001d4   0x00000006   Code   RO         9028    .ARM.Collect$$_printf_percent$$00000009  c_w.l(_printf_d.o)
    0x080001da   0x00000006   Code   RO         9207    .ARM.Collect$$_printf_percent$$0000000A  c_w.l(_printf_u.o)
    0x080001e0   0x00000006   Code   RO         9205    .ARM.Collect$$_printf_percent$$0000000B  c_w.l(_printf_o.o)
    0x080001e6   0x00000006   Code   RO         9203    .ARM.Collect$$_printf_percent$$0000000C  c_w.l(_printf_x.o)
    0x080001ec   0x00000006   Code   RO         9213    .ARM.Collect$$_printf_percent$$0000000D  c_w.l(_printf_lli.o)
    0x080001f2   0x00000006   Code   RO         9214    .ARM.Collect$$_printf_percent$$0000000E  c_w.l(_printf_lld.o)
    0x080001f8   0x00000006   Code   RO         9215    .ARM.Collect$$_printf_percent$$0000000F  c_w.l(_printf_llu.o)
    0x080001fe   0x00000006   Code   RO         9220    .ARM.Collect$$_printf_percent$$00000010  c_w.l(_printf_llo.o)
    0x08000204   0x00000006   Code   RO         9221    .ARM.Collect$$_printf_percent$$00000011  c_w.l(_printf_llx.o)
    0x0800020a   0x0000000a   Code   RO         9217    .ARM.Collect$$_printf_percent$$00000012  c_w.l(_printf_l.o)
    0x08000214   0x00000006   Code   RO         9201    .ARM.Collect$$_printf_percent$$00000013  c_w.l(_printf_c.o)
    0x0800021a   0x00000006   Code   RO         9027    .ARM.Collect$$_printf_percent$$00000014  c_w.l(_printf_s.o)
    0x08000220   0x00000006   Code   RO         9218    .ARM.Collect$$_printf_percent$$00000015  c_w.l(_printf_lc.o)
    0x08000226   0x00000006   Code   RO         9219    .ARM.Collect$$_printf_percent$$00000016  c_w.l(_printf_ls.o)
    0x0800022c   0x00000004   Code   RO         9212    .ARM.Collect$$_printf_percent$$00000017  c_w.l(_printf_percent_end.o)
    0x08000230   0x00000002   Code   RO         9363    .ARM.Collect$$libinit$$00000000  c_w.l(libinit.o)
    0x08000232   0x00000000   Code   RO         9365    .ARM.Collect$$libinit$$00000002  c_w.l(libinit2.o)
    0x08000232   0x00000000   Code   RO         9368    .ARM.Collect$$libinit$$00000008  c_w.l(libinit2.o)
    0x08000232   0x00000000   Code   RO         9370    .ARM.Collect$$libinit$$0000000A  c_w.l(libinit2.o)
    0x08000232   0x00000000   Code   RO         9372    .ARM.Collect$$libinit$$0000000C  c_w.l(libinit2.o)
    0x08000232   0x00000006   Code   RO         9373    .ARM.Collect$$libinit$$0000000D  c_w.l(libinit2.o)
    0x08000238   0x00000000   Code   RO         9375    .ARM.Collect$$libinit$$0000000F  c_w.l(libinit2.o)
    0x08000238   0x0000000c   Code   RO         9376    .ARM.Collect$$libinit$$00000010  c_w.l(libinit2.o)
    0x08000244   0x00000000   Code   RO         9377    .ARM.Collect$$libinit$$00000011  c_w.l(libinit2.o)
    0x08000244   0x00000000   Code   RO         9379    .ARM.Collect$$libinit$$00000013  c_w.l(libinit2.o)
    0x08000244   0x0000000a   Code   RO         9380    .ARM.Collect$$libinit$$00000014  c_w.l(libinit2.o)
    0x0800024e   0x00000000   Code   RO         9381    .ARM.Collect$$libinit$$00000015  c_w.l(libinit2.o)
    0x0800024e   0x00000000   Code   RO         9383    .ARM.Collect$$libinit$$00000017  c_w.l(libinit2.o)
    0x0800024e   0x00000000   Code   RO         9385    .ARM.Collect$$libinit$$00000019  c_w.l(libinit2.o)
    0x0800024e   0x00000000   Code   RO         9387    .ARM.Collect$$libinit$$0000001B  c_w.l(libinit2.o)
    0x0800024e   0x00000000   Code   RO         9389    .ARM.Collect$$libinit$$0000001D  c_w.l(libinit2.o)
    0x0800024e   0x00000000   Code   RO         9391    .ARM.Collect$$libinit$$0000001F  c_w.l(libinit2.o)
    0x0800024e   0x00000000   Code   RO         9393    .ARM.Collect$$libinit$$00000021  c_w.l(libinit2.o)
    0x0800024e   0x00000000   Code   RO         9395    .ARM.Collect$$libinit$$00000023  c_w.l(libinit2.o)
    0x0800024e   0x00000000   Code   RO         9399    .ARM.Collect$$libinit$$0000002A  c_w.l(libinit2.o)
    0x0800024e   0x00000000   Code   RO         9401    .ARM.Collect$$libinit$$0000002C  c_w.l(libinit2.o)
    0x0800024e   0x00000000   Code   RO         9403    .ARM.Collect$$libinit$$0000002E  c_w.l(libinit2.o)
    0x0800024e   0x00000000   Code   RO         9405    .ARM.Collect$$libinit$$00000030  c_w.l(libinit2.o)
    0x0800024e   0x00000002   Code   RO         9406    .ARM.Collect$$libinit$$00000031  c_w.l(libinit2.o)
    0x08000250   0x00000002   Code   RO         9442    .ARM.Collect$$libshutdown$$00000000  c_w.l(libshutdown.o)
    0x08000252   0x00000000   Code   RO         9454    .ARM.Collect$$libshutdown$$00000003  c_w.l(libshutdown2.o)
    0x08000252   0x00000000   Code   RO         9457    .ARM.Collect$$libshutdown$$00000006  c_w.l(libshutdown2.o)
    0x08000252   0x00000000   Code   RO         9460    .ARM.Collect$$libshutdown$$00000009  c_w.l(libshutdown2.o)
    0x08000252   0x00000000   Code   RO         9462    .ARM.Collect$$libshutdown$$0000000B  c_w.l(libshutdown2.o)
    0x08000252   0x00000000   Code   RO         9465    .ARM.Collect$$libshutdown$$0000000E  c_w.l(libshutdown2.o)
    0x08000252   0x00000002   Code   RO         9466    .ARM.Collect$$libshutdown$$0000000F  c_w.l(libshutdown2.o)
    0x08000254   0x00000000   Code   RO         9150    .ARM.Collect$$rtentry$$00000000  c_w.l(rtentry.o)
    0x08000254   0x00000000   Code   RO         9268    .ARM.Collect$$rtentry$$00000002  c_w.l(rtentry2.o)
    0x08000254   0x00000006   Code   RO         9280    .ARM.Collect$$rtentry$$00000004  c_w.l(rtentry4.o)
    0x0800025a   0x00000000   Code   RO         9270    .ARM.Collect$$rtentry$$00000009  c_w.l(rtentry2.o)
    0x0800025a   0x00000004   Code   RO         9271    .ARM.Collect$$rtentry$$0000000A  c_w.l(rtentry2.o)
    0x0800025e   0x00000000   Code   RO         9273    .ARM.Collect$$rtentry$$0000000C  c_w.l(rtentry2.o)
    0x0800025e   0x00000008   Code   RO         9274    .ARM.Collect$$rtentry$$0000000D  c_w.l(rtentry2.o)
    0x08000266   0x00000002   Code   RO         9411    .ARM.Collect$$rtexit$$00000000  c_w.l(rtexit.o)
    0x08000268   0x00000000   Code   RO         9420    .ARM.Collect$$rtexit$$00000002  c_w.l(rtexit2.o)
    0x08000268   0x00000004   Code   RO         9421    .ARM.Collect$$rtexit$$00000003  c_w.l(rtexit2.o)
    0x0800026c   0x00000006   Code   RO         9422    .ARM.Collect$$rtexit$$00000004  c_w.l(rtexit2.o)
    0x08000272   0x00000002   PAD
    0x08000274   0x0000012c   Code   RO            1    .text               main.o
    0x080003a0   0x00000016   Code   RO          106    .text               stm32f10x_it.o
    0x080003b6   0x00000002   PAD
    0x080003b8   0x000001e0   Code   RO          121    .text               system_stm32f10x.o
    0x08000598   0x000002c4   Code   RO          139    .text               des.o
    0x0800085c   0x0000005c   Code   RO          171    .text               flashencode.o
    0x080008b8   0x00000040   Code   RO          206    .text               startup_stm32f10x_md.o
    0x080008f8   0x00000104   Code   RO          210    .text               delay.o
    0x080009fc   0x00000340   Code   RO          224    .text               sys.o
    0x08000d3c   0x00000580   Code   RO          251    .text               usart.o
    0x080012bc   0x000000dc   Code   RO          265    .text               misc.o
    0x08001398   0x000005bc   Code   RO          277    .text               stm32f10x_flash.o
    0x08001954   0x0000035c   Code   RO          289    .text               stm32f10x_gpio.o
    0x08001cb0   0x000003a4   Code   RO          301    .text               stm32f10x_rcc.o
    0x08002054   0x00000408   Code   RO          315    .text               stm32f10x_usart.o
    0x0800245c   0x00000354   Code   RO          373    .text               touch.o
    0x080027b0   0x0000088c   Code   RO          392    .text               os_core.o
    0x0800303c   0x000001b4   Code   RO          440    .text               os_mem.o
    0x080031f0   0x000005e8   Code   RO          458    .text               os_q.o
    0x080037d8   0x000007b4   Code   RO          482    .text               os_task.o
    0x08003f8c   0x000001b0   Code   RO          494    .text               os_time.o
    0x0800413c   0x000000ae   Code   RO          506    .text               os_cpu_c.o
    0x080041ea   0x00000002   PAD
    0x080041ec   0x000000b4   Code   RO          531    .text               os_cpu_a.o
    0x080042a0   0x000001ac   Code   RO         8926    .text               at_basecmd.o
    0x0800444c   0x000001b0   Code   RO         8945    .text               at_cmd.o
    0x080045fc   0x0000018c   Code   RO         8974    .text               at_port.o
    0x08004788   0x00000024   Code   RO         8995    .text               c_w.l(c89vsprintf.o)
    0x080047ac   0x0000002c   Code   RO         8997    .text               c_w.l(__2sprintf.o)
    0x080047d8   0x00000052   Code   RO         9003    .text               c_w.l(_printf_str.o)
    0x0800482a   0x00000002   PAD
    0x0800482c   0x00000074   Code   RO         9005    .text               c_w.l(_printf_dec.o)
    0x080048a0   0x00000188   Code   RO         9024    .text               c_w.l(__printf_flags_ss_wp.o)
    0x08004a28   0x0000003c   Code   RO         9030    .text               c_w.l(__0sscanf.o)
    0x08004a64   0x0000014c   Code   RO         9032    .text               c_w.l(_scanf_int.o)
    0x08004bb0   0x00000058   Code   RO         9034    .text               c_w.l(memcmp.o)
    0x08004c08   0x0000003e   Code   RO         9038    .text               c_w.l(strlen.o)
    0x08004c46   0x0000008a   Code   RO         9040    .text               c_w.l(rt_memcpy_v6.o)
    0x08004cd0   0x00000064   Code   RO         9044    .text               c_w.l(rt_memcpy_w.o)
    0x08004d34   0x00000006   Code   RO         9052    .text               c_w.l(heapauxi.o)
    0x08004d3a   0x00000002   PAD
    0x08004d3c   0x00000010   Code   RO         9151    .text               c_w.l(rt_ctype_table.o)
    0x08004d4c   0x0000004e   Code   RO         9155    .text               c_w.l(_printf_pad.o)
    0x08004d9a   0x00000024   Code   RO         9157    .text               c_w.l(_printf_truncate.o)
    0x08004dbe   0x000000b2   Code   RO         9159    .text               c_w.l(_printf_intcommon.o)
    0x08004e70   0x00000028   Code   RO         9161    .text               c_w.l(_printf_charcount.o)
    0x08004e98   0x00000030   Code   RO         9163    .text               c_w.l(_printf_char_common.o)
    0x08004ec8   0x0000000a   Code   RO         9165    .text               c_w.l(_sputc.o)
    0x08004ed2   0x0000002c   Code   RO         9167    .text               c_w.l(_printf_char.o)
    0x08004efe   0x00000002   PAD
    0x08004f00   0x000000bc   Code   RO         9169    .text               c_w.l(_printf_wctomb.o)
    0x08004fbc   0x00000078   Code   RO         9172    .text               c_w.l(_printf_longlong_dec.o)
    0x08005034   0x00000070   Code   RO         9178    .text               c_w.l(_printf_oct_int_ll.o)
    0x080050a4   0x00000094   Code   RO         9198    .text               c_w.l(_printf_hex_int_ll_ptr.o)
    0x08005138   0x0000001c   Code   RO         9222    .text               c_w.l(_chval.o)
    0x08005154   0x0000002c   Code   RO         9224    .text               c_w.l(scanf_char.o)
    0x08005180   0x00000040   Code   RO         9226    .text               c_w.l(_sgetc.o)
    0x080051c0   0x00000008   Code   RO         9285    .text               c_w.l(rt_locale_intlibspace.o)
    0x080051c8   0x0000008a   Code   RO         9292    .text               c_w.l(lludiv10.o)
    0x08005252   0x00000012   Code   RO         9294    .text               c_w.l(isspace.o)
    0x08005264   0x00000416   Code   RO         9296    .text               c_w.l(_printf_fp_dec.o)
    0x0800567a   0x0000002c   Code   RO         9300    .text               c_w.l(_printf_wchar.o)
    0x080056a6   0x00000002   PAD
    0x080056a8   0x0000036c   Code   RO         9302    .text               c_w.l(_scanf.o)
    0x08005a14   0x00000040   Code   RO         9304    .text               c_w.l(_wcrtomb.o)
    0x08005a54   0x00000008   Code   RO         9319    .text               c_w.l(libspace.o)
    0x08005a5c   0x0000004a   Code   RO         9322    .text               c_w.l(sys_stackheap_outer.o)
    0x08005aa6   0x00000002   PAD
    0x08005aa8   0x00000080   Code   RO         9324    .text               c_w.l(_printf_fp_infnan.o)
    0x08005b28   0x000000d8   Code   RO         9326    .text               c_w.l(bigflt0.o)
    0x08005c00   0x0000000c   Code   RO         9354    .text               c_w.l(exit.o)
    0x08005c0c   0x00000080   Code   RO         9356    .text               c_w.l(strcmpv7m.o)
    0x08005c8c   0x0000000c   Code   RO         9432    .text               c_w.l(sys_exit.o)
    0x08005c98   0x00000002   Code   RO         9443    .text               c_w.l(use_no_semi.o)
    0x08005c9a   0x00000000   Code   RO         9445    .text               c_w.l(indicate_semi.o)
    0x08005c9a   0x0000003e   Code   RO         9329    CL$$btod_d2e        c_w.l(btod.o)
    0x08005cd8   0x00000046   Code   RO         9331    CL$$btod_d2e_denorm_low  c_w.l(btod.o)
    0x08005d1e   0x00000060   Code   RO         9330    CL$$btod_d2e_norm_op1  c_w.l(btod.o)
    0x08005d7e   0x00000338   Code   RO         9339    CL$$btod_div_common  c_w.l(btod.o)
    0x080060b6   0x000000c6   Code   RO         9336    CL$$btod_e2e        c_w.l(btod.o)
    0x0800617c   0x00000028   Code   RO         9333    CL$$btod_ediv       c_w.l(btod.o)
    0x080061a4   0x00000028   Code   RO         9332    CL$$btod_emul       c_w.l(btod.o)
    0x080061cc   0x00000244   Code   RO         9338    CL$$btod_mult_common  c_w.l(btod.o)
    0x08006410   0x00000028   Code   RO         9315    i.__ARM_fpclassify  m_ws.l(fpclassify.o)
    0x08006438   0x0000000e   Code   RO         9017    i._is_digit         c_w.l(__printf_wp.o)
    0x08006446   0x00000002   PAD
    0x08006448   0x0000002c   Code   RO         9307    locale$$code        c_w.l(lc_ctype_c.o)
    0x08006474   0x0000002c   Code   RO         9352    locale$$code        c_w.l(lc_numeric_c.o)
    0x080064a0   0x000002b0   Code   RO         9065    x$fpl$ddiv          fz_ws.l(ddiv.o)
    0x08006750   0x0000005a   Code   RO         9072    x$fpl$dfixu         fz_ws.l(dfixu.o)
    0x080067aa   0x0000002e   Code   RO         9077    x$fpl$dflt          fz_ws.l(dflt_clz.o)
    0x080067d8   0x0000009c   Code   RO         9234    x$fpl$dnaninf       fz_ws.l(dnaninf.o)
    0x08006874   0x0000000c   Code   RO         9236    x$fpl$dretinf       fz_ws.l(dretinf.o)
    0x08006880   0x00000004   Code   RO         9248    x$fpl$printf1       fz_ws.l(printf1.o)
    0x08006884   0x00000000   Code   RO         9252    x$fpl$usenofp       fz_ws.l(usenofp.o)
    0x08006884   0x000003b0   Data   RO          141    .constdata          des.o
    0x08006c34   0x00000008   Data   RO          172    .constdata          flashencode.o
    0x08006c3c   0x00000100   Data   RO          394    .constdata          os_core.o
    0x08006d3c   0x00000011   Data   RO         9025    .constdata          c_w.l(__printf_flags_ss_wp.o)
    0x08006d4d   0x00000003   PAD
    0x08006d50   0x00000008   Data   RO         9170    .constdata          c_w.l(_printf_wctomb.o)
    0x08006d58   0x00000028   Data   RO         9199    .constdata          c_w.l(_printf_hex_int_ll_ptr.o)
    0x08006d80   0x00000094   Data   RO         9327    .constdata          c_w.l(bigflt0.o)
    0x08006e14   0x00000029   Data   RO         8946    .conststring        at_cmd.o
    0x08006e3d   0x00000003   PAD
    0x08006e40   0x00000020   Data   RO         9491    Region$$Table       anon$$obj.o
    0x08006e60   0x00000110   Data   RO         9306    locale$$data        c_w.l(lc_ctype_c.o)
    0x08006f70   0x0000001c   Data   RO         9351    locale$$data        c_w.l(lc_numeric_c.o)


    Execution Region RW_IRAM1 (Base: 0x20000000, Size: 0x00003968, Max: 0x00005000, ABSOLUTE, COMPRESSED[0x0000005c])

    Base Addr    Size         Type   Attr      Idx    E Section Name        Object

    0x20000000   0x00000014   Data   RW          122    .data               system_stm32f10x.o
    0x20000014   0x00000018   Data   RW          142    .data               des.o
    0x2000002c   0x00000008   Data   RW          211    .data               delay.o
    0x20000034   0x0000000c   Data   RW          226    .data               sys.o
    0x20000040   0x00000014   Data   RW          302    .data               stm32f10x_rcc.o
    0x20000054   0x00000002   Data   RW          375    .data               touch.o
    0x20000056   0x00000002   PAD
    0x20000058   0x00000048   Data   RW          395    .data               os_core.o
    0x200000a0   0x00000198   Data   RW         8947    .data               at_cmd.o
    0x20000238   0x00000010   Data   RW         8976    .data               at_port.o
    0x20000248   0x00001800   Zero   RW            2    .bss                main.o
    0x20001a48   0x00000080   Zero   RW          140    .bss                des.o
    0x20001ac8   0x00000a84   Zero   RW          225    .bss                sys.o
    0x2000254c   0x00000330   Zero   RW          252    .bss                usart.o
    0x2000287c   0x00000020   Zero   RW          374    .bss                touch.o
    0x2000289c   0x000009e8   Zero   RW          393    .bss                os_core.o
    0x20003284   0x00000080   Zero   RW         8975    .bss                at_port.o
    0x20003304   0x00000060   Zero   RW         9320    .bss                c_w.l(libspace.o)
    0x20003364   0x00000004   PAD
    0x20003368   0x00000200   Zero   RW          204    HEAP                startup_stm32f10x_md.o
    0x20003568   0x00000400   Zero   RW          203    STACK               startup_stm32f10x_md.o


==============================================================================

Image component sizes


      Code (inc. data)   RO Data    RW Data    ZI Data      Debug   Object Name

       428        116          0          0          0       2180   at_basecmd.o
       432         18         41        408          0       2225   at_cmd.o
       396         64          0         16        128       1948   at_port.o
         0          0          0          0          0         32   core_cm3.o
       260         20          0          8          0       1327   delay.o
       708         46        944         24        128       3298   des.o
        92         12          8          0          0       1144   flashencode.o
       300         22          0          0       6144     250248   main.o
       220         22          0          0          0       1865   misc.o
      2188        220        256         72       2536      14633   os_core.o
       180         36          0          0          0        332   os_cpu_a.o
       174          0          0          0          0      10232   os_cpu_c.o
       436         18          0          0          0       3052   os_mem.o
      1512         30          0          0          0       5525   os_q.o
      1972         68          0          0          0       7409   os_task.o
       432         30          0          0          0       1778   os_time.o
        64         26        236          0       1536        816   startup_stm32f10x_md.o
      1468         34          0          0          0       8094   stm32f10x_flash.o
       860         38          0          0          0       5713   stm32f10x_gpio.o
        22          0          0          0          0       1027   stm32f10x_it.o
       932         36          0         20          0       8900   stm32f10x_rcc.o
      1032         22          0          0          0       8436   stm32f10x_usart.o
       832        136          0         12       2692      20418   sys.o
       480         38          0         20          0       1831   system_stm32f10x.o
       852         32          0          2         32       4968   touch.o
      1408         32          0          0        816       4180   usart.o

    ----------------------------------------------------------------------
     17684       1116       1520        584      14012     371611   Object Totals
         0          0         32          0          0          0   (incl. Generated)
         4          0          3          2          0          0   (incl. Padding)

    ----------------------------------------------------------------------

      Code (inc. data)   RO Data    RW Data    ZI Data      Debug   Library Member Name

        60          8          0          0          0         84   __0sscanf.o
        44          6          0          0          0         84   __2sprintf.o
        90          0          0          0          0          0   __dczerorl2.o
         8          0          0          0          0         68   __main.o
       392          4         17          0          0         92   __printf_flags_ss_wp.o
        14          0          0          0          0         68   __printf_wp.o
        52          8          0          0          0          0   __scatter.o
        28          0          0          0          0          0   __scatter_zi.o
        28          0          0          0          0         68   _chval.o
         6          0          0          0          0          0   _printf_a.o
         6          0          0          0          0          0   _printf_c.o
        44          0          0          0          0        108   _printf_char.o
        48          6          0          0          0         96   _printf_char_common.o
        40          0          0          0          0         68   _printf_charcount.o
         6          0          0          0          0          0   _printf_d.o
       116         16          0          0          0         92   _printf_dec.o
         6          0          0          0          0          0   _printf_e.o
         6          0          0          0          0          0   _printf_f.o
      1046          0          0          0          0        216   _printf_fp_dec.o
       128         16          0          0          0         84   _printf_fp_infnan.o
         6          0          0          0          0          0   _printf_g.o
       148          4         40          0          0        160   _printf_hex_int_ll_ptr.o
         6          0          0          0          0          0   _printf_i.o
       178          0          0          0          0         88   _printf_intcommon.o
        10          0          0          0          0          0   _printf_l.o
         6          0          0          0          0          0   _printf_lc.o
        10          0          0          0          0          0   _printf_ll.o
         6          0          0          0          0          0   _printf_lld.o
         6          0          0          0          0          0   _printf_lli.o
         6          0          0          0          0          0   _printf_llo.o
         6          0          0          0          0          0   _printf_llu.o
         6          0          0          0          0          0   _printf_llx.o
       120         16          0          0          0         92   _printf_longlong_dec.o
         6          0          0          0          0          0   _printf_ls.o
         6          0          0          0          0          0   _printf_n.o
         6          0          0          0          0          0   _printf_o.o
       112          8          0          0          0        124   _printf_oct_int_ll.o
         6          0          0          0          0          0   _printf_p.o
        78          0          0          0          0        108   _printf_pad.o
         0          0          0          0          0          0   _printf_percent.o
         4          0          0          0          0          0   _printf_percent_end.o
         6          0          0          0          0          0   _printf_s.o
        82          0          0          0          0         80   _printf_str.o
        36          0          0          0          0         84   _printf_truncate.o
         6          0          0          0          0          0   _printf_u.o
        44          0          0          0          0        108   _printf_wchar.o
       188          6          8          0          0         92   _printf_wctomb.o
         6          0          0          0          0          0   _printf_x.o
       876          4          0          0          0        100   _scanf.o
       332          0          0          0          0         96   _scanf_int.o
        64          0          0          0          0         84   _sgetc.o
        10          0          0          0          0         68   _sputc.o
        64          0          0          0          0         92   _wcrtomb.o
       216          4        148          0          0         96   bigflt0.o
      1910        128          0          0          0        672   btod.o
        36          4          0          0          0         76   c89vsprintf.o
        12          0          0          0          0         72   exit.o
         6          0          0          0          0        152   heapauxi.o
         0          0          0          0          0          0   indicate_semi.o
        18          0          0          0          0         76   isspace.o
        44         10        272          0          0         76   lc_ctype_c.o
        44         10         28          0          0         76   lc_numeric_c.o
         2          0          0          0          0          0   libinit.o
        30          0          0          0          0          0   libinit2.o
         2          0          0          0          0          0   libshutdown.o
         2          0          0          0          0          0   libshutdown2.o
         8          4          0          0         96         68   libspace.o
       138          0          0          0          0         80   lludiv10.o
        88          0          0          0          0         76   memcmp.o
        16          4          0          0          0         76   rt_ctype_table.o
         8          4          0          0          0         68   rt_locale_intlibspace.o
       138          0          0          0          0         68   rt_memcpy_v6.o
       100          0          0          0          0         80   rt_memcpy_w.o
         0          0          0          0          0          0   rtentry.o
        12          0          0          0          0          0   rtentry2.o
         6          0          0          0          0          0   rtentry4.o
         2          0          0          0          0          0   rtexit.o
        10          0          0          0          0          0   rtexit2.o
        44          8          0          0          0         84   scanf_char.o
       128          0          0          0          0         68   strcmpv7m.o
        62          0          0          0          0         76   strlen.o
        12          4          0          0          0         68   sys_exit.o
        74          0          0          0          0         80   sys_stackheap_outer.o
         2          0          0          0          0         68   use_no_semi.o
       688        140          0          0          0        208   ddiv.o
        90          4          0          0          0         92   dfixu.o
        46          0          0          0          0         68   dflt_clz.o
       156          4          0          0          0         92   dnaninf.o
        12          0          0          0          0         68   dretinf.o
         4          0          0          0          0         68   printf1.o
         0          0          0          0          0          0   usenofp.o
        40          0          0          0          0         68   fpclassify.o

    ----------------------------------------------------------------------
      8836        430        516          0        100       5424   Library Totals
        16          0          3          0          4          0   (incl. Padding)

    ----------------------------------------------------------------------

      Code (inc. data)   RO Data    RW Data    ZI Data      Debug   Library Name

      7784        282        513          0         96       4760   c_w.l
       996        148          0          0          0        596   fz_ws.l
        40          0          0          0          0         68   m_ws.l

    ----------------------------------------------------------------------
      8836        430        516          0        100       5424   Library Totals

    ----------------------------------------------------------------------

==============================================================================


      Code (inc. data)   RO Data    RW Data    ZI Data      Debug   

     26520       1546       2036        584      14112     371883   Grand Totals
     26520       1546       2036         92      14112     371883   ELF Image Totals (compressed)
     26520       1546       2036         92          0          0   ROM Totals

==============================================================================

    Total RO  Size (Code + RO Data)                28556 (  27.89kB)
    Total RW  Size (RW Data + ZI Data)             14696 (  14.35kB)
    Total ROM Size (Code + RO Data + RW Data)      28648 (  27.98kB)

==============================================================================

