<html>
<body>
<pre>
<h1>礦ision Build Log</h1>
<h2>Project:</h2>
D:\学习\项目\STM32项目\工程模板\V10\Project\Pro\Demo.uvproj
Project File Date:  11/05/2013

<h2>Output:</h2>
Build target 'Target 1'
compiling main.c...
..\..\User\inc\stm32f10x.h(8297): error:  #5: cannot open source input file "stm32f10x_conf.h": No such file or directory
compiling stm32f10x_it.c...
..\..\User\inc\stm32f10x.h(8297): error:  #5: cannot open source input file "stm32f10x_conf.h": No such file or directory
compiling system_stm32f10x.c...
..\..\User\inc\stm32f10x.h(8297): error:  #5: cannot open source input file "stm32f10x_conf.h": No such file or directory
compiling core_cm3.c...
assembling startup_stm32f10x_md.s...
compiling misc.c...
..\..\User\inc\stm32f10x.h(8297): error:  #5: cannot open source input file "stm32f10x_conf.h": No such file or directory
compiling stm32f10x_flash.c...
..\..\User\inc\stm32f10x.h(8297): error:  #5: cannot open source input file "stm32f10x_conf.h": No such file or directory
compiling stm32f10x_gpio.c...
..\..\User\inc\stm32f10x.h(8297): error:  #5: cannot open source input file "stm32f10x_conf.h": No such file or directory
compiling stm32f10x_rcc.c...
..\..\User\inc\stm32f10x.h(8297): error:  #5: cannot open source input file "stm32f10x_conf.h": No such file or directory
Target not created
Build target 'Target 1'
compiling main.c...
..\..\User\src\main.c(7): warning:  #1-D: last line of file ends without a newline
compiling stm32f10x_it.c...
compiling system_stm32f10x.c...
compiling misc.c...
compiling stm32f10x_flash.c...
compiling stm32f10x_gpio.c...
compiling stm32f10x_rcc.c...
linking...
Program Size: Code=820 RO-data=268 RW-data=20 ZI-data=1636  
"..\Output\Demo.axf" - 0 Error(s), 1 Warning(s).
Build target 'Target 1'
compiling main.c...
compiling stm32f10x_it.c...
compiling system_stm32f10x.c...
compiling misc.c...
compiling stm32f10x_flash.c...
compiling stm32f10x_gpio.c...
compiling stm32f10x_rcc.c...
linking...
Program Size: Code=820 RO-data=268 RW-data=20 ZI-data=1636  
"..\Output\Demo.axf" - 0 Error(s), 0 Warning(s).
